<?xml version="1.0"?>
<link_info>
   <banner>TI ARM Linker PC v15.12.3.LTS</banner>
   <copyright>Copyright (c) 1996-2015 Texas Instruments Incorporated</copyright>
   <link_time>0x584876d6</link_time>
   <link_errors>0x0</link_errors>
   <output_file>Synth_3.out</output_file>
   <entry_point>
      <name>_c_int00</name>
      <address>0x34f1</address>
   </entry_point>
   <input_file_list>
      <input_file id="fl-2">
         <path>.\</path>
         <kind>object</kind>
         <file>configuration.obj</file>
         <name>configuration.obj</name>
      </input_file>
      <input_file id="fl-3">
         <path>.\</path>
         <kind>object</kind>
         <file>i2c.obj</file>
         <name>i2c.obj</name>
      </input_file>
      <input_file id="fl-4">
         <path>.\</path>
         <kind>object</kind>
         <file>main.obj</file>
         <name>main.obj</name>
      </input_file>
      <input_file id="fl-5">
         <path>.\</path>
         <kind>object</kind>
         <file>message_buffer.obj</file>
         <name>message_buffer.obj</name>
      </input_file>
      <input_file id="fl-6">
         <path>.\</path>
         <kind>object</kind>
         <file>midi.obj</file>
         <name>midi.obj</name>
      </input_file>
      <input_file id="fl-7">
         <path>.\</path>
         <kind>object</kind>
         <file>startup_msp432p401r_ccs.obj</file>
         <name>startup_msp432p401r_ccs.obj</name>
      </input_file>
      <input_file id="fl-8">
         <path>.\</path>
         <kind>object</kind>
         <file>system_msp432p401r.obj</file>
         <name>system_msp432p401r.obj</name>
      </input_file>
      <input_file id="fl-9">
         <path>.\</path>
         <kind>object</kind>
         <file>uart_put.obj</file>
         <name>uart_put.obj</name>
      </input_file>
      <input_file id="fl-a">
         <path>.\</path>
         <kind>object</kind>
         <file>waveform_generator.obj</file>
         <name>waveform_generator.obj</name>
      </input_file>
      <input_file id="fl-c4">
         <path>C:\ti\ccsv6\tools\compiler\arm_15.12.3.LTS\lib\</path>
         <kind>archive</kind>
         <file>rtsv7M4_T_le_v4SPD16_eabi.lib</file>
         <name>boot.obj</name>
      </input_file>
      <input_file id="fl-c5">
         <path>C:\ti\ccsv6\tools\compiler\arm_15.12.3.LTS\lib\</path>
         <kind>archive</kind>
         <file>rtsv7M4_T_le_v4SPD16_eabi.lib</file>
         <name>copy_decompress_none.obj</name>
      </input_file>
      <input_file id="fl-c6">
         <path>C:\ti\ccsv6\tools\compiler\arm_15.12.3.LTS\lib\</path>
         <kind>archive</kind>
         <file>rtsv7M4_T_le_v4SPD16_eabi.lib</file>
         <name>copy_decompress_rle.obj</name>
      </input_file>
      <input_file id="fl-c7">
         <path>C:\ti\ccsv6\tools\compiler\arm_15.12.3.LTS\lib\</path>
         <kind>archive</kind>
         <file>rtsv7M4_T_le_v4SPD16_eabi.lib</file>
         <name>copy_zero_init.obj</name>
      </input_file>
      <input_file id="fl-c8">
         <path>C:\ti\ccsv6\tools\compiler\arm_15.12.3.LTS\lib\</path>
         <kind>archive</kind>
         <file>rtsv7M4_T_le_v4SPD16_eabi.lib</file>
         <name>e_pow.obj</name>
      </input_file>
      <input_file id="fl-c9">
         <path>C:\ti\ccsv6\tools\compiler\arm_15.12.3.LTS\lib\</path>
         <kind>archive</kind>
         <file>rtsv7M4_T_le_v4SPD16_eabi.lib</file>
         <name>e_sqrt.obj</name>
      </input_file>
      <input_file id="fl-ca">
         <path>C:\ti\ccsv6\tools\compiler\arm_15.12.3.LTS\lib\</path>
         <kind>archive</kind>
         <file>rtsv7M4_T_le_v4SPD16_eabi.lib</file>
         <name>errno.obj</name>
      </input_file>
      <input_file id="fl-cb">
         <path>C:\ti\ccsv6\tools\compiler\arm_15.12.3.LTS\lib\</path>
         <kind>archive</kind>
         <file>rtsv7M4_T_le_v4SPD16_eabi.lib</file>
         <name>exit.obj</name>
      </input_file>
      <input_file id="fl-cc">
         <path>C:\ti\ccsv6\tools\compiler\arm_15.12.3.LTS\lib\</path>
         <kind>archive</kind>
         <file>rtsv7M4_T_le_v4SPD16_eabi.lib</file>
         <name>fd_add_t2.obj</name>
      </input_file>
      <input_file id="fl-cd">
         <path>C:\ti\ccsv6\tools\compiler\arm_15.12.3.LTS\lib\</path>
         <kind>archive</kind>
         <file>rtsv7M4_T_le_v4SPD16_eabi.lib</file>
         <name>fd_cmp_t2.obj</name>
      </input_file>
      <input_file id="fl-ce">
         <path>C:\ti\ccsv6\tools\compiler\arm_15.12.3.LTS\lib\</path>
         <kind>archive</kind>
         <file>rtsv7M4_T_le_v4SPD16_eabi.lib</file>
         <name>fd_div_t2.obj</name>
      </input_file>
      <input_file id="fl-cf">
         <path>C:\ti\ccsv6\tools\compiler\arm_15.12.3.LTS\lib\</path>
         <kind>archive</kind>
         <file>rtsv7M4_T_le_v4SPD16_eabi.lib</file>
         <name>fd_mul_t2.obj</name>
      </input_file>
      <input_file id="fl-d0">
         <path>C:\ti\ccsv6\tools\compiler\arm_15.12.3.LTS\lib\</path>
         <kind>archive</kind>
         <file>rtsv7M4_T_le_v4SPD16_eabi.lib</file>
         <name>fd_tos_t2.obj</name>
      </input_file>
      <input_file id="fl-d1">
         <path>C:\ti\ccsv6\tools\compiler\arm_15.12.3.LTS\lib\</path>
         <kind>archive</kind>
         <file>rtsv7M4_T_le_v4SPD16_eabi.lib</file>
         <name>fd_tou_t2.obj</name>
      </input_file>
      <input_file id="fl-d2">
         <path>C:\ti\ccsv6\tools\compiler\arm_15.12.3.LTS\lib\</path>
         <kind>archive</kind>
         <file>rtsv7M4_T_le_v4SPD16_eabi.lib</file>
         <name>fs_tod_t2.obj</name>
      </input_file>
      <input_file id="fl-d3">
         <path>C:\ti\ccsv6\tools\compiler\arm_15.12.3.LTS\lib\</path>
         <kind>archive</kind>
         <file>rtsv7M4_T_le_v4SPD16_eabi.lib</file>
         <name>i_tofd_t2.obj</name>
      </input_file>
      <input_file id="fl-d4">
         <path>C:\ti\ccsv6\tools\compiler\arm_15.12.3.LTS\lib\</path>
         <kind>archive</kind>
         <file>rtsv7M4_T_le_v4SPD16_eabi.lib</file>
         <name>memcpy_t2.obj</name>
      </input_file>
      <input_file id="fl-d5">
         <path>C:\ti\ccsv6\tools\compiler\arm_15.12.3.LTS\lib\</path>
         <kind>archive</kind>
         <file>rtsv7M4_T_le_v4SPD16_eabi.lib</file>
         <name>memmov.obj</name>
      </input_file>
      <input_file id="fl-d6">
         <path>C:\ti\ccsv6\tools\compiler\arm_15.12.3.LTS\lib\</path>
         <kind>archive</kind>
         <file>rtsv7M4_T_le_v4SPD16_eabi.lib</file>
         <name>memory.obj</name>
      </input_file>
      <input_file id="fl-d7">
         <path>C:\ti\ccsv6\tools\compiler\arm_15.12.3.LTS\lib\</path>
         <kind>archive</kind>
         <file>rtsv7M4_T_le_v4SPD16_eabi.lib</file>
         <name>memset_t2.obj</name>
      </input_file>
      <input_file id="fl-d8">
         <path>C:\ti\ccsv6\tools\compiler\arm_15.12.3.LTS\lib\</path>
         <kind>archive</kind>
         <file>rtsv7M4_T_le_v4SPD16_eabi.lib</file>
         <name>mpu_init.obj</name>
      </input_file>
      <input_file id="fl-d9">
         <path>C:\ti\ccsv6\tools\compiler\arm_15.12.3.LTS\lib\</path>
         <kind>archive</kind>
         <file>rtsv7M4_T_le_v4SPD16_eabi.lib</file>
         <name>pre_init.obj</name>
      </input_file>
      <input_file id="fl-da">
         <path>C:\ti\ccsv6\tools\compiler\arm_15.12.3.LTS\lib\</path>
         <kind>archive</kind>
         <file>rtsv7M4_T_le_v4SPD16_eabi.lib</file>
         <name>s_scalbn.obj</name>
      </input_file>
      <input_file id="fl-db">
         <path>C:\ti\ccsv6\tools\compiler\arm_15.12.3.LTS\lib\</path>
         <kind>archive</kind>
         <file>rtsv7M4_T_le_v4SPD16_eabi.lib</file>
         <name>s_sin.obj</name>
      </input_file>
      <input_file id="fl-dc">
         <path>C:\ti\ccsv6\tools\compiler\arm_15.12.3.LTS\lib\</path>
         <kind>archive</kind>
         <file>rtsv7M4_T_le_v4SPD16_eabi.lib</file>
         <name>stkdepth_vars.obj</name>
      </input_file>
      <input_file id="fl-dd">
         <path>C:\ti\ccsv6\tools\compiler\arm_15.12.3.LTS\lib\</path>
         <kind>archive</kind>
         <file>rtsv7M4_T_le_v4SPD16_eabi.lib</file>
         <name>_lock.obj</name>
      </input_file>
      <input_file id="fl-de">
         <path>C:\ti\ccsv6\tools\compiler\arm_15.12.3.LTS\lib\</path>
         <kind>archive</kind>
         <file>rtsv7M4_T_le_v4SPD16_eabi.lib</file>
         <name>args_main.obj</name>
      </input_file>
      <input_file id="fl-df">
         <path>C:\ti\ccsv6\tools\compiler\arm_15.12.3.LTS\lib\</path>
         <kind>archive</kind>
         <file>rtsv7M4_T_le_v4SPD16_eabi.lib</file>
         <name>autoinit.obj</name>
      </input_file>
      <input_file id="fl-e0">
         <path>C:\ti\ccsv6\tools\compiler\arm_15.12.3.LTS\lib\</path>
         <kind>archive</kind>
         <file>rtsv7M4_T_le_v4SPD16_eabi.lib</file>
         <name>cpy_tbl.obj</name>
      </input_file>
      <input_file id="fl-e1">
         <path>C:\ti\ccsv6\tools\compiler\arm_15.12.3.LTS\lib\</path>
         <kind>archive</kind>
         <file>rtsv7M4_T_le_v4SPD16_eabi.lib</file>
         <name>fd_toi_t2.obj</name>
      </input_file>
      <input_file id="fl-e2">
         <path>C:\ti\ccsv6\tools\compiler\arm_15.12.3.LTS\lib\</path>
         <kind>archive</kind>
         <file>rtsv7M4_T_le_v4SPD16_eabi.lib</file>
         <name>k_cos.obj</name>
      </input_file>
      <input_file id="fl-e3">
         <path>C:\ti\ccsv6\tools\compiler\arm_15.12.3.LTS\lib\</path>
         <kind>archive</kind>
         <file>rtsv7M4_T_le_v4SPD16_eabi.lib</file>
         <name>k_rem_pio2.obj</name>
      </input_file>
      <input_file id="fl-e4">
         <path>C:\ti\ccsv6\tools\compiler\arm_15.12.3.LTS\lib\</path>
         <kind>archive</kind>
         <file>rtsv7M4_T_le_v4SPD16_eabi.lib</file>
         <name>k_sin.obj</name>
      </input_file>
      <input_file id="fl-e5">
         <path>C:\ti\ccsv6\tools\compiler\arm_15.12.3.LTS\lib\</path>
         <kind>archive</kind>
         <file>rtsv7M4_T_le_v4SPD16_eabi.lib</file>
         <name>s_copysign.obj</name>
      </input_file>
      <input_file id="fl-e6">
         <path>C:\ti\ccsv6\tools\compiler\arm_15.12.3.LTS\lib\</path>
         <kind>archive</kind>
         <file>rtsv7M4_T_le_v4SPD16_eabi.lib</file>
         <name>s_floor.obj</name>
      </input_file>
      <input_file id="fl-e7">
         <path>C:\ti\ccsv6\tools\compiler\arm_15.12.3.LTS\lib\</path>
         <kind>archive</kind>
         <file>rtsv7M4_T_le_v4SPD16_eabi.lib</file>
         <name>startup.obj</name>
      </input_file>
   </input_file_list>
   <object_component_list>
      <object_component id="oc-2c">
         <name>.intvecs:retain</name>
         <load_address>0x0</load_address>
         <run_address>0x0</run_address>
         <size>0xe4</size>
         <input_file_ref idref="fl-7"/>
      </object_component>
      <object_component id="oc-167">
         <name>.text</name>
         <load_address>0xe4</load_address>
         <run_address>0xe4</run_address>
         <size>0x9ac</size>
         <input_file_ref idref="fl-c8"/>
      </object_component>
      <object_component id="oc-1af">
         <name>.text</name>
         <load_address>0xa90</load_address>
         <run_address>0xa90</run_address>
         <size>0x740</size>
         <input_file_ref idref="fl-e3"/>
      </object_component>
      <object_component id="oc-145">
         <name>.text</name>
         <load_address>0x11d0</load_address>
         <run_address>0x11d0</run_address>
         <size>0x5d0</size>
         <input_file_ref idref="fl-db"/>
      </object_component>
      <object_component id="oc-d5">
         <name>.text</name>
         <load_address>0x17a0</load_address>
         <run_address>0x17a0</run_address>
         <size>0x3dc</size>
         <input_file_ref idref="fl-d6"/>
      </object_component>
      <object_component id="oc-c2">
         <name>.text</name>
         <load_address>0x1b7c</load_address>
         <run_address>0x1b7c</run_address>
         <size>0x32c</size>
         <input_file_ref idref="fl-8"/>
      </object_component>
      <object_component id="oc-cf">
         <name>.text</name>
         <load_address>0x1ea8</load_address>
         <run_address>0x1ea8</run_address>
         <size>0x2d0</size>
         <input_file_ref idref="fl-2"/>
      </object_component>
      <object_component id="oc-80">
         <name>.text</name>
         <load_address>0x2178</load_address>
         <run_address>0x2178</run_address>
         <size>0x1d8</size>
         <input_file_ref idref="fl-4"/>
      </object_component>
      <object_component id="oc-150">
         <name>.text</name>
         <load_address>0x2350</load_address>
         <run_address>0x2350</run_address>
         <size>0x1b6</size>
         <input_file_ref idref="fl-cc"/>
      </object_component>
      <object_component id="oc-58">
         <name>.text</name>
         <load_address>0x2506</load_address>
         <run_address>0x2506</run_address>
         <size>0x2</size>
         <input_file_ref idref="fl-d8"/>
      </object_component>
      <object_component id="oc-e1">
         <name>.text</name>
         <load_address>0x2508</load_address>
         <run_address>0x2508</run_address>
         <size>0x19c</size>
         <input_file_ref idref="fl-6"/>
      </object_component>
      <object_component id="oc-19f">
         <name>.text</name>
         <load_address>0x26a4</load_address>
         <run_address>0x26a4</run_address>
         <size>0x174</size>
         <input_file_ref idref="fl-e4"/>
      </object_component>
      <object_component id="oc-1ca">
         <name>.text</name>
         <load_address>0x2818</load_address>
         <run_address>0x2818</run_address>
         <size>0x170</size>
         <input_file_ref idref="fl-c9"/>
      </object_component>
      <object_component id="oc-1b5">
         <name>.text</name>
         <load_address>0x2988</load_address>
         <run_address>0x2988</run_address>
         <size>0x16c</size>
         <input_file_ref idref="fl-e2"/>
      </object_component>
      <object_component id="oc-162">
         <name>.text</name>
         <load_address>0x2af4</load_address>
         <run_address>0x2af4</run_address>
         <size>0x136</size>
         <input_file_ref idref="fl-ce"/>
      </object_component>
      <object_component id="oc-c9">
         <name>.text</name>
         <load_address>0x2c2a</load_address>
         <run_address>0x2c2a</run_address>
         <size>0x11a</size>
         <input_file_ref idref="fl-5"/>
      </object_component>
      <object_component id="oc-14b">
         <name>.text</name>
         <load_address>0x2d44</load_address>
         <run_address>0x2d44</run_address>
         <size>0xfc</size>
         <input_file_ref idref="fl-cf"/>
      </object_component>
      <object_component id="oc-1db">
         <name>.text</name>
         <load_address>0x2e40</load_address>
         <run_address>0x2e40</run_address>
         <size>0xfc</size>
         <input_file_ref idref="fl-da"/>
      </object_component>
      <object_component id="oc-1ee">
         <name>.text</name>
         <load_address>0x2f3c</load_address>
         <run_address>0x2f3c</run_address>
         <size>0xf8</size>
         <input_file_ref idref="fl-e6"/>
      </object_component>
      <object_component id="oc-db">
         <name>.text</name>
         <load_address>0x3034</load_address>
         <run_address>0x3034</run_address>
         <size>0xf0</size>
         <input_file_ref idref="fl-a"/>
      </object_component>
      <object_component id="oc-33">
         <name>.text</name>
         <load_address>0x3124</load_address>
         <run_address>0x3124</run_address>
         <size>0x9c</size>
         <input_file_ref idref="fl-d4"/>
      </object_component>
      <object_component id="oc-1aa">
         <name>.text:__aeabi_cdcmple</name>
         <load_address>0x31c0</load_address>
         <run_address>0x31c0</run_address>
         <size>0x86</size>
         <input_file_ref idref="fl-cd"/>
      </object_component>
      <object_component id="oc-1d6">
         <name>.text:__aeabi_cdrcmple</name>
         <load_address>0x3246</load_address>
         <run_address>0x3246</run_address>
         <size>0x86</size>
         <input_file_ref idref="fl-cd"/>
      </object_component>
      <object_component id="oc-4c">
         <name>.text</name>
         <load_address>0x32cc</load_address>
         <run_address>0x32cc</run_address>
         <size>0x7a</size>
         <input_file_ref idref="fl-d7"/>
      </object_component>
      <object_component id="oc-ad">
         <name>.text</name>
         <load_address>0x3346</load_address>
         <run_address>0x3346</run_address>
         <size>0x2</size>
         <input_file_ref idref="fl-e7"/>
      </object_component>
      <object_component id="oc-64">
         <name>.text</name>
         <load_address>0x3348</load_address>
         <run_address>0x3348</run_address>
         <size>0x70</size>
         <input_file_ref idref="fl-df"/>
      </object_component>
      <object_component id="oc-16d">
         <name>.text</name>
         <load_address>0x33b8</load_address>
         <run_address>0x33b8</run_address>
         <size>0x6e</size>
         <input_file_ref idref="fl-d0"/>
      </object_component>
      <object_component id="oc-3f">
         <name>.text</name>
         <load_address>0x3426</load_address>
         <run_address>0x3426</run_address>
         <size>0x6a</size>
         <input_file_ref idref="fl-c6"/>
      </object_component>
      <object_component id="oc-e7">
         <name>.text</name>
         <load_address>0x3490</load_address>
         <run_address>0x3490</run_address>
         <size>0x60</size>
         <input_file_ref idref="fl-9"/>
      </object_component>
      <object_component id="oc-26">
         <name>.text</name>
         <load_address>0x34f0</load_address>
         <run_address>0x34f0</run_address>
         <size>0x54</size>
         <input_file_ref idref="fl-c4"/>
      </object_component>
      <object_component id="oc-70">
         <name>.text</name>
         <load_address>0x3544</load_address>
         <run_address>0x3544</run_address>
         <size>0x54</size>
         <input_file_ref idref="fl-cb"/>
      </object_component>
      <object_component id="oc-a7">
         <name>.text</name>
         <load_address>0x3598</load_address>
         <run_address>0x3598</run_address>
         <size>0x4c</size>
         <input_file_ref idref="fl-e0"/>
      </object_component>
      <object_component id="oc-19a">
         <name>.text</name>
         <load_address>0x35e4</load_address>
         <run_address>0x35e4</run_address>
         <size>0x48</size>
         <input_file_ref idref="fl-e1"/>
      </object_component>
      <object_component id="oc-155">
         <name>.text</name>
         <load_address>0x362c</load_address>
         <run_address>0x362c</run_address>
         <size>0x44</size>
         <input_file_ref idref="fl-d1"/>
      </object_component>
      <object_component id="oc-140">
         <name>.text</name>
         <load_address>0x3670</load_address>
         <run_address>0x3670</run_address>
         <size>0x38</size>
         <input_file_ref idref="fl-d2"/>
      </object_component>
      <object_component id="oc-1a5">
         <name>.text</name>
         <load_address>0x36a8</load_address>
         <run_address>0x36a8</run_address>
         <size>0x2e</size>
         <input_file_ref idref="fl-d3"/>
      </object_component>
      <object_component id="oc-15c">
         <name>.text</name>
         <load_address>0x36d6</load_address>
         <run_address>0x36d6</run_address>
         <size>0x24</size>
         <input_file_ref idref="fl-d5"/>
      </object_component>
      <object_component id="oc-6a">
         <name>.text</name>
         <load_address>0x36fc</load_address>
         <run_address>0x36fc</run_address>
         <size>0x18</size>
         <input_file_ref idref="fl-de"/>
      </object_component>
      <object_component id="oc-11e">
         <name>.text</name>
         <load_address>0x3714</load_address>
         <run_address>0x3714</run_address>
         <size>0x14</size>
         <input_file_ref idref="fl-dd"/>
      </object_component>
      <object_component id="oc-20c">
         <name>.text</name>
         <load_address>0x3728</load_address>
         <run_address>0x3728</run_address>
         <size>0x14</size>
         <input_file_ref idref="fl-e5"/>
      </object_component>
      <object_component id="oc-14">
         <name>.text:decompress:none</name>
         <load_address>0x373c</load_address>
         <run_address>0x373c</run_address>
         <size>0xe</size>
         <input_file_ref idref="fl-c5"/>
      </object_component>
      <object_component id="oc-7a">
         <name>.text</name>
         <load_address>0x374a</load_address>
         <run_address>0x374a</run_address>
         <size>0xe</size>
         <input_file_ref idref="fl-7"/>
      </object_component>
      <object_component id="oc-1a">
         <name>.text:decompress:rle24</name>
         <load_address>0x3758</load_address>
         <run_address>0x3758</run_address>
         <size>0x6</size>
         <input_file_ref idref="fl-c6"/>
      </object_component>
      <object_component id="oc-5e">
         <name>.text</name>
         <load_address>0x375e</load_address>
         <run_address>0x375e</run_address>
         <size>0x4</size>
         <input_file_ref idref="fl-d9"/>
      </object_component>
      <object_component id="oc-1f4">
         <name>.const:$O1$$</name>
         <load_address>0x3768</load_address>
         <run_address>0x3768</run_address>
         <size>0x158</size>
         <input_file_ref idref="fl-e3"/>
      </object_component>
      <object_component id="oc-1d3">
         <name>.const:$O1$$</name>
         <load_address>0x38c0</load_address>
         <run_address>0x38c0</run_address>
         <size>0x30</size>
         <input_file_ref idref="fl-c8"/>
      </object_component>
      <object_component id="oc-24e">
         <name>.cinit..data.load</name>
         <load_address>0x38f0</load_address>
         <run_address>0x38f0</run_address>
         <size>0x23</size>
      </object_component>
      <object_component id="oc-24f">
         <name>.cinit..bss.load</name>
         <load_address>0x3918</load_address>
         <run_address>0x3918</run_address>
         <size>0x9</size>
      </object_component>
      <object_component id="oc-24c">
         <name>__TI_handler_table</name>
         <load_address>0x3924</load_address>
         <run_address>0x3924</run_address>
         <size>0x8</size>
      </object_component>
      <object_component id="oc-24d">
         <name>__TI_cinit_table</name>
         <load_address>0x392c</load_address>
         <run_address>0x392c</run_address>
         <size>0x10</size>
      </object_component>
      <object_component id="oc-229">
         <name>.binit</name>
         <load_address>0x0</load_address>
         <run_address>0x0</run_address>
         <size>0x0</size>
      </object_component>
      <object_component id="oc-12a">
         <name>.data</name>
         <load_address>0x20000428</load_address>
         <run_address>0x20000428</run_address>
         <size>0x4</size>
         <input_file_ref idref="fl-8"/>
      </object_component>
      <object_component id="oc-1d0">
         <name>.data</name>
         <load_address>0x20000420</load_address>
         <run_address>0x20000420</run_address>
         <size>0x4</size>
         <input_file_ref idref="fl-ca"/>
      </object_component>
      <object_component id="oc-b7">
         <name>.data:$O1$$</name>
         <load_address>0x20000400</load_address>
         <run_address>0x20000400</run_address>
         <size>0xc</size>
         <input_file_ref idref="fl-cb"/>
      </object_component>
      <object_component id="oc-13c">
         <name>.data:$O1$$</name>
         <load_address>0x2000040c</load_address>
         <run_address>0x2000040c</run_address>
         <size>0xc</size>
         <input_file_ref idref="fl-d6"/>
      </object_component>
      <object_component id="oc-76">
         <name>.data</name>
         <load_address>0x20000424</load_address>
         <run_address>0x20000424</run_address>
         <size>0x4</size>
         <input_file_ref idref="fl-dc"/>
      </object_component>
      <object_component id="oc-ba">
         <name>.data:$O1$$</name>
         <load_address>0x20000418</load_address>
         <run_address>0x20000418</run_address>
         <size>0x8</size>
         <input_file_ref idref="fl-dd"/>
      </object_component>
      <object_component id="oc-f1">
         <name>.common:current_message</name>
         <uninitialized>true</uninitialized>
         <run_address>0x20000444</run_address>
         <size>0x5</size>
      </object_component>
      <object_component id="oc-ed">
         <name>.common:message_buf</name>
         <uninitialized>true</uninitialized>
         <run_address>0x2000042c</run_address>
         <size>0x10</size>
      </object_component>
      <object_component id="oc-f0">
         <name>.common:channel1</name>
         <uninitialized>true</uninitialized>
         <run_address>0x2000043c</run_address>
         <size>0x8</size>
      </object_component>
      <object_component id="oc-30">
         <name>.sysmem</name>
         <uninitialized>true</uninitialized>
         <run_address>0x20000000</run_address>
         <size>0x8</size>
         <input_file_ref idref="fl-d6"/>
      </object_component>
      <object_component id="oc-251">
         <name>.sysmem</name>
         <uninitialized>true</uninitialized>
         <run_address>0x20000000</run_address>
         <size>0x0</size>
      </object_component>
      <object_component id="oc-2f">
         <name>.stack</name>
         <uninitialized>true</uninitialized>
         <run_address>0x2000fe00</run_address>
         <size>0x0</size>
         <input_file_ref idref="fl-c4"/>
      </object_component>
      <object_component id="oc-250">
         <name>.stack</name>
         <uninitialized>true</uninitialized>
         <run_address>0x2000fe00</run_address>
         <size>0x0</size>
      </object_component>
      <object_component id="oc-136">
         <name>.debug_info</name>
         <load_address>0x0</load_address>
         <run_address>0x0</run_address>
         <size>0x3d5</size>
         <input_file_ref idref="fl-2"/>
      </object_component>
      <object_component id="oc-d0">
         <name>.debug_info</name>
         <load_address>0x3d5</load_address>
         <run_address>0x3d5</run_address>
         <size>0x519</size>
         <input_file_ref idref="fl-2"/>
      </object_component>
      <object_component id="oc-178">
         <name>.debug_info</name>
         <load_address>0x8ee</load_address>
         <run_address>0x8ee</run_address>
         <size>0x103e</size>
         <input_file_ref idref="fl-2"/>
      </object_component>
      <object_component id="oc-137">
         <name>.debug_info</name>
         <load_address>0x192c</load_address>
         <run_address>0x192c</run_address>
         <size>0x37a3</size>
         <input_file_ref idref="fl-2"/>
      </object_component>
      <object_component id="oc-182">
         <name>.debug_info</name>
         <load_address>0x50cf</load_address>
         <run_address>0x50cf</run_address>
         <size>0x110</size>
         <input_file_ref idref="fl-2"/>
      </object_component>
      <object_component id="oc-95">
         <name>.debug_info</name>
         <load_address>0x51df</load_address>
         <run_address>0x51df</run_address>
         <size>0x84</size>
         <input_file_ref idref="fl-2"/>
      </object_component>
      <object_component id="oc-f3">
         <name>.debug_info</name>
         <load_address>0x5263</load_address>
         <run_address>0x5263</run_address>
         <size>0x18b</size>
         <input_file_ref idref="fl-2"/>
      </object_component>
      <object_component id="oc-ee">
         <name>.debug_info</name>
         <load_address>0x53ee</load_address>
         <run_address>0x53ee</run_address>
         <size>0x761</size>
         <input_file_ref idref="fl-4"/>
      </object_component>
      <object_component id="oc-81">
         <name>.debug_info</name>
         <load_address>0x5b4f</load_address>
         <run_address>0x5b4f</run_address>
         <size>0x523</size>
         <input_file_ref idref="fl-4"/>
      </object_component>
      <object_component id="oc-12f">
         <name>.debug_info</name>
         <load_address>0x6072</load_address>
         <run_address>0x6072</run_address>
         <size>0xdd</size>
         <input_file_ref idref="fl-4"/>
      </object_component>
      <object_component id="oc-17d">
         <name>.debug_info</name>
         <load_address>0x614f</load_address>
         <run_address>0x614f</run_address>
         <size>0x144</size>
         <input_file_ref idref="fl-4"/>
      </object_component>
      <object_component id="oc-134">
         <name>.debug_info</name>
         <load_address>0x6293</load_address>
         <run_address>0x6293</run_address>
         <size>0x404</size>
         <input_file_ref idref="fl-5"/>
      </object_component>
      <object_component id="oc-ca">
         <name>.debug_info</name>
         <load_address>0x6697</load_address>
         <run_address>0x6697</run_address>
         <size>0x49b</size>
         <input_file_ref idref="fl-5"/>
      </object_component>
      <object_component id="oc-173">
         <name>.debug_info</name>
         <load_address>0x6b32</load_address>
         <run_address>0x6b32</run_address>
         <size>0x1d2</size>
         <input_file_ref idref="fl-6"/>
      </object_component>
      <object_component id="oc-e2">
         <name>.debug_info</name>
         <load_address>0x6d04</load_address>
         <run_address>0x6d04</run_address>
         <size>0x4c2</size>
         <input_file_ref idref="fl-6"/>
      </object_component>
      <object_component id="oc-88">
         <name>.debug_info</name>
         <load_address>0x71c6</load_address>
         <run_address>0x71c6</run_address>
         <size>0x138</size>
         <input_file_ref idref="fl-7"/>
      </object_component>
      <object_component id="oc-2d">
         <name>.debug_info</name>
         <load_address>0x72fe</load_address>
         <run_address>0x72fe</run_address>
         <size>0x110</size>
         <input_file_ref idref="fl-7"/>
      </object_component>
      <object_component id="oc-7b">
         <name>.debug_info</name>
         <load_address>0x740e</load_address>
         <run_address>0x740e</run_address>
         <size>0x1d7</size>
         <input_file_ref idref="fl-7"/>
      </object_component>
      <object_component id="oc-12b">
         <name>.debug_info</name>
         <load_address>0x75e5</load_address>
         <run_address>0x75e5</run_address>
         <size>0x109</size>
         <input_file_ref idref="fl-8"/>
      </object_component>
      <object_component id="oc-c3">
         <name>.debug_info</name>
         <load_address>0x76ee</load_address>
         <run_address>0x76ee</run_address>
         <size>0x27b</size>
         <input_file_ref idref="fl-8"/>
      </object_component>
      <object_component id="oc-175">
         <name>.debug_info</name>
         <load_address>0x7969</load_address>
         <run_address>0x7969</run_address>
         <size>0x3a2</size>
         <input_file_ref idref="fl-9"/>
      </object_component>
      <object_component id="oc-ea">
         <name>.debug_info</name>
         <load_address>0x7d0b</load_address>
         <run_address>0x7d0b</run_address>
         <size>0x2a2</size>
         <input_file_ref idref="fl-9"/>
      </object_component>
      <object_component id="oc-15b">
         <name>.debug_info</name>
         <load_address>0x7fad</load_address>
         <run_address>0x7fad</run_address>
         <size>0x1a7</size>
         <input_file_ref idref="fl-a"/>
      </object_component>
      <object_component id="oc-dc">
         <name>.debug_info</name>
         <load_address>0x8154</load_address>
         <run_address>0x8154</run_address>
         <size>0x344</size>
         <input_file_ref idref="fl-a"/>
      </object_component>
      <object_component id="oc-9d">
         <name>.debug_info</name>
         <load_address>0x8498</load_address>
         <run_address>0x8498</run_address>
         <size>0x2c</size>
         <input_file_ref idref="fl-a"/>
      </object_component>
      <object_component id="oc-27">
         <name>.debug_info</name>
         <load_address>0x84c4</load_address>
         <run_address>0x84c4</run_address>
         <size>0x161</size>
         <input_file_ref idref="fl-c4"/>
      </object_component>
      <object_component id="oc-3e">
         <name>.debug_info</name>
         <load_address>0x8625</load_address>
         <run_address>0x8625</run_address>
         <size>0x141</size>
         <input_file_ref idref="fl-c5"/>
      </object_component>
      <object_component id="oc-18">
         <name>.debug_info</name>
         <load_address>0x8766</load_address>
         <run_address>0x8766</run_address>
         <size>0x1e0</size>
         <input_file_ref idref="fl-c5"/>
      </object_component>
      <object_component id="oc-39">
         <name>.debug_info</name>
         <load_address>0x8946</load_address>
         <run_address>0x8946</run_address>
         <size>0x46</size>
         <input_file_ref idref="fl-c5"/>
      </object_component>
      <object_component id="oc-8e">
         <name>.debug_info</name>
         <load_address>0x898c</load_address>
         <run_address>0x898c</run_address>
         <size>0x2c</size>
         <input_file_ref idref="fl-c5"/>
      </object_component>
      <object_component id="oc-46">
         <name>.debug_info</name>
         <load_address>0x89b8</load_address>
         <run_address>0x89b8</run_address>
         <size>0x135</size>
         <input_file_ref idref="fl-c6"/>
      </object_component>
      <object_component id="oc-41">
         <name>.debug_info</name>
         <load_address>0x8aed</load_address>
         <run_address>0x8aed</run_address>
         <size>0x248</size>
         <input_file_ref idref="fl-c6"/>
      </object_component>
      <object_component id="oc-1c">
         <name>.debug_info</name>
         <load_address>0x8d35</load_address>
         <run_address>0x8d35</run_address>
         <size>0x1b2</size>
         <input_file_ref idref="fl-c6"/>
      </object_component>
      <object_component id="oc-47">
         <name>.debug_info</name>
         <load_address>0x8ee7</load_address>
         <run_address>0x8ee7</run_address>
         <size>0x39</size>
         <input_file_ref idref="fl-c6"/>
      </object_component>
      <object_component id="oc-1e2">
         <name>.debug_info</name>
         <load_address>0x8f20</load_address>
         <run_address>0x8f20</run_address>
         <size>0x202</size>
         <input_file_ref idref="fl-c8"/>
      </object_component>
      <object_component id="oc-1d4">
         <name>.debug_info</name>
         <load_address>0x9122</load_address>
         <run_address>0x9122</run_address>
         <size>0x11e</size>
         <input_file_ref idref="fl-c8"/>
      </object_component>
      <object_component id="oc-168">
         <name>.debug_info</name>
         <load_address>0x9240</load_address>
         <run_address>0x9240</run_address>
         <size>0xb76</size>
         <input_file_ref idref="fl-c8"/>
      </object_component>
      <object_component id="oc-1bc">
         <name>.debug_info</name>
         <load_address>0x9db6</load_address>
         <run_address>0x9db6</run_address>
         <size>0x39</size>
         <input_file_ref idref="fl-c8"/>
      </object_component>
      <object_component id="oc-206">
         <name>.debug_info</name>
         <load_address>0x9def</load_address>
         <run_address>0x9def</run_address>
         <size>0x14a</size>
         <input_file_ref idref="fl-c9"/>
      </object_component>
      <object_component id="oc-1cc">
         <name>.debug_info</name>
         <load_address>0x9f39</load_address>
         <run_address>0x9f39</run_address>
         <size>0x241</size>
         <input_file_ref idref="fl-c9"/>
      </object_component>
      <object_component id="oc-1d1">
         <name>.debug_info</name>
         <load_address>0xa17a</load_address>
         <run_address>0xa17a</run_address>
         <size>0xf4</size>
         <input_file_ref idref="fl-ca"/>
      </object_component>
      <object_component id="oc-be">
         <name>.debug_info</name>
         <load_address>0xa26e</load_address>
         <run_address>0xa26e</run_address>
         <size>0x235</size>
         <input_file_ref idref="fl-cb"/>
      </object_component>
      <object_component id="oc-b8">
         <name>.debug_info</name>
         <load_address>0xa4a3</load_address>
         <run_address>0xa4a3</run_address>
         <size>0x186</size>
         <input_file_ref idref="fl-cb"/>
      </object_component>
      <object_component id="oc-72">
         <name>.debug_info</name>
         <load_address>0xa629</load_address>
         <run_address>0xa629</run_address>
         <size>0x215</size>
         <input_file_ref idref="fl-cb"/>
      </object_component>
      <object_component id="oc-151">
         <name>.debug_info</name>
         <load_address>0xa83e</load_address>
         <run_address>0xa83e</run_address>
         <size>0x145</size>
         <input_file_ref idref="fl-cc"/>
      </object_component>
      <object_component id="oc-1ad">
         <name>.debug_info</name>
         <load_address>0xa983</load_address>
         <run_address>0xa983</run_address>
         <size>0x121</size>
         <input_file_ref idref="fl-cd"/>
      </object_component>
      <object_component id="oc-1d8">
         <name>.debug_info</name>
         <load_address>0xaaa4</load_address>
         <run_address>0xaaa4</run_address>
         <size>0x123</size>
         <input_file_ref idref="fl-cd"/>
      </object_component>
      <object_component id="oc-165">
         <name>.debug_info</name>
         <load_address>0xabc7</load_address>
         <run_address>0xabc7</run_address>
         <size>0x133</size>
         <input_file_ref idref="fl-ce"/>
      </object_component>
      <object_component id="oc-14c">
         <name>.debug_info</name>
         <load_address>0xacfa</load_address>
         <run_address>0xacfa</run_address>
         <size>0x133</size>
         <input_file_ref idref="fl-cf"/>
      </object_component>
      <object_component id="oc-170">
         <name>.debug_info</name>
         <load_address>0xae2d</load_address>
         <run_address>0xae2d</run_address>
         <size>0x137</size>
         <input_file_ref idref="fl-d0"/>
      </object_component>
      <object_component id="oc-158">
         <name>.debug_info</name>
         <load_address>0xaf64</load_address>
         <run_address>0xaf64</run_address>
         <size>0x132</size>
         <input_file_ref idref="fl-d1"/>
      </object_component>
      <object_component id="oc-141">
         <name>.debug_info</name>
         <load_address>0xb096</load_address>
         <run_address>0xb096</run_address>
         <size>0x125</size>
         <input_file_ref idref="fl-d2"/>
      </object_component>
      <object_component id="oc-1a7">
         <name>.debug_info</name>
         <load_address>0xb1bb</load_address>
         <run_address>0xb1bb</run_address>
         <size>0x125</size>
         <input_file_ref idref="fl-d3"/>
      </object_component>
      <object_component id="oc-35">
         <name>.debug_info</name>
         <load_address>0xb2e0</load_address>
         <run_address>0xb2e0</run_address>
         <size>0x112</size>
         <input_file_ref idref="fl-d4"/>
      </object_component>
      <object_component id="oc-1c8">
         <name>.debug_info</name>
         <load_address>0xb3f2</load_address>
         <run_address>0xb3f2</run_address>
         <size>0x12d</size>
         <input_file_ref idref="fl-d5"/>
      </object_component>
      <object_component id="oc-15d">
         <name>.debug_info</name>
         <load_address>0xb51f</load_address>
         <run_address>0xb51f</run_address>
         <size>0x1ac</size>
         <input_file_ref idref="fl-d5"/>
      </object_component>
      <object_component id="oc-8b">
         <name>.debug_info</name>
         <load_address>0xb6cb</load_address>
         <run_address>0xb6cb</run_address>
         <size>0x223</size>
         <input_file_ref idref="fl-d6"/>
      </object_component>
      <object_component id="oc-31">
         <name>.debug_info</name>
         <load_address>0xb8ee</load_address>
         <run_address>0xb8ee</run_address>
         <size>0x102</size>
         <input_file_ref idref="fl-d6"/>
      </object_component>
      <object_component id="oc-13d">
         <name>.debug_info</name>
         <load_address>0xb9f0</load_address>
         <run_address>0xb9f0</run_address>
         <size>0x14d</size>
         <input_file_ref idref="fl-d6"/>
      </object_component>
      <object_component id="oc-d8">
         <name>.debug_info</name>
         <load_address>0xbb3d</load_address>
         <run_address>0xbb3d</run_address>
         <size>0x88c</size>
         <input_file_ref idref="fl-d6"/>
      </object_component>
      <object_component id="oc-fc">
         <name>.debug_info</name>
         <load_address>0xc3c9</load_address>
         <run_address>0xc3c9</run_address>
         <size>0x2c</size>
         <input_file_ref idref="fl-d6"/>
      </object_component>
      <object_component id="oc-101">
         <name>.debug_info</name>
         <load_address>0xc3f5</load_address>
         <run_address>0xc3f5</run_address>
         <size>0x62</size>
         <input_file_ref idref="fl-d6"/>
      </object_component>
      <object_component id="oc-4e">
         <name>.debug_info</name>
         <load_address>0xc457</load_address>
         <run_address>0xc457</run_address>
         <size>0x140</size>
         <input_file_ref idref="fl-d7"/>
      </object_component>
      <object_component id="oc-59">
         <name>.debug_info</name>
         <load_address>0xc597</load_address>
         <run_address>0xc597</run_address>
         <size>0x139</size>
         <input_file_ref idref="fl-d8"/>
      </object_component>
      <object_component id="oc-5f">
         <name>.debug_info</name>
         <load_address>0xc6d0</load_address>
         <run_address>0xc6d0</run_address>
         <size>0x149</size>
         <input_file_ref idref="fl-d9"/>
      </object_component>
      <object_component id="oc-213">
         <name>.debug_info</name>
         <load_address>0xc819</load_address>
         <run_address>0xc819</run_address>
         <size>0x17d</size>
         <input_file_ref idref="fl-da"/>
      </object_component>
      <object_component id="oc-1dd">
         <name>.debug_info</name>
         <load_address>0xc996</load_address>
         <run_address>0xc996</run_address>
         <size>0x1d6</size>
         <input_file_ref idref="fl-da"/>
      </object_component>
      <object_component id="oc-1fa">
         <name>.debug_info</name>
         <load_address>0xcb6c</load_address>
         <run_address>0xcb6c</run_address>
         <size>0x2c</size>
         <input_file_ref idref="fl-da"/>
      </object_component>
      <object_component id="oc-1c1">
         <name>.debug_info</name>
         <load_address>0xcb98</load_address>
         <run_address>0xcb98</run_address>
         <size>0x267</size>
         <input_file_ref idref="fl-db"/>
      </object_component>
      <object_component id="oc-147">
         <name>.debug_info</name>
         <load_address>0xcdff</load_address>
         <run_address>0xcdff</run_address>
         <size>0x78b</size>
         <input_file_ref idref="fl-db"/>
      </object_component>
      <object_component id="oc-77">
         <name>.debug_info</name>
         <load_address>0xd58a</load_address>
         <run_address>0xd58a</run_address>
         <size>0x10a</size>
         <input_file_ref idref="fl-dc"/>
      </object_component>
      <object_component id="oc-126">
         <name>.debug_info</name>
         <load_address>0xd694</load_address>
         <run_address>0xd694</run_address>
         <size>0x125</size>
         <input_file_ref idref="fl-dd"/>
      </object_component>
      <object_component id="oc-bb">
         <name>.debug_info</name>
         <load_address>0xd7b9</load_address>
         <run_address>0xd7b9</run_address>
         <size>0x114</size>
         <input_file_ref idref="fl-dd"/>
      </object_component>
      <object_component id="oc-121">
         <name>.debug_info</name>
         <load_address>0xd8cd</load_address>
         <run_address>0xd8cd</run_address>
         <size>0x220</size>
         <input_file_ref idref="fl-dd"/>
      </object_component>
      <object_component id="oc-b6">
         <name>.debug_info</name>
         <load_address>0xdaed</load_address>
         <run_address>0xdaed</run_address>
         <size>0x167</size>
         <input_file_ref idref="fl-de"/>
      </object_component>
      <object_component id="oc-6c">
         <name>.debug_info</name>
         <load_address>0xdc54</load_address>
         <run_address>0xdc54</run_address>
         <size>0x168</size>
         <input_file_ref idref="fl-de"/>
      </object_component>
      <object_component id="oc-117">
         <name>.debug_info</name>
         <load_address>0xddbc</load_address>
         <run_address>0xddbc</run_address>
         <size>0x5e</size>
         <input_file_ref idref="fl-de"/>
      </object_component>
      <object_component id="oc-b4">
         <name>.debug_info</name>
         <load_address>0xde1a</load_address>
         <run_address>0xde1a</run_address>
         <size>0x2ea</size>
         <input_file_ref idref="fl-df"/>
      </object_component>
      <object_component id="oc-67">
         <name>.debug_info</name>
         <load_address>0xe104</load_address>
         <run_address>0xe104</run_address>
         <size>0x191</size>
         <input_file_ref idref="fl-df"/>
      </object_component>
      <object_component id="oc-10b">
         <name>.debug_info</name>
         <load_address>0xe295</load_address>
         <run_address>0xe295</run_address>
         <size>0x39</size>
         <input_file_ref idref="fl-df"/>
      </object_component>
      <object_component id="oc-110">
         <name>.debug_info</name>
         <load_address>0xe2ce</load_address>
         <run_address>0xe2ce</run_address>
         <size>0xcd</size>
         <input_file_ref idref="fl-df"/>
      </object_component>
      <object_component id="oc-107">
         <name>.debug_info</name>
         <load_address>0xe39b</load_address>
         <run_address>0xe39b</run_address>
         <size>0x1e1</size>
         <input_file_ref idref="fl-e0"/>
      </object_component>
      <object_component id="oc-aa">
         <name>.debug_info</name>
         <load_address>0xe57c</load_address>
         <run_address>0xe57c</run_address>
         <size>0x184</size>
         <input_file_ref idref="fl-e0"/>
      </object_component>
      <object_component id="oc-189">
         <name>.debug_info</name>
         <load_address>0xe700</load_address>
         <run_address>0xe700</run_address>
         <size>0x2c</size>
         <input_file_ref idref="fl-e0"/>
      </object_component>
      <object_component id="oc-19b">
         <name>.debug_info</name>
         <load_address>0xe72c</load_address>
         <run_address>0xe72c</run_address>
         <size>0x127</size>
         <input_file_ref idref="fl-e1"/>
      </object_component>
      <object_component id="oc-200">
         <name>.debug_info</name>
         <load_address>0xe853</load_address>
         <run_address>0xe853</run_address>
         <size>0xdf</size>
         <input_file_ref idref="fl-e2"/>
      </object_component>
      <object_component id="oc-1b7">
         <name>.debug_info</name>
         <load_address>0xe932</load_address>
         <run_address>0xe932</run_address>
         <size>0x31d</size>
         <input_file_ref idref="fl-e2"/>
      </object_component>
      <object_component id="oc-1f8">
         <name>.debug_info</name>
         <load_address>0xec4f</load_address>
         <run_address>0xec4f</run_address>
         <size>0x201</size>
         <input_file_ref idref="fl-e3"/>
      </object_component>
      <object_component id="oc-1f5">
         <name>.debug_info</name>
         <load_address>0xee50</load_address>
         <run_address>0xee50</run_address>
         <size>0x130</size>
         <input_file_ref idref="fl-e3"/>
      </object_component>
      <object_component id="oc-1b3">
         <name>.debug_info</name>
         <load_address>0xef80</load_address>
         <run_address>0xef80</run_address>
         <size>0x727</size>
         <input_file_ref idref="fl-e3"/>
      </object_component>
      <object_component id="oc-1eb">
         <name>.debug_info</name>
         <load_address>0xf6a7</load_address>
         <run_address>0xf6a7</run_address>
         <size>0xe4</size>
         <input_file_ref idref="fl-e4"/>
      </object_component>
      <object_component id="oc-1a0">
         <name>.debug_info</name>
         <load_address>0xf78b</load_address>
         <run_address>0xf78b</run_address>
         <size>0x376</size>
         <input_file_ref idref="fl-e4"/>
      </object_component>
      <object_component id="oc-20f">
         <name>.debug_info</name>
         <load_address>0xfb01</load_address>
         <run_address>0xfb01</run_address>
         <size>0x157</size>
         <input_file_ref idref="fl-e5"/>
      </object_component>
      <object_component id="oc-219">
         <name>.debug_info</name>
         <load_address>0xfc58</load_address>
         <run_address>0xfc58</run_address>
         <size>0x135</size>
         <input_file_ref idref="fl-e6"/>
      </object_component>
      <object_component id="oc-1ef">
         <name>.debug_info</name>
         <load_address>0xfd8d</load_address>
         <run_address>0xfd8d</run_address>
         <size>0x220</size>
         <input_file_ref idref="fl-e6"/>
      </object_component>
      <object_component id="oc-ae">
         <name>.debug_info</name>
         <load_address>0xffad</load_address>
         <run_address>0xffad</run_address>
         <size>0x146</size>
         <input_file_ref idref="fl-e7"/>
      </object_component>
      <object_component id="oc-252">
         <name>.debug_info</name>
         <load_address>0x100f3</load_address>
         <run_address>0x100f3</run_address>
         <size>0xbf</size>
      </object_component>
      <object_component id="oc-196">
         <name>.debug_line</name>
         <load_address>0x0</load_address>
         <run_address>0x0</run_address>
         <size>0x20</size>
         <input_file_ref idref="fl-2"/>
      </object_component>
      <object_component id="oc-d3">
         <name>.debug_line</name>
         <load_address>0x20</load_address>
         <run_address>0x20</run_address>
         <size>0x16a</size>
         <input_file_ref idref="fl-2"/>
      </object_component>
      <object_component id="oc-17b">
         <name>.debug_line</name>
         <load_address>0x18a</load_address>
         <run_address>0x18a</run_address>
         <size>0x55</size>
         <input_file_ref idref="fl-2"/>
      </object_component>
      <object_component id="oc-13a">
         <name>.debug_line</name>
         <load_address>0x1df</load_address>
         <run_address>0x1df</run_address>
         <size>0x52</size>
         <input_file_ref idref="fl-2"/>
      </object_component>
      <object_component id="oc-185">
         <name>.debug_line</name>
         <load_address>0x231</load_address>
         <run_address>0x231</run_address>
         <size>0x5f</size>
         <input_file_ref idref="fl-2"/>
      </object_component>
      <object_component id="oc-98">
         <name>.debug_line</name>
         <load_address>0x290</load_address>
         <run_address>0x290</run_address>
         <size>0x20</size>
         <input_file_ref idref="fl-2"/>
      </object_component>
      <object_component id="oc-f6">
         <name>.debug_line</name>
         <load_address>0x2b0</load_address>
         <run_address>0x2b0</run_address>
         <size>0x5f</size>
         <input_file_ref idref="fl-2"/>
      </object_component>
      <object_component id="oc-177">
         <name>.debug_line</name>
         <load_address>0x30f</load_address>
         <run_address>0x30f</run_address>
         <size>0xd2</size>
         <input_file_ref idref="fl-4"/>
      </object_component>
      <object_component id="oc-84">
         <name>.debug_line</name>
         <load_address>0x3e1</load_address>
         <run_address>0x3e1</run_address>
         <size>0x130</size>
         <input_file_ref idref="fl-4"/>
      </object_component>
      <object_component id="oc-132">
         <name>.debug_line</name>
         <load_address>0x511</load_address>
         <run_address>0x511</run_address>
         <size>0x37</size>
         <input_file_ref idref="fl-4"/>
      </object_component>
      <object_component id="oc-180">
         <name>.debug_line</name>
         <load_address>0x548</load_address>
         <run_address>0x548</run_address>
         <size>0x2d</size>
         <input_file_ref idref="fl-4"/>
      </object_component>
      <object_component id="oc-194">
         <name>.debug_line</name>
         <load_address>0x575</load_address>
         <run_address>0x575</run_address>
         <size>0x5f</size>
         <input_file_ref idref="fl-5"/>
      </object_component>
      <object_component id="oc-cd">
         <name>.debug_line</name>
         <load_address>0x5d4</load_address>
         <run_address>0x5d4</run_address>
         <size>0xfe</size>
         <input_file_ref idref="fl-5"/>
      </object_component>
      <object_component id="oc-1e6">
         <name>.debug_line</name>
         <load_address>0x6d2</load_address>
         <run_address>0x6d2</run_address>
         <size>0xdb</size>
         <input_file_ref idref="fl-6"/>
      </object_component>
      <object_component id="oc-e5">
         <name>.debug_line</name>
         <load_address>0x7ad</load_address>
         <run_address>0x7ad</run_address>
         <size>0xe0</size>
         <input_file_ref idref="fl-6"/>
      </object_component>
      <object_component id="oc-f9">
         <name>.debug_line</name>
         <load_address>0x88d</load_address>
         <run_address>0x88d</run_address>
         <size>0x40</size>
         <input_file_ref idref="fl-7"/>
      </object_component>
      <object_component id="oc-87">
         <name>.debug_line</name>
         <load_address>0x8cd</load_address>
         <run_address>0x8cd</run_address>
         <size>0x40</size>
         <input_file_ref idref="fl-7"/>
      </object_component>
      <object_component id="oc-7e">
         <name>.debug_line</name>
         <load_address>0x90d</load_address>
         <run_address>0x90d</run_address>
         <size>0x71</size>
         <input_file_ref idref="fl-7"/>
      </object_component>
      <object_component id="oc-192">
         <name>.debug_line</name>
         <load_address>0x97e</load_address>
         <run_address>0x97e</run_address>
         <size>0x3b</size>
         <input_file_ref idref="fl-8"/>
      </object_component>
      <object_component id="oc-c6">
         <name>.debug_line</name>
         <load_address>0x9b9</load_address>
         <run_address>0x9b9</run_address>
         <size>0x146</size>
         <input_file_ref idref="fl-8"/>
      </object_component>
      <object_component id="oc-1e8">
         <name>.debug_line</name>
         <load_address>0xaff</load_address>
         <run_address>0xaff</run_address>
         <size>0x20</size>
         <input_file_ref idref="fl-9"/>
      </object_component>
      <object_component id="oc-e8">
         <name>.debug_line</name>
         <load_address>0xb1f</load_address>
         <run_address>0xb1f</run_address>
         <size>0x82</size>
         <input_file_ref idref="fl-9"/>
      </object_component>
      <object_component id="oc-1c6">
         <name>.debug_line</name>
         <load_address>0xba1</load_address>
         <run_address>0xba1</run_address>
         <size>0x9c</size>
         <input_file_ref idref="fl-a"/>
      </object_component>
      <object_component id="oc-df">
         <name>.debug_line</name>
         <load_address>0xc3d</load_address>
         <run_address>0xc3d</run_address>
         <size>0xdd</size>
         <input_file_ref idref="fl-a"/>
      </object_component>
      <object_component id="oc-a0">
         <name>.debug_line</name>
         <load_address>0xd1a</load_address>
         <run_address>0xd1a</run_address>
         <size>0x5f</size>
         <input_file_ref idref="fl-a"/>
      </object_component>
      <object_component id="oc-2a">
         <name>.debug_line</name>
         <load_address>0xd79</load_address>
         <run_address>0xd79</run_address>
         <size>0x53</size>
         <input_file_ref idref="fl-c4"/>
      </object_component>
      <object_component id="oc-94">
         <name>.debug_line</name>
         <load_address>0xdcc</load_address>
         <run_address>0xdcc</run_address>
         <size>0x8a</size>
         <input_file_ref idref="fl-c5"/>
      </object_component>
      <object_component id="oc-15">
         <name>.debug_line</name>
         <load_address>0xe56</load_address>
         <run_address>0xe56</run_address>
         <size>0x55</size>
         <input_file_ref idref="fl-c5"/>
      </object_component>
      <object_component id="oc-3c">
         <name>.debug_line</name>
         <load_address>0xeab</load_address>
         <run_address>0xeab</run_address>
         <size>0x3a</size>
         <input_file_ref idref="fl-c5"/>
      </object_component>
      <object_component id="oc-91">
         <name>.debug_line</name>
         <load_address>0xee5</load_address>
         <run_address>0xee5</run_address>
         <size>0x8a</size>
         <input_file_ref idref="fl-c5"/>
      </object_component>
      <object_component id="oc-9c">
         <name>.debug_line</name>
         <load_address>0xf6f</load_address>
         <run_address>0xf6f</run_address>
         <size>0x8a</size>
         <input_file_ref idref="fl-c6"/>
      </object_component>
      <object_component id="oc-44">
         <name>.debug_line</name>
         <load_address>0xff9</load_address>
         <run_address>0xff9</run_address>
         <size>0x98</size>
         <input_file_ref idref="fl-c6"/>
      </object_component>
      <object_component id="oc-1f">
         <name>.debug_line</name>
         <load_address>0x1091</load_address>
         <run_address>0x1091</run_address>
         <size>0x4b</size>
         <input_file_ref idref="fl-c6"/>
      </object_component>
      <object_component id="oc-4a">
         <name>.debug_line</name>
         <load_address>0x10dc</load_address>
         <run_address>0x10dc</run_address>
         <size>0x39</size>
         <input_file_ref idref="fl-c6"/>
      </object_component>
      <object_component id="oc-215">
         <name>.debug_line</name>
         <load_address>0x1115</load_address>
         <run_address>0x1115</run_address>
         <size>0x93</size>
         <input_file_ref idref="fl-c8"/>
      </object_component>
      <object_component id="oc-20a">
         <name>.debug_line</name>
         <load_address>0x11a8</load_address>
         <run_address>0x11a8</run_address>
         <size>0x2b</size>
         <input_file_ref idref="fl-c8"/>
      </object_component>
      <object_component id="oc-16b">
         <name>.debug_line</name>
         <load_address>0x11d3</load_address>
         <run_address>0x11d3</run_address>
         <size>0x2b5</size>
         <input_file_ref idref="fl-c8"/>
      </object_component>
      <object_component id="oc-1bf">
         <name>.debug_line</name>
         <load_address>0x1488</load_address>
         <run_address>0x1488</run_address>
         <size>0x8a</size>
         <input_file_ref idref="fl-c8"/>
      </object_component>
      <object_component id="oc-221">
         <name>.debug_line</name>
         <load_address>0x1512</load_address>
         <run_address>0x1512</run_address>
         <size>0x89</size>
         <input_file_ref idref="fl-c9"/>
      </object_component>
      <object_component id="oc-1cb">
         <name>.debug_line</name>
         <load_address>0x159b</load_address>
         <run_address>0x159b</run_address>
         <size>0x132</size>
         <input_file_ref idref="fl-c9"/>
      </object_component>
      <object_component id="oc-208">
         <name>.debug_line</name>
         <load_address>0x16cd</load_address>
         <run_address>0x16cd</run_address>
         <size>0x2b</size>
         <input_file_ref idref="fl-ca"/>
      </object_component>
      <object_component id="oc-129">
         <name>.debug_line</name>
         <load_address>0x16f8</load_address>
         <run_address>0x16f8</run_address>
         <size>0xf2</size>
         <input_file_ref idref="fl-cb"/>
      </object_component>
      <object_component id="oc-11d">
         <name>.debug_line</name>
         <load_address>0x17ea</load_address>
         <run_address>0x17ea</run_address>
         <size>0x2a</size>
         <input_file_ref idref="fl-cb"/>
      </object_component>
      <object_component id="oc-71">
         <name>.debug_line</name>
         <load_address>0x1814</load_address>
         <run_address>0x1814</run_address>
         <size>0x86</size>
         <input_file_ref idref="fl-cb"/>
      </object_component>
      <object_component id="oc-154">
         <name>.debug_line</name>
         <load_address>0x189a</load_address>
         <run_address>0x189a</run_address>
         <size>0xd2</size>
         <input_file_ref idref="fl-cc"/>
      </object_component>
      <object_component id="oc-1ac">
         <name>.debug_line</name>
         <load_address>0x196c</load_address>
         <run_address>0x196c</run_address>
         <size>0x77</size>
         <input_file_ref idref="fl-cd"/>
      </object_component>
      <object_component id="oc-1da">
         <name>.debug_line</name>
         <load_address>0x19e3</load_address>
         <run_address>0x19e3</run_address>
         <size>0x77</size>
         <input_file_ref idref="fl-cd"/>
      </object_component>
      <object_component id="oc-163">
         <name>.debug_line</name>
         <load_address>0x1a5a</load_address>
         <run_address>0x1a5a</run_address>
         <size>0xa8</size>
         <input_file_ref idref="fl-ce"/>
      </object_component>
      <object_component id="oc-14f">
         <name>.debug_line</name>
         <load_address>0x1b02</load_address>
         <run_address>0x1b02</run_address>
         <size>0x8e</size>
         <input_file_ref idref="fl-cf"/>
      </object_component>
      <object_component id="oc-16e">
         <name>.debug_line</name>
         <load_address>0x1b90</load_address>
         <run_address>0x1b90</run_address>
         <size>0x67</size>
         <input_file_ref idref="fl-d0"/>
      </object_component>
      <object_component id="oc-157">
         <name>.debug_line</name>
         <load_address>0x1bf7</load_address>
         <run_address>0x1bf7</run_address>
         <size>0x59</size>
         <input_file_ref idref="fl-d1"/>
      </object_component>
      <object_component id="oc-144">
         <name>.debug_line</name>
         <load_address>0x1c50</load_address>
         <run_address>0x1c50</run_address>
         <size>0x57</size>
         <input_file_ref idref="fl-d2"/>
      </object_component>
      <object_component id="oc-1a9">
         <name>.debug_line</name>
         <load_address>0x1ca7</load_address>
         <run_address>0x1ca7</run_address>
         <size>0x50</size>
         <input_file_ref idref="fl-d3"/>
      </object_component>
      <object_component id="oc-34">
         <name>.debug_line</name>
         <load_address>0x1cf7</load_address>
         <run_address>0x1cf7</run_address>
         <size>0x88</size>
         <input_file_ref idref="fl-d4"/>
      </object_component>
      <object_component id="oc-204">
         <name>.debug_line</name>
         <load_address>0x1d7f</load_address>
         <run_address>0x1d7f</run_address>
         <size>0x8a</size>
         <input_file_ref idref="fl-d5"/>
      </object_component>
      <object_component id="oc-161">
         <name>.debug_line</name>
         <load_address>0x1e09</load_address>
         <run_address>0x1e09</run_address>
         <size>0x54</size>
         <input_file_ref idref="fl-d5"/>
      </object_component>
      <object_component id="oc-fb">
         <name>.debug_line</name>
         <load_address>0x1e5d</load_address>
         <run_address>0x1e5d</run_address>
         <size>0xff</size>
         <input_file_ref idref="fl-d6"/>
      </object_component>
      <object_component id="oc-8a">
         <name>.debug_line</name>
         <load_address>0x1f5c</load_address>
         <run_address>0x1f5c</run_address>
         <size>0x2c</size>
         <input_file_ref idref="fl-d6"/>
      </object_component>
      <object_component id="oc-198">
         <name>.debug_line</name>
         <load_address>0x1f88</load_address>
         <run_address>0x1f88</run_address>
         <size>0x2c</size>
         <input_file_ref idref="fl-d6"/>
      </object_component>
      <object_component id="oc-da">
         <name>.debug_line</name>
         <load_address>0x1fb4</load_address>
         <run_address>0x1fb4</run_address>
         <size>0x314</size>
         <input_file_ref idref="fl-d6"/>
      </object_component>
      <object_component id="oc-ff">
         <name>.debug_line</name>
         <load_address>0x22c8</load_address>
         <run_address>0x22c8</run_address>
         <size>0x8a</size>
         <input_file_ref idref="fl-d6"/>
      </object_component>
      <object_component id="oc-104">
         <name>.debug_line</name>
         <load_address>0x2352</load_address>
         <run_address>0x2352</run_address>
         <size>0x2c</size>
         <input_file_ref idref="fl-d6"/>
      </object_component>
      <object_component id="oc-4d">
         <name>.debug_line</name>
         <load_address>0x237e</load_address>
         <run_address>0x237e</run_address>
         <size>0x79</size>
         <input_file_ref idref="fl-d7"/>
      </object_component>
      <object_component id="oc-5d">
         <name>.debug_line</name>
         <load_address>0x23f7</load_address>
         <run_address>0x23f7</run_address>
         <size>0x3d</size>
         <input_file_ref idref="fl-d8"/>
      </object_component>
      <object_component id="oc-62">
         <name>.debug_line</name>
         <load_address>0x2434</load_address>
         <run_address>0x2434</run_address>
         <size>0x40</size>
         <input_file_ref idref="fl-d9"/>
      </object_component>
      <object_component id="oc-224">
         <name>.debug_line</name>
         <load_address>0x2474</load_address>
         <run_address>0x2474</run_address>
         <size>0x93</size>
         <input_file_ref idref="fl-da"/>
      </object_component>
      <object_component id="oc-1e0">
         <name>.debug_line</name>
         <load_address>0x2507</load_address>
         <run_address>0x2507</run_address>
         <size>0xa1</size>
         <input_file_ref idref="fl-da"/>
      </object_component>
      <object_component id="oc-1fd">
         <name>.debug_line</name>
         <load_address>0x25a8</load_address>
         <run_address>0x25a8</run_address>
         <size>0x8a</size>
         <input_file_ref idref="fl-da"/>
      </object_component>
      <object_component id="oc-202">
         <name>.debug_line</name>
         <load_address>0x2632</load_address>
         <run_address>0x2632</run_address>
         <size>0x32</size>
         <input_file_ref idref="fl-db"/>
      </object_component>
      <object_component id="oc-146">
         <name>.debug_line</name>
         <load_address>0x2664</load_address>
         <run_address>0x2664</run_address>
         <size>0x209</size>
         <input_file_ref idref="fl-db"/>
      </object_component>
      <object_component id="oc-c1">
         <name>.debug_line</name>
         <load_address>0x286d</load_address>
         <run_address>0x286d</run_address>
         <size>0x33</size>
         <input_file_ref idref="fl-dc"/>
      </object_component>
      <object_component id="oc-190">
         <name>.debug_line</name>
         <load_address>0x28a0</load_address>
         <run_address>0x28a0</run_address>
         <size>0x20</size>
         <input_file_ref idref="fl-dd"/>
      </object_component>
      <object_component id="oc-125">
         <name>.debug_line</name>
         <load_address>0x28c0</load_address>
         <run_address>0x28c0</run_address>
         <size>0x2b</size>
         <input_file_ref idref="fl-dd"/>
      </object_component>
      <object_component id="oc-11f">
         <name>.debug_line</name>
         <load_address>0x28eb</load_address>
         <run_address>0x28eb</run_address>
         <size>0x68</size>
         <input_file_ref idref="fl-dd"/>
      </object_component>
      <object_component id="oc-116">
         <name>.debug_line</name>
         <load_address>0x2953</load_address>
         <run_address>0x2953</run_address>
         <size>0x2b</size>
         <input_file_ref idref="fl-de"/>
      </object_component>
      <object_component id="oc-6e">
         <name>.debug_line</name>
         <load_address>0x297e</load_address>
         <run_address>0x297e</run_address>
         <size>0x50</size>
         <input_file_ref idref="fl-de"/>
      </object_component>
      <object_component id="oc-11a">
         <name>.debug_line</name>
         <load_address>0x29ce</load_address>
         <run_address>0x29ce</run_address>
         <size>0x2b</size>
         <input_file_ref idref="fl-de"/>
      </object_component>
      <object_component id="oc-10a">
         <name>.debug_line</name>
         <load_address>0x29f9</load_address>
         <run_address>0x29f9</run_address>
         <size>0xa9</size>
         <input_file_ref idref="fl-df"/>
      </object_component>
      <object_component id="oc-65">
         <name>.debug_line</name>
         <load_address>0x2aa2</load_address>
         <run_address>0x2aa2</run_address>
         <size>0x8b</size>
         <input_file_ref idref="fl-df"/>
      </object_component>
      <object_component id="oc-10e">
         <name>.debug_line</name>
         <load_address>0x2b2d</load_address>
         <run_address>0x2b2d</run_address>
         <size>0x2e</size>
         <input_file_ref idref="fl-df"/>
      </object_component>
      <object_component id="oc-113">
         <name>.debug_line</name>
         <load_address>0x2b5b</load_address>
         <run_address>0x2b5b</run_address>
         <size>0x8b</size>
         <input_file_ref idref="fl-df"/>
      </object_component>
      <object_component id="oc-188">
         <name>.debug_line</name>
         <load_address>0x2be6</load_address>
         <run_address>0x2be6</run_address>
         <size>0x98</size>
         <input_file_ref idref="fl-e0"/>
      </object_component>
      <object_component id="oc-a8">
         <name>.debug_line</name>
         <load_address>0x2c7e</load_address>
         <run_address>0x2c7e</run_address>
         <size>0x68</size>
         <input_file_ref idref="fl-e0"/>
      </object_component>
      <object_component id="oc-18c">
         <name>.debug_line</name>
         <load_address>0x2ce6</load_address>
         <run_address>0x2ce6</run_address>
         <size>0x2e</size>
         <input_file_ref idref="fl-e0"/>
      </object_component>
      <object_component id="oc-19e">
         <name>.debug_line</name>
         <load_address>0x2d14</load_address>
         <run_address>0x2d14</run_address>
         <size>0x5a</size>
         <input_file_ref idref="fl-e1"/>
      </object_component>
      <object_component id="oc-21f">
         <name>.debug_line</name>
         <load_address>0x2d6e</load_address>
         <run_address>0x2d6e</run_address>
         <size>0x20</size>
         <input_file_ref idref="fl-e2"/>
      </object_component>
      <object_component id="oc-1b6">
         <name>.debug_line</name>
         <load_address>0x2d8e</load_address>
         <run_address>0x2d8e</run_address>
         <size>0x49</size>
         <input_file_ref idref="fl-e2"/>
      </object_component>
      <object_component id="oc-21d">
         <name>.debug_line</name>
         <load_address>0x2dd7</load_address>
         <run_address>0x2dd7</run_address>
         <size>0x2a</size>
         <input_file_ref idref="fl-e3"/>
      </object_component>
      <object_component id="oc-21b">
         <name>.debug_line</name>
         <load_address>0x2e01</load_address>
         <run_address>0x2e01</run_address>
         <size>0x30</size>
         <input_file_ref idref="fl-e3"/>
      </object_component>
      <object_component id="oc-1b2">
         <name>.debug_line</name>
         <load_address>0x2e31</load_address>
         <run_address>0x2e31</run_address>
         <size>0x3f8</size>
         <input_file_ref idref="fl-e3"/>
      </object_component>
      <object_component id="oc-217">
         <name>.debug_line</name>
         <load_address>0x3229</load_address>
         <run_address>0x3229</run_address>
         <size>0x20</size>
         <input_file_ref idref="fl-e4"/>
      </object_component>
      <object_component id="oc-1a3">
         <name>.debug_line</name>
         <load_address>0x3249</load_address>
         <run_address>0x3249</run_address>
         <size>0x5e</size>
         <input_file_ref idref="fl-e4"/>
      </object_component>
      <object_component id="oc-20d">
         <name>.debug_line</name>
         <load_address>0x32a7</load_address>
         <run_address>0x32a7</run_address>
         <size>0x45</size>
         <input_file_ref idref="fl-e5"/>
      </object_component>
      <object_component id="oc-226">
         <name>.debug_line</name>
         <load_address>0x32ec</load_address>
         <run_address>0x32ec</run_address>
         <size>0x20</size>
         <input_file_ref idref="fl-e6"/>
      </object_component>
      <object_component id="oc-1f2">
         <name>.debug_line</name>
         <load_address>0x330c</load_address>
         <run_address>0x330c</run_address>
         <size>0xa8</size>
         <input_file_ref idref="fl-e6"/>
      </object_component>
      <object_component id="oc-b2">
         <name>.debug_line</name>
         <load_address>0x33b4</load_address>
         <run_address>0x33b4</run_address>
         <size>0x3c</size>
         <input_file_ref idref="fl-e7"/>
      </object_component>
      <object_component id="oc-d4">
         <name>.debug_frame</name>
         <load_address>0x0</load_address>
         <run_address>0x0</run_address>
         <size>0x106</size>
         <input_file_ref idref="fl-2"/>
      </object_component>
      <object_component id="oc-85">
         <name>.debug_frame</name>
         <load_address>0x106</load_address>
         <run_address>0x106</run_address>
         <size>0x106</size>
         <input_file_ref idref="fl-4"/>
      </object_component>
      <object_component id="oc-ce">
         <name>.debug_frame</name>
         <load_address>0x20c</load_address>
         <run_address>0x20c</run_address>
         <size>0x107</size>
         <input_file_ref idref="fl-5"/>
      </object_component>
      <object_component id="oc-e6">
         <name>.debug_frame</name>
         <load_address>0x313</load_address>
         <run_address>0x313</run_address>
         <size>0xf1</size>
         <input_file_ref idref="fl-6"/>
      </object_component>
      <object_component id="oc-7f">
         <name>.debug_frame</name>
         <load_address>0x404</load_address>
         <run_address>0x404</run_address>
         <size>0x97</size>
         <input_file_ref idref="fl-7"/>
      </object_component>
      <object_component id="oc-c7">
         <name>.debug_frame</name>
         <load_address>0x49b</load_address>
         <run_address>0x49b</run_address>
         <size>0x98</size>
         <input_file_ref idref="fl-8"/>
      </object_component>
      <object_component id="oc-ec">
         <name>.debug_frame</name>
         <load_address>0x533</load_address>
         <run_address>0x533</run_address>
         <size>0xb8</size>
         <input_file_ref idref="fl-9"/>
      </object_component>
      <object_component id="oc-e0">
         <name>.debug_frame</name>
         <load_address>0x5eb</load_address>
         <run_address>0x5eb</run_address>
         <size>0xc8</size>
         <input_file_ref idref="fl-a"/>
      </object_component>
      <object_component id="oc-16">
         <name>.debug_frame</name>
         <load_address>0x6b3</load_address>
         <run_address>0x6b3</run_address>
         <size>0x7f</size>
         <input_file_ref idref="fl-c5"/>
      </object_component>
      <object_component id="oc-40">
         <name>.debug_frame</name>
         <load_address>0x732</load_address>
         <run_address>0x732</run_address>
         <size>0x8e</size>
         <input_file_ref idref="fl-c6"/>
      </object_component>
      <object_component id="oc-1b">
         <name>.debug_frame</name>
         <load_address>0x7c0</load_address>
         <run_address>0x7c0</run_address>
         <size>0x7f</size>
         <input_file_ref idref="fl-c6"/>
      </object_component>
      <object_component id="oc-16c">
         <name>.debug_frame</name>
         <load_address>0x83f</load_address>
         <run_address>0x83f</run_address>
         <size>0x9c</size>
         <input_file_ref idref="fl-c8"/>
      </object_component>
      <object_component id="oc-1cf">
         <name>.debug_frame</name>
         <load_address>0x8db</load_address>
         <run_address>0x8db</run_address>
         <size>0x8f</size>
         <input_file_ref idref="fl-c9"/>
      </object_component>
      <object_component id="oc-75">
         <name>.debug_frame</name>
         <load_address>0x96a</load_address>
         <run_address>0x96a</run_address>
         <size>0xb3</size>
         <input_file_ref idref="fl-cb"/>
      </object_component>
      <object_component id="oc-160">
         <name>.debug_frame</name>
         <load_address>0xa1d</load_address>
         <run_address>0xa1d</run_address>
         <size>0x8a</size>
         <input_file_ref idref="fl-d5"/>
      </object_component>
      <object_component id="oc-d6">
         <name>.debug_frame</name>
         <load_address>0xaa7</load_address>
         <run_address>0xaa7</run_address>
         <size>0x16e</size>
         <input_file_ref idref="fl-d6"/>
      </object_component>
      <object_component id="oc-5c">
         <name>.debug_frame</name>
         <load_address>0xc15</load_address>
         <run_address>0xc15</run_address>
         <size>0x7f</size>
         <input_file_ref idref="fl-d8"/>
      </object_component>
      <object_component id="oc-63">
         <name>.debug_frame</name>
         <load_address>0xc94</load_address>
         <run_address>0xc94</run_address>
         <size>0x7f</size>
         <input_file_ref idref="fl-d9"/>
      </object_component>
      <object_component id="oc-1dc">
         <name>.debug_frame</name>
         <load_address>0xd13</load_address>
         <run_address>0xd13</run_address>
         <size>0x8e</size>
         <input_file_ref idref="fl-da"/>
      </object_component>
      <object_component id="oc-14a">
         <name>.debug_frame</name>
         <load_address>0xda1</load_address>
         <run_address>0xda1</run_address>
         <size>0x9d</size>
         <input_file_ref idref="fl-db"/>
      </object_component>
      <object_component id="oc-123">
         <name>.debug_frame</name>
[...]
         <object_component_ref idref="oc-c9"/>
      </symbol>
      <symbol id="sm-102">
         <name>noteOff</name>
         <value>0x263f</value>
         <object_component_ref idref="oc-e1"/>
      </symbol>
      <symbol id="sm-103">
         <name>initializeMidi</name>
         <value>0x2509</value>
         <object_component_ref idref="oc-e1"/>
      </symbol>
      <symbol id="sm-104">
         <name>midiFrequency</name>
         <value>0x255b</value>
         <object_component_ref idref="oc-e1"/>
      </symbol>
      <symbol id="sm-105">
         <name>noteOn</name>
         <value>0x25d9</value>
         <object_component_ref idref="oc-e1"/>
      </symbol>
      <symbol id="sm-106">
         <name>phaseIncrement</name>
         <value>0x25ab</value>
         <object_component_ref idref="oc-e1"/>
      </symbol>
      <symbol id="sm-11b">
         <name>Reset_Handler</name>
         <value>0x374b</value>
         <object_component_ref idref="oc-7a"/>
      </symbol>
      <symbol id="sm-11c">
         <name>Default_Handler</name>
         <value>0x3757</value>
         <object_component_ref idref="oc-7a"/>
      </symbol>
      <symbol id="sm-11d">
         <name>interruptVectors</name>
         <value>0x0</value>
         <object_component_ref idref="oc-2c"/>
      </symbol>
      <symbol id="sm-163">
         <name>SystemInit</name>
         <value>0x1df1</value>
         <object_component_ref idref="oc-c2"/>
      </symbol>
      <symbol id="sm-164">
         <name>SystemCoreClockUpdate</name>
         <value>0x1b7d</value>
         <object_component_ref idref="oc-c2"/>
      </symbol>
      <symbol id="sm-165">
         <name>SystemCoreClock</name>
         <value>0x20000428</value>
         <object_component_ref idref="oc-12a"/>
      </symbol>
      <symbol id="sm-179">
         <name>uart_putchar_n</name>
         <value>0x3491</value>
         <object_component_ref idref="oc-e7"/>
      </symbol>
      <symbol id="sm-17a">
         <name>uart_putchar</name>
         <value>0x34bf</value>
         <object_component_ref idref="oc-e7"/>
      </symbol>
      <symbol id="sm-17b">
         <name>uart2_putchar</name>
         <value>0x34d3</value>
         <object_component_ref idref="oc-e7"/>
      </symbol>
      <symbol id="sm-19c">
         <name>sineWave</name>
         <value>0x3091</value>
         <object_component_ref idref="oc-db"/>
      </symbol>
      <symbol id="sm-19d">
         <name>triangleWave</name>
         <value>0x310f</value>
         <object_component_ref idref="oc-db"/>
      </symbol>
      <symbol id="sm-19e">
         <name>sawWave</name>
         <value>0x310b</value>
         <object_component_ref idref="oc-db"/>
      </symbol>
      <symbol id="sm-19f">
         <name>squareWave</name>
         <value>0x3035</value>
         <object_component_ref idref="oc-db"/>
      </symbol>
      <symbol id="sm-1b0">
         <name>_c_int00</name>
         <value>0x34f1</value>
         <object_component_ref idref="oc-26"/>
      </symbol>
      <symbol id="sm-1b1">
         <name>__stack</name>
         <value>0x2000fe00</value>
         <object_component_ref idref="oc-2f"/>
      </symbol>
      <symbol id="sm-1c8">
         <name>__TI_decompress_none</name>
         <value>0x373d</value>
         <object_component_ref idref="oc-14"/>
      </symbol>
      <symbol id="sm-1eb">
         <name>__TI_decompress_rle24</name>
         <value>0x3759</value>
         <object_component_ref idref="oc-1a"/>
      </symbol>
      <symbol id="sm-27b">
         <name>pow</name>
         <value>0xe5</value>
         <object_component_ref idref="oc-167"/>
      </symbol>
      <symbol id="sm-27c">
         <name>powl</name>
         <value>0xe5</value>
         <object_component_ref idref="oc-167"/>
      </symbol>
      <symbol id="sm-2a0">
         <name>sqrtl</name>
         <value>0x2819</value>
         <object_component_ref idref="oc-1ca"/>
      </symbol>
      <symbol id="sm-2a1">
         <name>sqrt</name>
         <value>0x2819</value>
         <object_component_ref idref="oc-1ca"/>
      </symbol>
      <symbol id="sm-2a9">
         <name>errno</name>
         <value>0x20000420</value>
         <object_component_ref idref="oc-1d0"/>
      </symbol>
      <symbol id="sm-2ca">
         <name>C$$EXIT</name>
         <value>0x3545</value>
         <object_component_ref idref="oc-70"/>
      </symbol>
      <symbol id="sm-2cb">
         <name>abort</name>
         <value>0x3549</value>
         <object_component_ref idref="oc-70"/>
      </symbol>
      <symbol id="sm-2cc">
         <name>exit</name>
         <value>0x3551</value>
         <object_component_ref idref="oc-70"/>
      </symbol>
      <symbol id="sm-2cd">
         <name>__TI_dtors_ptr</name>
         <value>0x20000404</value>
         <object_component_ref idref="oc-b7"/>
      </symbol>
      <symbol id="sm-2ce">
         <name>__TI_cleanup_ptr</name>
         <value>0x20000400</value>
         <object_component_ref idref="oc-b7"/>
      </symbol>
      <symbol id="sm-2cf">
         <name>__TI_enable_exit_profile_output</name>
         <value>0x20000408</value>
         <object_component_ref idref="oc-b7"/>
      </symbol>
      <symbol id="sm-2e6">
         <name>__aeabi_dsub</name>
         <value>0x2351</value>
         <object_component_ref idref="oc-150"/>
      </symbol>
      <symbol id="sm-2e7">
         <name>__aeabi_dadd</name>
         <value>0x235b</value>
         <object_component_ref idref="oc-150"/>
      </symbol>
      <symbol id="sm-309">
         <name>__aeabi_cdcmpeq</name>
         <value>0x31c1</value>
         <object_component_ref idref="oc-1aa"/>
      </symbol>
      <symbol id="sm-30a">
         <name>__aeabi_cdcmple</name>
         <value>0x31c1</value>
         <object_component_ref idref="oc-1aa"/>
      </symbol>
      <symbol id="sm-30b">
         <name>__aeabi_cdrcmple</name>
         <value>0x3247</value>
         <object_component_ref idref="oc-1d6"/>
      </symbol>
      <symbol id="sm-31f">
         <name>__aeabi_ddiv</name>
         <value>0x2af5</value>
         <object_component_ref idref="oc-162"/>
      </symbol>
      <symbol id="sm-32a">
         <name>__aeabi_dmul</name>
         <value>0x2d45</value>
         <object_component_ref idref="oc-14b"/>
      </symbol>
      <symbol id="sm-336">
         <name>__aeabi_d2f</name>
         <value>0x33b9</value>
         <object_component_ref idref="oc-16d"/>
      </symbol>
      <symbol id="sm-340">
         <name>__aeabi_d2uiz</name>
         <value>0x362d</value>
         <object_component_ref idref="oc-155"/>
      </symbol>
      <symbol id="sm-34b">
         <name>__aeabi_f2d</name>
         <value>0x3671</value>
         <object_component_ref idref="oc-140"/>
      </symbol>
      <symbol id="sm-355">
         <name>__aeabi_i2d</name>
         <value>0x36a9</value>
         <object_component_ref idref="oc-1a5"/>
      </symbol>
      <symbol id="sm-370">
         <name>memcpy</name>
         <value>0x3125</value>
         <object_component_ref idref="oc-33"/>
      </symbol>
      <symbol id="sm-371">
         <name>__aeabi_memcpy</name>
         <value>0x3125</value>
         <object_component_ref idref="oc-33"/>
      </symbol>
      <symbol id="sm-372">
         <name>__aeabi_memcpy8</name>
         <value>0x3125</value>
         <object_component_ref idref="oc-33"/>
      </symbol>
      <symbol id="sm-373">
         <name>__aeabi_memcpy4</name>
         <value>0x3125</value>
         <object_component_ref idref="oc-33"/>
      </symbol>
      <symbol id="sm-383">
         <name>memmove</name>
         <value>0x36d7</value>
         <object_component_ref idref="oc-15c"/>
      </symbol>
      <symbol id="sm-3f7">
         <name>_sys_memory</name>
         <value>0x20000000</value>
         <object_component_ref idref="oc-30"/>
      </symbol>
      <symbol id="sm-3f8">
         <name>free</name>
         <value>0x1897</value>
         <object_component_ref idref="oc-d5"/>
      </symbol>
      <symbol id="sm-3f9">
         <name>realloc</name>
         <value>0x1959</value>
         <object_component_ref idref="oc-d5"/>
      </symbol>
      <symbol id="sm-3fa">
         <name>memalign</name>
         <value>0x1a65</value>
         <object_component_ref idref="oc-d5"/>
      </symbol>
      <symbol id="sm-3fb">
         <name>calloc</name>
         <value>0x1b49</value>
         <object_component_ref idref="oc-d5"/>
      </symbol>
      <symbol id="sm-3fc">
         <name>malloc</name>
         <value>0x182f</value>
         <object_component_ref idref="oc-d5"/>
      </symbol>
      <symbol id="sm-3fd">
         <name>minit</name>
         <value>0x17a1</value>
         <object_component_ref idref="oc-d5"/>
      </symbol>
      <symbol id="sm-40c">
         <name>__aeabi_memset</name>
         <value>0x32cf</value>
         <object_component_ref idref="oc-4c"/>
      </symbol>
      <symbol id="sm-40d">
         <name>memset</name>
         <value>0x32d5</value>
         <object_component_ref idref="oc-4c"/>
      </symbol>
      <symbol id="sm-40e">
         <name>__aeabi_memset8</name>
         <value>0x32cf</value>
         <object_component_ref idref="oc-4c"/>
      </symbol>
      <symbol id="sm-40f">
         <name>__aeabi_memset4</name>
         <value>0x32cf</value>
         <object_component_ref idref="oc-4c"/>
      </symbol>
      <symbol id="sm-410">
         <name>__aeabi_memclr8</name>
         <value>0x32cd</value>
         <object_component_ref idref="oc-4c"/>
      </symbol>
      <symbol id="sm-411">
         <name>__aeabi_memclr4</name>
         <value>0x32cd</value>
         <object_component_ref idref="oc-4c"/>
      </symbol>
      <symbol id="sm-412">
         <name>__aeabi_memclr</name>
         <value>0x32cd</value>
         <object_component_ref idref="oc-4c"/>
      </symbol>
      <symbol id="sm-41c">
         <name>__mpu_init</name>
         <value>0x2507</value>
         <object_component_ref idref="oc-58"/>
      </symbol>
      <symbol id="sm-426">
         <name>_system_pre_init</name>
         <value>0x375f</value>
         <object_component_ref idref="oc-5e"/>
      </symbol>
      <symbol id="sm-448">
         <name>scalbn</name>
         <value>0x2e41</value>
         <object_component_ref idref="oc-1db"/>
      </symbol>
      <symbol id="sm-449">
         <name>scalbnl</name>
         <value>0x2e41</value>
         <object_component_ref idref="oc-1db"/>
      </symbol>
      <symbol id="sm-44a">
         <name>ldexpl</name>
         <value>0x2e41</value>
         <object_component_ref idref="oc-1db"/>
      </symbol>
      <symbol id="sm-44b">
         <name>ldexp</name>
         <value>0x2e41</value>
         <object_component_ref idref="oc-1db"/>
      </symbol>
      <symbol id="sm-498">
         <name>sin</name>
         <value>0x11d1</value>
         <object_component_ref idref="oc-145"/>
      </symbol>
      <symbol id="sm-499">
         <name>sinl</name>
         <value>0x11d1</value>
         <object_component_ref idref="oc-145"/>
      </symbol>
      <symbol id="sm-4a1">
         <name>main_func_sp</name>
         <value>0x20000424</value>
         <object_component_ref idref="oc-76"/>
      </symbol>
      <symbol id="sm-4ba">
         <name>_nop</name>
         <value>0x3723</value>
         <object_component_ref idref="oc-11e"/>
      </symbol>
      <symbol id="sm-4bb">
         <name>_lock</name>
         <value>0x20000418</value>
         <object_component_ref idref="oc-ba"/>
      </symbol>
      <symbol id="sm-4bc">
         <name>_unlock</name>
         <value>0x2000041c</value>
         <object_component_ref idref="oc-ba"/>
      </symbol>
      <symbol id="sm-4bd">
         <name>_register_lock</name>
         <value>0x371b</value>
         <object_component_ref idref="oc-11e"/>
      </symbol>
      <symbol id="sm-4be">
         <name>_register_unlock</name>
         <value>0x3715</value>
         <object_component_ref idref="oc-11e"/>
      </symbol>
      <symbol id="sm-4d2">
         <name>_args_main</name>
         <value>0x36fd</value>
         <object_component_ref idref="oc-6a"/>
      </symbol>
      <symbol id="sm-4f7">
         <name>__TI_auto_init</name>
         <value>0x3349</value>
         <object_component_ref idref="oc-64"/>
      </symbol>
      <symbol id="sm-511">
         <name>copy_in</name>
         <value>0x3599</value>
         <object_component_ref idref="oc-a7"/>
      </symbol>
      <symbol id="sm-51b">
         <name>__aeabi_d2iz</name>
         <value>0x35e5</value>
         <object_component_ref idref="oc-19a"/>
      </symbol>
      <symbol id="sm-531">
         <name>__kernel_cos</name>
         <value>0x2989</value>
         <object_component_ref idref="oc-1b5"/>
      </symbol>
      <symbol id="sm-594">
         <name>__kernel_rem_pio2</name>
         <value>0xa91</value>
         <object_component_ref idref="oc-1af"/>
      </symbol>
      <symbol id="sm-5ab">
         <name>__kernel_sin</name>
         <value>0x26a5</value>
         <object_component_ref idref="oc-19f"/>
      </symbol>
      <symbol id="sm-5b5">
         <name>copysign</name>
         <value>0x3729</value>
         <object_component_ref idref="oc-20c"/>
      </symbol>
      <symbol id="sm-5b6">
         <name>copysignl</name>
         <value>0x3729</value>
         <object_component_ref idref="oc-20c"/>
      </symbol>
      <symbol id="sm-5d3">
         <name>floorl</name>
         <value>0x2f3d</value>
         <object_component_ref idref="oc-1ee"/>
      </symbol>
      <symbol id="sm-5d4">
         <name>floor</name>
         <value>0x2f3d</value>
         <object_component_ref idref="oc-1ee"/>
      </symbol>
      <symbol id="sm-5de">
         <name>_system_post_cinit</name>
         <value>0x3347</value>
         <object_component_ref idref="oc-ad"/>
      </symbol>
      <symbol id="sm-5df">
         <name>__TI_static_base__</name>
         <value>0x0</value>
      </symbol>
      <symbol id="sm-5e2">
         <name>SHT$$INIT_ARRAY$$Limit</name>
         <value>0x0</value>
      </symbol>
      <symbol id="sm-5e3">
         <name>SHT$$INIT_ARRAY$$Base</name>
         <value>0x0</value>
      </symbol>
      <symbol id="sm-5e4">
         <name>NMI_Handler</name>
         <value>0x3757</value>
      </symbol>
      <symbol id="sm-5e5">
         <name>HardFault_Handler</name>
         <value>0x3757</value>
      </symbol>
      <symbol id="sm-5e6">
         <name>MemManage_Handler</name>
         <value>0x3757</value>
      </symbol>
      <symbol id="sm-5e7">
         <name>BusFault_Handler</name>
         <value>0x3757</value>
      </symbol>
      <symbol id="sm-5e8">
         <name>UsageFault_Handler</name>
         <value>0x3757</value>
      </symbol>
      <symbol id="sm-5e9">
         <name>SVC_Handler</name>
         <value>0x3757</value>
      </symbol>
      <symbol id="sm-5ea">
         <name>DebugMon_Handler</name>
         <value>0x3757</value>
      </symbol>
      <symbol id="sm-5eb">
         <name>PendSV_Handler</name>
         <value>0x3757</value>
      </symbol>
      <symbol id="sm-5ec">
         <name>SysTick_Handler</name>
         <value>0x3757</value>
      </symbol>
      <symbol id="sm-5ed">
         <name>PSS_IRQHandler</name>
         <value>0x3757</value>
      </symbol>
      <symbol id="sm-5ee">
         <name>CS_IRQHandler</name>
         <value>0x3757</value>
      </symbol>
      <symbol id="sm-5ef">
         <name>PCM_IRQHandler</name>
         <value>0x3757</value>
      </symbol>
      <symbol id="sm-5f0">
         <name>WDT_A_IRQHandler</name>
         <value>0x3757</value>
      </symbol>
      <symbol id="sm-5f1">
         <name>FPU_IRQHandler</name>
         <value>0x3757</value>
      </symbol>
      <symbol id="sm-5f2">
         <name>FLCTL_IRQHandler</name>
         <value>0x3757</value>
      </symbol>
      <symbol id="sm-5f3">
         <name>COMP_E0_IRQHandler</name>
         <value>0x3757</value>
      </symbol>
      <symbol id="sm-5f4">
         <name>COMP_E1_IRQHandler</name>
         <value>0x3757</value>
      </symbol>
      <symbol id="sm-5f5">
         <name>TA0_0_IRQHandler</name>
         <value>0x3757</value>
      </symbol>
      <symbol id="sm-5f6">
         <name>TA0_N_IRQHandler</name>
         <value>0x3757</value>
      </symbol>
      <symbol id="sm-5f7">
         <name>TA1_0_IRQHandler</name>
         <value>0x3757</value>
      </symbol>
      <symbol id="sm-5f8">
         <name>TA1_N_IRQHandler</name>
         <value>0x3757</value>
      </symbol>
      <symbol id="sm-5f9">
         <name>TA2_0_IRQHandler</name>
         <value>0x3757</value>
      </symbol>
      <symbol id="sm-5fa">
         <name>TA2_N_IRQHandler</name>
         <value>0x3757</value>
      </symbol>
      <symbol id="sm-5fb">
         <name>TA3_0_IRQHandler</name>
         <value>0x3757</value>
      </symbol>
      <symbol id="sm-5fc">
         <name>TA3_N_IRQHandler</name>
         <value>0x3757</value>
      </symbol>
      <symbol id="sm-5fd">
         <name>EUSCIA0_IRQHandler</name>
         <value>0x2253</value>
      </symbol>
      <symbol id="sm-5fe">
         <name>EUSCIA1_IRQHandler</name>
         <value>0x3757</value>
      </symbol>
      <symbol id="sm-5ff">
         <name>EUSCIA2_IRQHandler</name>
         <value>0x2283</value>
      </symbol>
      <symbol id="sm-600">
         <name>EUSCIA3_IRQHandler</name>
         <value>0x3757</value>
      </symbol>
      <symbol id="sm-601">
         <name>EUSCIB0_IRQHandler</name>
         <value>0x22b3</value>
      </symbol>
      <symbol id="sm-602">
         <name>EUSCIB1_IRQHandler</name>
         <value>0x3757</value>
      </symbol>
      <symbol id="sm-603">
         <name>EUSCIB2_IRQHandler</name>
         <value>0x3757</value>
      </symbol>
      <symbol id="sm-604">
         <name>EUSCIB3_IRQHandler</name>
         <value>0x3757</value>
      </symbol>
      <symbol id="sm-605">
         <name>ADC14_IRQHandler</name>
         <value>0x3757</value>
      </symbol>
      <symbol id="sm-606">
         <name>T32_INT1_IRQHandler</name>
         <value>0x3757</value>
      </symbol>
      <symbol id="sm-607">
         <name>T32_INT2_IRQHandler</name>
         <value>0x3757</value>
      </symbol>
      <symbol id="sm-608">
         <name>T32_INTC_IRQHandler</name>
         <value>0x3757</value>
      </symbol>
      <symbol id="sm-609">
         <name>AES256_IRQHandler</name>
         <value>0x3757</value>
      </symbol>
      <symbol id="sm-60a">
         <name>RTC_C_IRQHandler</name>
         <value>0x3757</value>
      </symbol>
      <symbol id="sm-60b">
         <name>DMA_ERR_IRQHandler</name>
         <value>0x22dd</value>
      </symbol>
      <symbol id="sm-60c">
         <name>DMA_INT3_IRQHandler</name>
         <value>0x3757</value>
      </symbol>
      <symbol id="sm-60d">
         <name>DMA_INT2_IRQHandler</name>
         <value>0x3757</value>
      </symbol>
      <symbol id="sm-60e">
         <name>DMA_INT1_IRQHandler</name>
         <value>0x22c9</value>
      </symbol>
      <symbol id="sm-60f">
         <name>DMA_INT0_IRQHandler</name>
         <value>0x3757</value>
      </symbol>
      <symbol id="sm-610">
         <name>PORT1_IRQHandler</name>
         <value>0x22e1</value>
      </symbol>
      <symbol id="sm-611">
         <name>PORT2_IRQHandler</name>
         <value>0x3757</value>
      </symbol>
      <symbol id="sm-612">
         <name>PORT3_IRQHandler</name>
         <value>0x3757</value>
      </symbol>
      <symbol id="sm-613">
         <name>PORT4_IRQHandler</name>
         <value>0x3757</value>
      </symbol>
      <symbol id="sm-614">
         <name>PORT5_IRQHandler</name>
         <value>0x3757</value>
      </symbol>
      <symbol id="sm-615">
         <name>PORT6_IRQHandler</name>
         <value>0x3757</value>
      </symbol>
   </symbol_table>
   <title>Link successful</title>
</link_info>
