<?xml version="1.0"?>
<link_info>
   <banner>TI ARM Linker PC v15.12.3.LTS</banner>
   <copyright>Copyright (c) 1996-2015 Texas Instruments Incorporated</copyright>
   <link_time>0x58352465</link_time>
   <link_errors>0x0</link_errors>
   <output_file>Synth_2.out</output_file>
   <entry_point>
      <name>_c_int00</name>
      <address>0x32f1</address>
   </entry_point>
   <input_file_list>
      <input_file id="fl-2">
         <path>.\</path>
         <kind>object</kind>
         <file>configuration.obj</file>
         <name>configuration.obj</name>
      </input_file>
      <input_file id="fl-3">
         <path>.\</path>
         <kind>object</kind>
         <file>i2c.obj</file>
         <name>i2c.obj</name>
      </input_file>
      <input_file id="fl-4">
         <path>.\</path>
         <kind>object</kind>
         <file>main.obj</file>
         <name>main.obj</name>
      </input_file>
      <input_file id="fl-5">
         <path>.\</path>
         <kind>object</kind>
         <file>message_buffer.obj</file>
         <name>message_buffer.obj</name>
      </input_file>
      <input_file id="fl-6">
         <path>.\</path>
         <kind>object</kind>
         <file>midi.obj</file>
         <name>midi.obj</name>
      </input_file>
      <input_file id="fl-7">
         <path>.\</path>
         <kind>object</kind>
         <file>startup_msp432p401r_ccs.obj</file>
         <name>startup_msp432p401r_ccs.obj</name>
      </input_file>
      <input_file id="fl-8">
         <path>.\</path>
         <kind>object</kind>
         <file>system_msp432p401r.obj</file>
         <name>system_msp432p401r.obj</name>
      </input_file>
      <input_file id="fl-9">
         <path>.\</path>
         <kind>object</kind>
         <file>uart_put.obj</file>
         <name>uart_put.obj</name>
      </input_file>
      <input_file id="fl-a">
         <path>.\</path>
         <kind>object</kind>
         <file>waveform_generator.obj</file>
         <name>waveform_generator.obj</name>
      </input_file>
      <input_file id="fl-c4">
         <path>C:\ti\ccsv6\tools\compiler\arm_15.12.3.LTS\lib\</path>
         <kind>archive</kind>
         <file>rtsv7M4_T_le_v4SPD16_eabi.lib</file>
         <name>boot.obj</name>
      </input_file>
      <input_file id="fl-c5">
         <path>C:\ti\ccsv6\tools\compiler\arm_15.12.3.LTS\lib\</path>
         <kind>archive</kind>
         <file>rtsv7M4_T_le_v4SPD16_eabi.lib</file>
         <name>copy_decompress_none.obj</name>
      </input_file>
      <input_file id="fl-c6">
         <path>C:\ti\ccsv6\tools\compiler\arm_15.12.3.LTS\lib\</path>
         <kind>archive</kind>
         <file>rtsv7M4_T_le_v4SPD16_eabi.lib</file>
         <name>copy_decompress_rle.obj</name>
      </input_file>
      <input_file id="fl-c7">
         <path>C:\ti\ccsv6\tools\compiler\arm_15.12.3.LTS\lib\</path>
         <kind>archive</kind>
         <file>rtsv7M4_T_le_v4SPD16_eabi.lib</file>
         <name>copy_zero_init.obj</name>
      </input_file>
      <input_file id="fl-c8">
         <path>C:\ti\ccsv6\tools\compiler\arm_15.12.3.LTS\lib\</path>
         <kind>archive</kind>
         <file>rtsv7M4_T_le_v4SPD16_eabi.lib</file>
         <name>e_pow.obj</name>
      </input_file>
      <input_file id="fl-c9">
         <path>C:\ti\ccsv6\tools\compiler\arm_15.12.3.LTS\lib\</path>
         <kind>archive</kind>
         <file>rtsv7M4_T_le_v4SPD16_eabi.lib</file>
         <name>e_sqrt.obj</name>
      </input_file>
      <input_file id="fl-ca">
         <path>C:\ti\ccsv6\tools\compiler\arm_15.12.3.LTS\lib\</path>
         <kind>archive</kind>
         <file>rtsv7M4_T_le_v4SPD16_eabi.lib</file>
         <name>errno.obj</name>
      </input_file>
      <input_file id="fl-cb">
         <path>C:\ti\ccsv6\tools\compiler\arm_15.12.3.LTS\lib\</path>
         <kind>archive</kind>
         <file>rtsv7M4_T_le_v4SPD16_eabi.lib</file>
         <name>exit.obj</name>
      </input_file>
      <input_file id="fl-cc">
         <path>C:\ti\ccsv6\tools\compiler\arm_15.12.3.LTS\lib\</path>
         <kind>archive</kind>
         <file>rtsv7M4_T_le_v4SPD16_eabi.lib</file>
         <name>fd_add_t2.obj</name>
      </input_file>
      <input_file id="fl-cd">
         <path>C:\ti\ccsv6\tools\compiler\arm_15.12.3.LTS\lib\</path>
         <kind>archive</kind>
         <file>rtsv7M4_T_le_v4SPD16_eabi.lib</file>
         <name>fd_cmp_t2.obj</name>
      </input_file>
      <input_file id="fl-ce">
         <path>C:\ti\ccsv6\tools\compiler\arm_15.12.3.LTS\lib\</path>
         <kind>archive</kind>
         <file>rtsv7M4_T_le_v4SPD16_eabi.lib</file>
         <name>fd_div_t2.obj</name>
      </input_file>
      <input_file id="fl-cf">
         <path>C:\ti\ccsv6\tools\compiler\arm_15.12.3.LTS\lib\</path>
         <kind>archive</kind>
         <file>rtsv7M4_T_le_v4SPD16_eabi.lib</file>
         <name>fd_mul_t2.obj</name>
      </input_file>
      <input_file id="fl-d0">
         <path>C:\ti\ccsv6\tools\compiler\arm_15.12.3.LTS\lib\</path>
         <kind>archive</kind>
         <file>rtsv7M4_T_le_v4SPD16_eabi.lib</file>
         <name>fd_tos_t2.obj</name>
      </input_file>
      <input_file id="fl-d1">
         <path>C:\ti\ccsv6\tools\compiler\arm_15.12.3.LTS\lib\</path>
         <kind>archive</kind>
         <file>rtsv7M4_T_le_v4SPD16_eabi.lib</file>
         <name>fd_tou_t2.obj</name>
      </input_file>
      <input_file id="fl-d2">
         <path>C:\ti\ccsv6\tools\compiler\arm_15.12.3.LTS\lib\</path>
         <kind>archive</kind>
         <file>rtsv7M4_T_le_v4SPD16_eabi.lib</file>
         <name>fs_tod_t2.obj</name>
      </input_file>
      <input_file id="fl-d3">
         <path>C:\ti\ccsv6\tools\compiler\arm_15.12.3.LTS\lib\</path>
         <kind>archive</kind>
         <file>rtsv7M4_T_le_v4SPD16_eabi.lib</file>
         <name>i_tofd_t2.obj</name>
      </input_file>
      <input_file id="fl-d4">
         <path>C:\ti\ccsv6\tools\compiler\arm_15.12.3.LTS\lib\</path>
         <kind>archive</kind>
         <file>rtsv7M4_T_le_v4SPD16_eabi.lib</file>
         <name>memcpy_t2.obj</name>
      </input_file>
      <input_file id="fl-d5">
         <path>C:\ti\ccsv6\tools\compiler\arm_15.12.3.LTS\lib\</path>
         <kind>archive</kind>
         <file>rtsv7M4_T_le_v4SPD16_eabi.lib</file>
         <name>memory.obj</name>
      </input_file>
      <input_file id="fl-d6">
         <path>C:\ti\ccsv6\tools\compiler\arm_15.12.3.LTS\lib\</path>
         <kind>archive</kind>
         <file>rtsv7M4_T_le_v4SPD16_eabi.lib</file>
         <name>memset_t2.obj</name>
      </input_file>
      <input_file id="fl-d7">
         <path>C:\ti\ccsv6\tools\compiler\arm_15.12.3.LTS\lib\</path>
         <kind>archive</kind>
         <file>rtsv7M4_T_le_v4SPD16_eabi.lib</file>
         <name>mpu_init.obj</name>
      </input_file>
      <input_file id="fl-d8">
         <path>C:\ti\ccsv6\tools\compiler\arm_15.12.3.LTS\lib\</path>
         <kind>archive</kind>
         <file>rtsv7M4_T_le_v4SPD16_eabi.lib</file>
         <name>pre_init.obj</name>
      </input_file>
      <input_file id="fl-d9">
         <path>C:\ti\ccsv6\tools\compiler\arm_15.12.3.LTS\lib\</path>
         <kind>archive</kind>
         <file>rtsv7M4_T_le_v4SPD16_eabi.lib</file>
         <name>s_scalbn.obj</name>
      </input_file>
      <input_file id="fl-da">
         <path>C:\ti\ccsv6\tools\compiler\arm_15.12.3.LTS\lib\</path>
         <kind>archive</kind>
         <file>rtsv7M4_T_le_v4SPD16_eabi.lib</file>
         <name>s_sin.obj</name>
      </input_file>
      <input_file id="fl-db">
         <path>C:\ti\ccsv6\tools\compiler\arm_15.12.3.LTS\lib\</path>
         <kind>archive</kind>
         <file>rtsv7M4_T_le_v4SPD16_eabi.lib</file>
         <name>stkdepth_vars.obj</name>
      </input_file>
      <input_file id="fl-dc">
         <path>C:\ti\ccsv6\tools\compiler\arm_15.12.3.LTS\lib\</path>
         <kind>archive</kind>
         <file>rtsv7M4_T_le_v4SPD16_eabi.lib</file>
         <name>_lock.obj</name>
      </input_file>
      <input_file id="fl-dd">
         <path>C:\ti\ccsv6\tools\compiler\arm_15.12.3.LTS\lib\</path>
         <kind>archive</kind>
         <file>rtsv7M4_T_le_v4SPD16_eabi.lib</file>
         <name>args_main.obj</name>
      </input_file>
      <input_file id="fl-de">
         <path>C:\ti\ccsv6\tools\compiler\arm_15.12.3.LTS\lib\</path>
         <kind>archive</kind>
         <file>rtsv7M4_T_le_v4SPD16_eabi.lib</file>
         <name>autoinit.obj</name>
      </input_file>
      <input_file id="fl-df">
         <path>C:\ti\ccsv6\tools\compiler\arm_15.12.3.LTS\lib\</path>
         <kind>archive</kind>
         <file>rtsv7M4_T_le_v4SPD16_eabi.lib</file>
         <name>cpy_tbl.obj</name>
      </input_file>
      <input_file id="fl-e0">
         <path>C:\ti\ccsv6\tools\compiler\arm_15.12.3.LTS\lib\</path>
         <kind>archive</kind>
         <file>rtsv7M4_T_le_v4SPD16_eabi.lib</file>
         <name>fd_toi_t2.obj</name>
      </input_file>
      <input_file id="fl-e1">
         <path>C:\ti\ccsv6\tools\compiler\arm_15.12.3.LTS\lib\</path>
         <kind>archive</kind>
         <file>rtsv7M4_T_le_v4SPD16_eabi.lib</file>
         <name>k_cos.obj</name>
      </input_file>
      <input_file id="fl-e2">
         <path>C:\ti\ccsv6\tools\compiler\arm_15.12.3.LTS\lib\</path>
         <kind>archive</kind>
         <file>rtsv7M4_T_le_v4SPD16_eabi.lib</file>
         <name>k_rem_pio2.obj</name>
      </input_file>
      <input_file id="fl-e3">
         <path>C:\ti\ccsv6\tools\compiler\arm_15.12.3.LTS\lib\</path>
         <kind>archive</kind>
         <file>rtsv7M4_T_le_v4SPD16_eabi.lib</file>
         <name>k_sin.obj</name>
      </input_file>
      <input_file id="fl-e4">
         <path>C:\ti\ccsv6\tools\compiler\arm_15.12.3.LTS\lib\</path>
         <kind>archive</kind>
         <file>rtsv7M4_T_le_v4SPD16_eabi.lib</file>
         <name>s_copysign.obj</name>
      </input_file>
      <input_file id="fl-e5">
         <path>C:\ti\ccsv6\tools\compiler\arm_15.12.3.LTS\lib\</path>
         <kind>archive</kind>
         <file>rtsv7M4_T_le_v4SPD16_eabi.lib</file>
         <name>s_floor.obj</name>
      </input_file>
      <input_file id="fl-e6">
         <path>C:\ti\ccsv6\tools\compiler\arm_15.12.3.LTS\lib\</path>
         <kind>archive</kind>
         <file>rtsv7M4_T_le_v4SPD16_eabi.lib</file>
         <name>startup.obj</name>
      </input_file>
   </input_file_list>
   <object_component_list>
      <object_component id="oc-2c">
         <name>.intvecs:retain</name>
         <load_address>0x0</load_address>
         <run_address>0x0</run_address>
         <size>0xe4</size>
         <input_file_ref idref="fl-7"/>
      </object_component>
      <object_component id="oc-16a">
         <name>.text</name>
         <load_address>0xe4</load_address>
         <run_address>0xe4</run_address>
         <size>0x9ac</size>
         <input_file_ref idref="fl-c8"/>
      </object_component>
      <object_component id="oc-1af">
         <name>.text</name>
         <load_address>0xa90</load_address>
         <run_address>0xa90</run_address>
         <size>0x740</size>
         <input_file_ref idref="fl-e2"/>
      </object_component>
      <object_component id="oc-14a">
         <name>.text</name>
         <load_address>0x11d0</load_address>
         <run_address>0x11d0</run_address>
         <size>0x5d0</size>
         <input_file_ref idref="fl-da"/>
      </object_component>
      <object_component id="oc-e1">
         <name>.text</name>
         <load_address>0x17a0</load_address>
         <run_address>0x17a0</run_address>
         <size>0x3dc</size>
         <input_file_ref idref="fl-d5"/>
      </object_component>
      <object_component id="oc-c2">
         <name>.text</name>
         <load_address>0x1b7c</load_address>
         <run_address>0x1b7c</run_address>
         <size>0x32c</size>
         <input_file_ref idref="fl-8"/>
      </object_component>
      <object_component id="oc-15a">
         <name>.text</name>
         <load_address>0x1ea8</load_address>
         <run_address>0x1ea8</run_address>
         <size>0x1b6</size>
         <input_file_ref idref="fl-cc"/>
      </object_component>
      <object_component id="oc-58">
         <name>.text</name>
         <load_address>0x205e</load_address>
         <run_address>0x205e</run_address>
         <size>0x2</size>
         <input_file_ref idref="fl-d7"/>
      </object_component>
      <object_component id="oc-cf">
         <name>.text</name>
         <load_address>0x2060</load_address>
         <run_address>0x2060</run_address>
         <size>0x1b0</size>
         <input_file_ref idref="fl-2"/>
      </object_component>
      <object_component id="oc-db">
         <name>.text</name>
         <load_address>0x2210</load_address>
         <run_address>0x2210</run_address>
         <size>0x18c</size>
         <input_file_ref idref="fl-6"/>
      </object_component>
      <object_component id="oc-19f">
         <name>.text</name>
         <load_address>0x239c</load_address>
         <run_address>0x239c</run_address>
         <size>0x174</size>
         <input_file_ref idref="fl-e3"/>
      </object_component>
      <object_component id="oc-1c7">
         <name>.text</name>
         <load_address>0x2510</load_address>
         <run_address>0x2510</run_address>
         <size>0x170</size>
         <input_file_ref idref="fl-c9"/>
      </object_component>
      <object_component id="oc-1b5">
         <name>.text</name>
         <load_address>0x2680</load_address>
         <run_address>0x2680</run_address>
         <size>0x16c</size>
         <input_file_ref idref="fl-e1"/>
      </object_component>
      <object_component id="oc-80">
         <name>.text</name>
         <load_address>0x27ec</load_address>
         <run_address>0x27ec</run_address>
         <size>0x150</size>
         <input_file_ref idref="fl-4"/>
      </object_component>
      <object_component id="oc-165">
         <name>.text</name>
         <load_address>0x293c</load_address>
         <run_address>0x293c</run_address>
         <size>0x136</size>
         <input_file_ref idref="fl-ce"/>
      </object_component>
      <object_component id="oc-ad">
         <name>.text</name>
         <load_address>0x2a72</load_address>
         <run_address>0x2a72</run_address>
         <size>0x2</size>
         <input_file_ref idref="fl-e6"/>
      </object_component>
      <object_component id="oc-d5">
         <name>.text</name>
         <load_address>0x2a74</load_address>
         <run_address>0x2a74</run_address>
         <size>0x120</size>
         <input_file_ref idref="fl-a"/>
      </object_component>
      <object_component id="oc-c9">
         <name>.text</name>
         <load_address>0x2b94</load_address>
         <run_address>0x2b94</run_address>
         <size>0x100</size>
         <input_file_ref idref="fl-5"/>
      </object_component>
      <object_component id="oc-150">
         <name>.text</name>
         <load_address>0x2c94</load_address>
         <run_address>0x2c94</run_address>
         <size>0xfc</size>
         <input_file_ref idref="fl-cf"/>
      </object_component>
      <object_component id="oc-1d8">
         <name>.text</name>
         <load_address>0x2d90</load_address>
         <run_address>0x2d90</run_address>
         <size>0xfc</size>
         <input_file_ref idref="fl-d9"/>
      </object_component>
      <object_component id="oc-1ec">
         <name>.text</name>
         <load_address>0x2e8c</load_address>
         <run_address>0x2e8c</run_address>
         <size>0xf8</size>
         <input_file_ref idref="fl-e5"/>
      </object_component>
      <object_component id="oc-33">
         <name>.text</name>
         <load_address>0x2f84</load_address>
         <run_address>0x2f84</run_address>
         <size>0x9c</size>
         <input_file_ref idref="fl-d4"/>
      </object_component>
      <object_component id="oc-1aa">
         <name>.text:__aeabi_cdcmple</name>
         <load_address>0x3020</load_address>
         <run_address>0x3020</run_address>
         <size>0x86</size>
         <input_file_ref idref="fl-cd"/>
      </object_component>
      <object_component id="oc-1d3">
         <name>.text:__aeabi_cdrcmple</name>
         <load_address>0x30a6</load_address>
         <run_address>0x30a6</run_address>
         <size>0x86</size>
         <input_file_ref idref="fl-cd"/>
      </object_component>
      <object_component id="oc-4c">
         <name>.text</name>
         <load_address>0x312c</load_address>
         <run_address>0x312c</run_address>
         <size>0x7a</size>
         <input_file_ref idref="fl-d6"/>
      </object_component>
      <object_component id="oc-64">
         <name>.text</name>
         <load_address>0x31a8</load_address>
         <run_address>0x31a8</run_address>
         <size>0x70</size>
         <input_file_ref idref="fl-de"/>
      </object_component>
      <object_component id="oc-15f">
         <name>.text</name>
         <load_address>0x3218</load_address>
         <run_address>0x3218</run_address>
         <size>0x6e</size>
         <input_file_ref idref="fl-d0"/>
      </object_component>
      <object_component id="oc-3f">
         <name>.text</name>
         <load_address>0x3286</load_address>
         <run_address>0x3286</run_address>
         <size>0x6a</size>
         <input_file_ref idref="fl-c6"/>
      </object_component>
      <object_component id="oc-26">
         <name>.text</name>
         <load_address>0x32f0</load_address>
         <run_address>0x32f0</run_address>
         <size>0x54</size>
         <input_file_ref idref="fl-c4"/>
      </object_component>
      <object_component id="oc-70">
         <name>.text</name>
         <load_address>0x3344</load_address>
         <run_address>0x3344</run_address>
         <size>0x54</size>
         <input_file_ref idref="fl-cb"/>
      </object_component>
      <object_component id="oc-a7">
         <name>.text</name>
         <load_address>0x3398</load_address>
         <run_address>0x3398</run_address>
         <size>0x4c</size>
         <input_file_ref idref="fl-df"/>
      </object_component>
      <object_component id="oc-19a">
         <name>.text</name>
         <load_address>0x33e4</load_address>
         <run_address>0x33e4</run_address>
         <size>0x48</size>
         <input_file_ref idref="fl-e0"/>
      </object_component>
      <object_component id="oc-e7">
         <name>.text</name>
         <load_address>0x342c</load_address>
         <run_address>0x342c</run_address>
         <size>0x48</size>
         <input_file_ref idref="fl-9"/>
      </object_component>
      <object_component id="oc-155">
         <name>.text</name>
         <load_address>0x3474</load_address>
         <run_address>0x3474</run_address>
         <size>0x44</size>
         <input_file_ref idref="fl-d1"/>
      </object_component>
      <object_component id="oc-145">
         <name>.text</name>
         <load_address>0x34b8</load_address>
         <run_address>0x34b8</run_address>
         <size>0x38</size>
         <input_file_ref idref="fl-d2"/>
      </object_component>
      <object_component id="oc-1a5">
         <name>.text</name>
         <load_address>0x34f0</load_address>
         <run_address>0x34f0</run_address>
         <size>0x2e</size>
         <input_file_ref idref="fl-d3"/>
      </object_component>
      <object_component id="oc-6a">
         <name>.text</name>
         <load_address>0x3520</load_address>
         <run_address>0x3520</run_address>
         <size>0x18</size>
         <input_file_ref idref="fl-dd"/>
      </object_component>
      <object_component id="oc-127">
         <name>.text</name>
         <load_address>0x3538</load_address>
         <run_address>0x3538</run_address>
         <size>0x14</size>
         <input_file_ref idref="fl-dc"/>
      </object_component>
      <object_component id="oc-208">
         <name>.text</name>
         <load_address>0x354c</load_address>
         <run_address>0x354c</run_address>
         <size>0x14</size>
         <input_file_ref idref="fl-e4"/>
      </object_component>
      <object_component id="oc-14">
         <name>.text:decompress:none</name>
         <load_address>0x3560</load_address>
         <run_address>0x3560</run_address>
         <size>0xe</size>
         <input_file_ref idref="fl-c5"/>
      </object_component>
      <object_component id="oc-7a">
         <name>.text</name>
         <load_address>0x356e</load_address>
         <run_address>0x356e</run_address>
         <size>0xe</size>
         <input_file_ref idref="fl-7"/>
      </object_component>
      <object_component id="oc-1a">
         <name>.text:decompress:rle24</name>
         <load_address>0x357c</load_address>
         <run_address>0x357c</run_address>
         <size>0x6</size>
         <input_file_ref idref="fl-c6"/>
      </object_component>
      <object_component id="oc-5e">
         <name>.text</name>
         <load_address>0x3582</load_address>
         <run_address>0x3582</run_address>
         <size>0x4</size>
         <input_file_ref idref="fl-d8"/>
      </object_component>
      <object_component id="oc-1f2">
         <name>.const:$O1$$</name>
         <load_address>0x3588</load_address>
         <run_address>0x3588</run_address>
         <size>0x158</size>
         <input_file_ref idref="fl-e2"/>
      </object_component>
      <object_component id="oc-1d0">
         <name>.const:$O1$$</name>
         <load_address>0x36e0</load_address>
         <run_address>0x36e0</run_address>
         <size>0x30</size>
         <input_file_ref idref="fl-c8"/>
      </object_component>
      <object_component id="oc-24a">
         <name>.cinit..data.load</name>
         <load_address>0x3710</load_address>
         <run_address>0x3710</run_address>
         <size>0x23</size>
      </object_component>
      <object_component id="oc-24b">
         <name>.cinit..bss.load</name>
         <load_address>0x3738</load_address>
         <run_address>0x3738</run_address>
         <size>0x9</size>
      </object_component>
      <object_component id="oc-248">
         <name>__TI_handler_table</name>
         <load_address>0x3744</load_address>
         <run_address>0x3744</run_address>
         <size>0x8</size>
      </object_component>
      <object_component id="oc-249">
         <name>__TI_cinit_table</name>
         <load_address>0x374c</load_address>
         <run_address>0x374c</run_address>
         <size>0x10</size>
      </object_component>
      <object_component id="oc-225">
         <name>.binit</name>
         <load_address>0x0</load_address>
         <run_address>0x0</run_address>
         <size>0x0</size>
      </object_component>
      <object_component id="oc-133">
         <name>.data</name>
         <load_address>0x20000428</load_address>
         <run_address>0x20000428</run_address>
         <size>0x4</size>
         <input_file_ref idref="fl-8"/>
      </object_component>
      <object_component id="oc-1cd">
         <name>.data</name>
         <load_address>0x20000420</load_address>
         <run_address>0x20000420</run_address>
         <size>0x4</size>
         <input_file_ref idref="fl-ca"/>
      </object_component>
      <object_component id="oc-b7">
         <name>.data:$O1$$</name>
         <load_address>0x20000400</load_address>
         <run_address>0x20000400</run_address>
         <size>0xc</size>
         <input_file_ref idref="fl-cb"/>
      </object_component>
      <object_component id="oc-172">
         <name>.data:$O1$$</name>
         <load_address>0x2000040c</load_address>
         <run_address>0x2000040c</run_address>
         <size>0xc</size>
         <input_file_ref idref="fl-d5"/>
      </object_component>
      <object_component id="oc-76">
         <name>.data</name>
         <load_address>0x20000424</load_address>
         <run_address>0x20000424</run_address>
         <size>0x4</size>
         <input_file_ref idref="fl-db"/>
      </object_component>
      <object_component id="oc-ba">
         <name>.data:$O1$$</name>
         <load_address>0x20000418</load_address>
         <run_address>0x20000418</run_address>
         <size>0x8</size>
         <input_file_ref idref="fl-dc"/>
      </object_component>
      <object_component id="oc-f0">
         <name>.common:current_message</name>
         <uninitialized>true</uninitialized>
         <run_address>0x2000043c</run_address>
         <size>0x5</size>
      </object_component>
      <object_component id="oc-ed">
         <name>.common:message_buf</name>
         <uninitialized>true</uninitialized>
         <run_address>0x2000042c</run_address>
         <size>0x10</size>
      </object_component>
      <object_component id="oc-30">
         <name>.sysmem</name>
         <uninitialized>true</uninitialized>
         <run_address>0x20000000</run_address>
         <size>0x8</size>
         <input_file_ref idref="fl-d5"/>
      </object_component>
      <object_component id="oc-24d">
         <name>.sysmem</name>
         <uninitialized>true</uninitialized>
         <run_address>0x20000000</run_address>
         <size>0x0</size>
      </object_component>
      <object_component id="oc-2f">
         <name>.stack</name>
         <uninitialized>true</uninitialized>
         <run_address>0x2000fe00</run_address>
         <size>0x0</size>
         <input_file_ref idref="fl-c4"/>
      </object_component>
      <object_component id="oc-24c">
         <name>.stack</name>
         <uninitialized>true</uninitialized>
         <run_address>0x2000fe00</run_address>
         <size>0x0</size>
      </object_component>
      <object_component id="oc-13f">
         <name>.debug_info</name>
         <load_address>0x0</load_address>
         <run_address>0x0</run_address>
         <size>0x3d5</size>
         <input_file_ref idref="fl-2"/>
      </object_component>
      <object_component id="oc-d0">
         <name>.debug_info</name>
         <load_address>0x3d5</load_address>
         <run_address>0x3d5</run_address>
         <size>0x492</size>
         <input_file_ref idref="fl-2"/>
      </object_component>
      <object_component id="oc-17a">
         <name>.debug_info</name>
         <load_address>0x867</load_address>
         <run_address>0x867</run_address>
         <size>0x103e</size>
         <input_file_ref idref="fl-2"/>
      </object_component>
      <object_component id="oc-140">
         <name>.debug_info</name>
         <load_address>0x18a5</load_address>
         <run_address>0x18a5</run_address>
         <size>0x37a3</size>
         <input_file_ref idref="fl-2"/>
      </object_component>
      <object_component id="oc-192">
         <name>.debug_info</name>
         <load_address>0x5048</load_address>
         <run_address>0x5048</run_address>
         <size>0x110</size>
         <input_file_ref idref="fl-2"/>
      </object_component>
      <object_component id="oc-95">
         <name>.debug_info</name>
         <load_address>0x5158</load_address>
         <run_address>0x5158</run_address>
         <size>0x84</size>
         <input_file_ref idref="fl-2"/>
      </object_component>
      <object_component id="oc-fc">
         <name>.debug_info</name>
         <load_address>0x51dc</load_address>
         <run_address>0x51dc</run_address>
         <size>0x18b</size>
         <input_file_ref idref="fl-2"/>
      </object_component>
      <object_component id="oc-ee">
         <name>.debug_info</name>
         <load_address>0x5367</load_address>
         <run_address>0x5367</run_address>
         <size>0x6a2</size>
         <input_file_ref idref="fl-4"/>
      </object_component>
      <object_component id="oc-81">
         <name>.debug_info</name>
         <load_address>0x5a09</load_address>
         <run_address>0x5a09</run_address>
         <size>0x3b9</size>
         <input_file_ref idref="fl-4"/>
      </object_component>
      <object_component id="oc-17f">
         <name>.debug_info</name>
         <load_address>0x5dc2</load_address>
         <run_address>0x5dc2</run_address>
         <size>0xc8</size>
         <input_file_ref idref="fl-4"/>
      </object_component>
      <object_component id="oc-138">
         <name>.debug_info</name>
         <load_address>0x5e8a</load_address>
         <run_address>0x5e8a</run_address>
         <size>0xdd</size>
         <input_file_ref idref="fl-4"/>
      </object_component>
      <object_component id="oc-f2">
         <name>.debug_info</name>
         <load_address>0x5f67</load_address>
         <run_address>0x5f67</run_address>
         <size>0x146</size>
         <input_file_ref idref="fl-4"/>
      </object_component>
      <object_component id="oc-f7">
         <name>.debug_info</name>
         <load_address>0x60ad</load_address>
         <run_address>0x60ad</run_address>
         <size>0x79</size>
         <input_file_ref idref="fl-4"/>
      </object_component>
      <object_component id="oc-13d">
         <name>.debug_info</name>
         <load_address>0x6126</load_address>
         <run_address>0x6126</run_address>
         <size>0x40f</size>
         <input_file_ref idref="fl-5"/>
      </object_component>
      <object_component id="oc-ca">
         <name>.debug_info</name>
         <load_address>0x6535</load_address>
         <run_address>0x6535</run_address>
         <size>0x41f</size>
         <input_file_ref idref="fl-5"/>
      </object_component>
      <object_component id="oc-171">
         <name>.debug_info</name>
         <load_address>0x6954</load_address>
         <run_address>0x6954</run_address>
         <size>0x158</size>
         <input_file_ref idref="fl-6"/>
      </object_component>
      <object_component id="oc-dc">
         <name>.debug_info</name>
         <load_address>0x6aac</load_address>
         <run_address>0x6aac</run_address>
         <size>0x49f</size>
         <input_file_ref idref="fl-6"/>
      </object_component>
      <object_component id="oc-88">
         <name>.debug_info</name>
         <load_address>0x6f4b</load_address>
         <run_address>0x6f4b</run_address>
         <size>0x138</size>
         <input_file_ref idref="fl-7"/>
      </object_component>
      <object_component id="oc-2d">
         <name>.debug_info</name>
         <load_address>0x7083</load_address>
         <run_address>0x7083</run_address>
         <size>0x110</size>
         <input_file_ref idref="fl-7"/>
      </object_component>
      <object_component id="oc-7d">
         <name>.debug_info</name>
         <load_address>0x7193</load_address>
         <run_address>0x7193</run_address>
         <size>0x1d7</size>
         <input_file_ref idref="fl-7"/>
      </object_component>
      <object_component id="oc-134">
         <name>.debug_info</name>
         <load_address>0x736a</load_address>
         <run_address>0x736a</run_address>
         <size>0x109</size>
         <input_file_ref idref="fl-8"/>
      </object_component>
      <object_component id="oc-c5">
         <name>.debug_info</name>
         <load_address>0x7473</load_address>
         <run_address>0x7473</run_address>
         <size>0x27b</size>
         <input_file_ref idref="fl-8"/>
      </object_component>
      <object_component id="oc-177">
         <name>.debug_info</name>
         <load_address>0x76ee</load_address>
         <run_address>0x76ee</run_address>
         <size>0x3a2</size>
         <input_file_ref idref="fl-9"/>
      </object_component>
      <object_component id="oc-e8">
         <name>.debug_info</name>
         <load_address>0x7a90</load_address>
         <run_address>0x7a90</run_address>
         <size>0x21e</size>
         <input_file_ref idref="fl-9"/>
      </object_component>
      <object_component id="oc-d6">
         <name>.debug_info</name>
         <load_address>0x7cae</load_address>
         <run_address>0x7cae</run_address>
         <size>0x391</size>
         <input_file_ref idref="fl-a"/>
      </object_component>
      <object_component id="oc-29">
         <name>.debug_info</name>
         <load_address>0x803f</load_address>
         <run_address>0x803f</run_address>
         <size>0x161</size>
         <input_file_ref idref="fl-c4"/>
      </object_component>
      <object_component id="oc-3e">
         <name>.debug_info</name>
         <load_address>0x81a0</load_address>
         <run_address>0x81a0</run_address>
         <size>0x141</size>
         <input_file_ref idref="fl-c5"/>
      </object_component>
      <object_component id="oc-15">
         <name>.debug_info</name>
         <load_address>0x82e1</load_address>
         <run_address>0x82e1</run_address>
         <size>0x1e0</size>
         <input_file_ref idref="fl-c5"/>
      </object_component>
      <object_component id="oc-39">
         <name>.debug_info</name>
         <load_address>0x84c1</load_address>
         <run_address>0x84c1</run_address>
         <size>0x46</size>
         <input_file_ref idref="fl-c5"/>
      </object_component>
      <object_component id="oc-8e">
         <name>.debug_info</name>
         <load_address>0x8507</load_address>
         <run_address>0x8507</run_address>
         <size>0x2c</size>
         <input_file_ref idref="fl-c5"/>
      </object_component>
      <object_component id="oc-46">
         <name>.debug_info</name>
         <load_address>0x8533</load_address>
         <run_address>0x8533</run_address>
         <size>0x135</size>
         <input_file_ref idref="fl-c6"/>
      </object_component>
      <object_component id="oc-43">
         <name>.debug_info</name>
         <load_address>0x8668</load_address>
         <run_address>0x8668</run_address>
         <size>0x248</size>
         <input_file_ref idref="fl-c6"/>
      </object_component>
      <object_component id="oc-1d">
         <name>.debug_info</name>
         <load_address>0x88b0</load_address>
         <run_address>0x88b0</run_address>
         <size>0x1b2</size>
         <input_file_ref idref="fl-c6"/>
      </object_component>
      <object_component id="oc-47">
         <name>.debug_info</name>
         <load_address>0x8a62</load_address>
         <run_address>0x8a62</run_address>
         <size>0x39</size>
         <input_file_ref idref="fl-c6"/>
      </object_component>
      <object_component id="oc-9d">
         <name>.debug_info</name>
         <load_address>0x8a9b</load_address>
         <run_address>0x8a9b</run_address>
         <size>0x2c</size>
         <input_file_ref idref="fl-c6"/>
      </object_component>
      <object_component id="oc-1df">
         <name>.debug_info</name>
         <load_address>0x8ac7</load_address>
         <run_address>0x8ac7</run_address>
         <size>0x202</size>
         <input_file_ref idref="fl-c8"/>
      </object_component>
      <object_component id="oc-1d1">
         <name>.debug_info</name>
         <load_address>0x8cc9</load_address>
         <run_address>0x8cc9</run_address>
         <size>0x11e</size>
         <input_file_ref idref="fl-c8"/>
      </object_component>
      <object_component id="oc-16e">
         <name>.debug_info</name>
         <load_address>0x8de7</load_address>
         <run_address>0x8de7</run_address>
         <size>0xb76</size>
         <input_file_ref idref="fl-c8"/>
      </object_component>
      <object_component id="oc-1bc">
         <name>.debug_info</name>
         <load_address>0x995d</load_address>
         <run_address>0x995d</run_address>
         <size>0x39</size>
         <input_file_ref idref="fl-c8"/>
      </object_component>
      <object_component id="oc-202">
         <name>.debug_info</name>
         <load_address>0x9996</load_address>
         <run_address>0x9996</run_address>
         <size>0x14a</size>
         <input_file_ref idref="fl-c9"/>
      </object_component>
      <object_component id="oc-1ca">
         <name>.debug_info</name>
         <load_address>0x9ae0</load_address>
         <run_address>0x9ae0</run_address>
         <size>0x241</size>
         <input_file_ref idref="fl-c9"/>
      </object_component>
      <object_component id="oc-1ce">
         <name>.debug_info</name>
         <load_address>0x9d21</load_address>
         <run_address>0x9d21</run_address>
         <size>0xf4</size>
         <input_file_ref idref="fl-ca"/>
      </object_component>
      <object_component id="oc-be">
         <name>.debug_info</name>
         <load_address>0x9e15</load_address>
         <run_address>0x9e15</run_address>
         <size>0x235</size>
         <input_file_ref idref="fl-cb"/>
      </object_component>
      <object_component id="oc-b8">
         <name>.debug_info</name>
         <load_address>0xa04a</load_address>
         <run_address>0xa04a</run_address>
         <size>0x186</size>
         <input_file_ref idref="fl-cb"/>
      </object_component>
      <object_component id="oc-74">
         <name>.debug_info</name>
         <load_address>0xa1d0</load_address>
         <run_address>0xa1d0</run_address>
         <size>0x215</size>
         <input_file_ref idref="fl-cb"/>
      </object_component>
      <object_component id="oc-15b">
         <name>.debug_info</name>
         <load_address>0xa3e5</load_address>
         <run_address>0xa3e5</run_address>
         <size>0x145</size>
         <input_file_ref idref="fl-cc"/>
      </object_component>
      <object_component id="oc-1ac">
         <name>.debug_info</name>
         <load_address>0xa52a</load_address>
         <run_address>0xa52a</run_address>
         <size>0x121</size>
         <input_file_ref idref="fl-cd"/>
      </object_component>
      <object_component id="oc-1d6">
         <name>.debug_info</name>
         <load_address>0xa64b</load_address>
         <run_address>0xa64b</run_address>
         <size>0x123</size>
         <input_file_ref idref="fl-cd"/>
      </object_component>
      <object_component id="oc-167">
         <name>.debug_info</name>
         <load_address>0xa76e</load_address>
         <run_address>0xa76e</run_address>
         <size>0x133</size>
         <input_file_ref idref="fl-ce"/>
      </object_component>
      <object_component id="oc-153">
         <name>.debug_info</name>
         <load_address>0xa8a1</load_address>
         <run_address>0xa8a1</run_address>
         <size>0x133</size>
         <input_file_ref idref="fl-cf"/>
      </object_component>
      <object_component id="oc-160">
         <name>.debug_info</name>
         <load_address>0xa9d4</load_address>
         <run_address>0xa9d4</run_address>
         <size>0x137</size>
         <input_file_ref idref="fl-d0"/>
      </object_component>
      <object_component id="oc-157">
         <name>.debug_info</name>
         <load_address>0xab0b</load_address>
         <run_address>0xab0b</run_address>
         <size>0x132</size>
         <input_file_ref idref="fl-d1"/>
      </object_component>
      <object_component id="oc-148">
         <name>.debug_info</name>
         <load_address>0xac3d</load_address>
         <run_address>0xac3d</run_address>
         <size>0x125</size>
         <input_file_ref idref="fl-d2"/>
      </object_component>
      <object_component id="oc-1a7">
         <name>.debug_info</name>
         <load_address>0xad62</load_address>
         <run_address>0xad62</run_address>
         <size>0x125</size>
         <input_file_ref idref="fl-d3"/>
      </object_component>
      <object_component id="oc-34">
         <name>.debug_info</name>
         <load_address>0xae87</load_address>
         <run_address>0xae87</run_address>
         <size>0x112</size>
         <input_file_ref idref="fl-d4"/>
      </object_component>
      <object_component id="oc-8b">
         <name>.debug_info</name>
         <load_address>0xaf99</load_address>
         <run_address>0xaf99</run_address>
         <size>0x223</size>
         <input_file_ref idref="fl-d5"/>
      </object_component>
      <object_component id="oc-31">
         <name>.debug_info</name>
         <load_address>0xb1bc</load_address>
         <run_address>0xb1bc</run_address>
         <size>0x102</size>
         <input_file_ref idref="fl-d5"/>
      </object_component>
      <object_component id="oc-173">
         <name>.debug_info</name>
         <load_address>0xb2be</load_address>
         <run_address>0xb2be</run_address>
         <size>0x14d</size>
         <input_file_ref idref="fl-d5"/>
      </object_component>
      <object_component id="oc-e2">
         <name>.debug_info</name>
         <load_address>0xb40b</load_address>
         <run_address>0xb40b</run_address>
         <size>0x88c</size>
         <input_file_ref idref="fl-d5"/>
      </object_component>
      <object_component id="oc-105">
         <name>.debug_info</name>
         <load_address>0xbc97</load_address>
         <run_address>0xbc97</run_address>
         <size>0x2c</size>
         <input_file_ref idref="fl-d5"/>
      </object_component>
      <object_component id="oc-10a">
         <name>.debug_info</name>
         <load_address>0xbcc3</load_address>
         <run_address>0xbcc3</run_address>
         <size>0x62</size>
         <input_file_ref idref="fl-d5"/>
      </object_component>
      <object_component id="oc-4e">
         <name>.debug_info</name>
         <load_address>0xbd25</load_address>
         <run_address>0xbd25</run_address>
         <size>0x140</size>
         <input_file_ref idref="fl-d6"/>
      </object_component>
      <object_component id="oc-5a">
         <name>.debug_info</name>
         <load_address>0xbe65</load_address>
         <run_address>0xbe65</run_address>
         <size>0x139</size>
         <input_file_ref idref="fl-d7"/>
      </object_component>
      <object_component id="oc-61">
         <name>.debug_info</name>
         <load_address>0xbf9e</load_address>
         <run_address>0xbf9e</run_address>
         <size>0x149</size>
         <input_file_ref idref="fl-d8"/>
      </object_component>
      <object_component id="oc-20f">
         <name>.debug_info</name>
         <load_address>0xc0e7</load_address>
         <run_address>0xc0e7</run_address>
         <size>0x17d</size>
         <input_file_ref idref="fl-d9"/>
      </object_component>
      <object_component id="oc-1da">
         <name>.debug_info</name>
         <load_address>0xc264</load_address>
         <run_address>0xc264</run_address>
         <size>0x1d6</size>
         <input_file_ref idref="fl-d9"/>
      </object_component>
      <object_component id="oc-1f8">
         <name>.debug_info</name>
         <load_address>0xc43a</load_address>
         <run_address>0xc43a</run_address>
         <size>0x2c</size>
         <input_file_ref idref="fl-d9"/>
      </object_component>
      <object_component id="oc-1c1">
         <name>.debug_info</name>
         <load_address>0xc466</load_address>
         <run_address>0xc466</run_address>
         <size>0x267</size>
         <input_file_ref idref="fl-da"/>
      </object_component>
      <object_component id="oc-14b">
         <name>.debug_info</name>
         <load_address>0xc6cd</load_address>
         <run_address>0xc6cd</run_address>
         <size>0x78b</size>
         <input_file_ref idref="fl-da"/>
      </object_component>
      <object_component id="oc-77">
         <name>.debug_info</name>
         <load_address>0xce58</load_address>
         <run_address>0xce58</run_address>
         <size>0x10a</size>
         <input_file_ref idref="fl-db"/>
      </object_component>
      <object_component id="oc-12f">
         <name>.debug_info</name>
         <load_address>0xcf62</load_address>
         <run_address>0xcf62</run_address>
         <size>0x125</size>
         <input_file_ref idref="fl-dc"/>
      </object_component>
      <object_component id="oc-bb">
         <name>.debug_info</name>
         <load_address>0xd087</load_address>
         <run_address>0xd087</run_address>
         <size>0x114</size>
         <input_file_ref idref="fl-dc"/>
      </object_component>
      <object_component id="oc-12a">
         <name>.debug_info</name>
         <load_address>0xd19b</load_address>
         <run_address>0xd19b</run_address>
         <size>0x220</size>
         <input_file_ref idref="fl-dc"/>
      </object_component>
      <object_component id="oc-b6">
         <name>.debug_info</name>
         <load_address>0xd3bb</load_address>
         <run_address>0xd3bb</run_address>
         <size>0x167</size>
         <input_file_ref idref="fl-dd"/>
      </object_component>
      <object_component id="oc-6d">
         <name>.debug_info</name>
         <load_address>0xd522</load_address>
         <run_address>0xd522</run_address>
         <size>0x168</size>
         <input_file_ref idref="fl-dd"/>
      </object_component>
      <object_component id="oc-120">
         <name>.debug_info</name>
         <load_address>0xd68a</load_address>
         <run_address>0xd68a</run_address>
         <size>0x5e</size>
         <input_file_ref idref="fl-dd"/>
      </object_component>
      <object_component id="oc-b4">
         <name>.debug_info</name>
         <load_address>0xd6e8</load_address>
         <run_address>0xd6e8</run_address>
         <size>0x2ea</size>
         <input_file_ref idref="fl-de"/>
      </object_component>
      <object_component id="oc-66">
         <name>.debug_info</name>
         <load_address>0xd9d2</load_address>
         <run_address>0xd9d2</run_address>
         <size>0x191</size>
         <input_file_ref idref="fl-de"/>
      </object_component>
      <object_component id="oc-114">
         <name>.debug_info</name>
         <load_address>0xdb63</load_address>
         <run_address>0xdb63</run_address>
         <size>0x39</size>
         <input_file_ref idref="fl-de"/>
      </object_component>
      <object_component id="oc-119">
         <name>.debug_info</name>
         <load_address>0xdb9c</load_address>
         <run_address>0xdb9c</run_address>
         <size>0xcd</size>
         <input_file_ref idref="fl-de"/>
      </object_component>
      <object_component id="oc-110">
         <name>.debug_info</name>
         <load_address>0xdc69</load_address>
         <run_address>0xdc69</run_address>
         <size>0x1e1</size>
         <input_file_ref idref="fl-df"/>
      </object_component>
      <object_component id="oc-a8">
         <name>.debug_info</name>
         <load_address>0xde4a</load_address>
         <run_address>0xde4a</run_address>
         <size>0x184</size>
         <input_file_ref idref="fl-df"/>
      </object_component>
      <object_component id="oc-186">
         <name>.debug_info</name>
         <load_address>0xdfce</load_address>
         <run_address>0xdfce</run_address>
         <size>0x2c</size>
         <input_file_ref idref="fl-df"/>
      </object_component>
      <object_component id="oc-19c">
         <name>.debug_info</name>
         <load_address>0xdffa</load_address>
         <run_address>0xdffa</run_address>
         <size>0x127</size>
         <input_file_ref idref="fl-e0"/>
      </object_component>
      <object_component id="oc-1fe">
         <name>.debug_info</name>
         <load_address>0xe121</load_address>
         <run_address>0xe121</run_address>
         <size>0xdf</size>
         <input_file_ref idref="fl-e1"/>
      </object_component>
      <object_component id="oc-1b6">
         <name>.debug_info</name>
         <load_address>0xe200</load_address>
         <run_address>0xe200</run_address>
         <size>0x31d</size>
         <input_file_ref idref="fl-e1"/>
      </object_component>
      <object_component id="oc-1f6">
         <name>.debug_info</name>
         <load_address>0xe51d</load_address>
         <run_address>0xe51d</run_address>
         <size>0x201</size>
         <input_file_ref idref="fl-e2"/>
      </object_component>
      <object_component id="oc-1f3">
         <name>.debug_info</name>
         <load_address>0xe71e</load_address>
         <run_address>0xe71e</run_address>
         <size>0x130</size>
         <input_file_ref idref="fl-e2"/>
      </object_component>
      <object_component id="oc-1b0">
         <name>.debug_info</name>
         <load_address>0xe84e</load_address>
         <run_address>0xe84e</run_address>
         <size>0x727</size>
         <input_file_ref idref="fl-e2"/>
      </object_component>
      <object_component id="oc-1e9">
         <name>.debug_info</name>
         <load_address>0xef75</load_address>
         <run_address>0xef75</run_address>
         <size>0xe4</size>
         <input_file_ref idref="fl-e3"/>
      </object_component>
      <object_component id="oc-1a3">
         <name>.debug_info</name>
         <load_address>0xf059</load_address>
         <run_address>0xf059</run_address>
         <size>0x376</size>
         <input_file_ref idref="fl-e3"/>
      </object_component>
      <object_component id="oc-20a">
         <name>.debug_info</name>
         <load_address>0xf3cf</load_address>
         <run_address>0xf3cf</run_address>
         <size>0x157</size>
         <input_file_ref idref="fl-e4"/>
      </object_component>
      <object_component id="oc-215">
         <name>.debug_info</name>
         <load_address>0xf526</load_address>
         <run_address>0xf526</run_address>
         <size>0x135</size>
         <input_file_ref idref="fl-e5"/>
      </object_component>
      <object_component id="oc-1ed">
         <name>.debug_info</name>
         <load_address>0xf65b</load_address>
         <run_address>0xf65b</run_address>
         <size>0x220</size>
         <input_file_ref idref="fl-e5"/>
      </object_component>
      <object_component id="oc-ae">
         <name>.debug_info</name>
         <load_address>0xf87b</load_address>
         <run_address>0xf87b</run_address>
         <size>0x146</size>
         <input_file_ref idref="fl-e6"/>
      </object_component>
      <object_component id="oc-24e">
         <name>.debug_info</name>
         <load_address>0xf9c1</load_address>
         <run_address>0xf9c1</run_address>
         <size>0xbf</size>
      </object_component>
      <object_component id="oc-198">
         <name>.debug_line</name>
         <load_address>0x0</load_address>
         <run_address>0x0</run_address>
         <size>0x20</size>
         <input_file_ref idref="fl-2"/>
      </object_component>
      <object_component id="oc-d3">
         <name>.debug_line</name>
         <load_address>0x20</load_address>
         <run_address>0x20</run_address>
         <size>0x12a</size>
         <input_file_ref idref="fl-2"/>
      </object_component>
      <object_component id="oc-17d">
         <name>.debug_line</name>
         <load_address>0x14a</load_address>
         <run_address>0x14a</run_address>
         <size>0x55</size>
         <input_file_ref idref="fl-2"/>
      </object_component>
      <object_component id="oc-143">
         <name>.debug_line</name>
         <load_address>0x19f</load_address>
         <run_address>0x19f</run_address>
         <size>0x52</size>
         <input_file_ref idref="fl-2"/>
      </object_component>
      <object_component id="oc-195">
         <name>.debug_line</name>
         <load_address>0x1f1</load_address>
         <run_address>0x1f1</run_address>
         <size>0x5f</size>
         <input_file_ref idref="fl-2"/>
      </object_component>
      <object_component id="oc-98">
         <name>.debug_line</name>
         <load_address>0x250</load_address>
         <run_address>0x250</run_address>
         <size>0x20</size>
         <input_file_ref idref="fl-2"/>
      </object_component>
      <object_component id="oc-ff">
         <name>.debug_line</name>
         <load_address>0x270</load_address>
         <run_address>0x270</run_address>
         <size>0x5f</size>
         <input_file_ref idref="fl-2"/>
      </object_component>
      <object_component id="oc-179">
         <name>.debug_line</name>
         <load_address>0x2cf</load_address>
         <run_address>0x2cf</run_address>
         <size>0xd2</size>
         <input_file_ref idref="fl-4"/>
      </object_component>
      <object_component id="oc-84">
         <name>.debug_line</name>
         <load_address>0x3a1</load_address>
         <run_address>0x3a1</run_address>
         <size>0xc9</size>
         <input_file_ref idref="fl-4"/>
      </object_component>
      <object_component id="oc-182">
         <name>.debug_line</name>
         <load_address>0x46a</load_address>
         <run_address>0x46a</run_address>
         <size>0x5e</size>
         <input_file_ref idref="fl-4"/>
      </object_component>
      <object_component id="oc-13b">
         <name>.debug_line</name>
         <load_address>0x4c8</load_address>
         <run_address>0x4c8</run_address>
         <size>0x37</size>
         <input_file_ref idref="fl-4"/>
      </object_component>
      <object_component id="oc-f5">
         <name>.debug_line</name>
         <load_address>0x4ff</load_address>
         <run_address>0x4ff</run_address>
         <size>0x2d</size>
         <input_file_ref idref="fl-4"/>
      </object_component>
      <object_component id="oc-fa">
         <name>.debug_line</name>
         <load_address>0x52c</load_address>
         <run_address>0x52c</run_address>
         <size>0x3b</size>
         <input_file_ref idref="fl-4"/>
      </object_component>
      <object_component id="oc-191">
         <name>.debug_line</name>
         <load_address>0x567</load_address>
         <run_address>0x567</run_address>
         <size>0x5f</size>
         <input_file_ref idref="fl-5"/>
      </object_component>
      <object_component id="oc-cd">
         <name>.debug_line</name>
         <load_address>0x5c6</load_address>
         <run_address>0x5c6</run_address>
         <size>0xe4</size>
         <input_file_ref idref="fl-5"/>
      </object_component>
      <object_component id="oc-1e2">
         <name>.debug_line</name>
         <load_address>0x6aa</load_address>
         <run_address>0x6aa</run_address>
         <size>0x5d</size>
         <input_file_ref idref="fl-6"/>
      </object_component>
      <object_component id="oc-df">
         <name>.debug_line</name>
         <load_address>0x707</load_address>
         <run_address>0x707</run_address>
         <size>0xde</size>
         <input_file_ref idref="fl-6"/>
      </object_component>
      <object_component id="oc-102">
         <name>.debug_line</name>
         <load_address>0x7e5</load_address>
         <run_address>0x7e5</run_address>
         <size>0x40</size>
         <input_file_ref idref="fl-7"/>
      </object_component>
      <object_component id="oc-87">
         <name>.debug_line</name>
         <load_address>0x825</load_address>
         <run_address>0x825</run_address>
         <size>0x40</size>
         <input_file_ref idref="fl-7"/>
      </object_component>
      <object_component id="oc-7b">
         <name>.debug_line</name>
         <load_address>0x865</load_address>
         <run_address>0x865</run_address>
         <size>0x71</size>
         <input_file_ref idref="fl-7"/>
      </object_component>
      <object_component id="oc-18f">
         <name>.debug_line</name>
         <load_address>0x8d6</load_address>
         <run_address>0x8d6</run_address>
         <size>0x3b</size>
         <input_file_ref idref="fl-8"/>
      </object_component>
      <object_component id="oc-c3">
         <name>.debug_line</name>
         <load_address>0x911</load_address>
         <run_address>0x911</run_address>
         <size>0x146</size>
         <input_file_ref idref="fl-8"/>
      </object_component>
      <object_component id="oc-1e6">
         <name>.debug_line</name>
         <load_address>0xa57</load_address>
         <run_address>0xa57</run_address>
         <size>0x20</size>
         <input_file_ref idref="fl-9"/>
      </object_component>
      <object_component id="oc-eb">
         <name>.debug_line</name>
         <load_address>0xa77</load_address>
         <run_address>0xa77</run_address>
         <size>0x6a</size>
         <input_file_ref idref="fl-9"/>
      </object_component>
      <object_component id="oc-da">
         <name>.debug_line</name>
         <load_address>0xae1</load_address>
         <run_address>0xae1</run_address>
         <size>0xdc</size>
         <input_file_ref idref="fl-a"/>
      </object_component>
      <object_component id="oc-28">
         <name>.debug_line</name>
         <load_address>0xbbd</load_address>
         <run_address>0xbbd</run_address>
         <size>0x53</size>
         <input_file_ref idref="fl-c4"/>
      </object_component>
      <object_component id="oc-94">
         <name>.debug_line</name>
         <load_address>0xc10</load_address>
         <run_address>0xc10</run_address>
         <size>0x8a</size>
         <input_file_ref idref="fl-c5"/>
      </object_component>
      <object_component id="oc-18">
         <name>.debug_line</name>
         <load_address>0xc9a</load_address>
         <run_address>0xc9a</run_address>
         <size>0x55</size>
         <input_file_ref idref="fl-c5"/>
      </object_component>
      <object_component id="oc-3c">
         <name>.debug_line</name>
         <load_address>0xcef</load_address>
         <run_address>0xcef</run_address>
         <size>0x3a</size>
         <input_file_ref idref="fl-c5"/>
      </object_component>
      <object_component id="oc-91">
         <name>.debug_line</name>
         <load_address>0xd29</load_address>
         <run_address>0xd29</run_address>
         <size>0x8a</size>
         <input_file_ref idref="fl-c5"/>
      </object_component>
      <object_component id="oc-9c">
         <name>.debug_line</name>
         <load_address>0xdb3</load_address>
         <run_address>0xdb3</run_address>
         <size>0x8a</size>
         <input_file_ref idref="fl-c6"/>
      </object_component>
      <object_component id="oc-40">
         <name>.debug_line</name>
         <load_address>0xe3d</load_address>
         <run_address>0xe3d</run_address>
         <size>0x98</size>
         <input_file_ref idref="fl-c6"/>
      </object_component>
      <object_component id="oc-1c">
         <name>.debug_line</name>
         <load_address>0xed5</load_address>
         <run_address>0xed5</run_address>
         <size>0x4b</size>
         <input_file_ref idref="fl-c6"/>
      </object_component>
      <object_component id="oc-4a">
         <name>.debug_line</name>
         <load_address>0xf20</load_address>
         <run_address>0xf20</run_address>
         <size>0x39</size>
         <input_file_ref idref="fl-c6"/>
      </object_component>
      <object_component id="oc-a0">
         <name>.debug_line</name>
         <load_address>0xf59</load_address>
         <run_address>0xf59</run_address>
         <size>0x8a</size>
         <input_file_ref idref="fl-c6"/>
      </object_component>
      <object_component id="oc-211">
         <name>.debug_line</name>
         <load_address>0xfe3</load_address>
         <run_address>0xfe3</run_address>
         <size>0x93</size>
         <input_file_ref idref="fl-c8"/>
      </object_component>
      <object_component id="oc-206">
         <name>.debug_line</name>
         <load_address>0x1076</load_address>
         <run_address>0x1076</run_address>
         <size>0x2b</size>
         <input_file_ref idref="fl-c8"/>
      </object_component>
      <object_component id="oc-16b">
         <name>.debug_line</name>
         <load_address>0x10a1</load_address>
         <run_address>0x10a1</run_address>
         <size>0x2b5</size>
         <input_file_ref idref="fl-c8"/>
      </object_component>
      <object_component id="oc-1bf">
         <name>.debug_line</name>
         <load_address>0x1356</load_address>
         <run_address>0x1356</run_address>
         <size>0x8a</size>
         <input_file_ref idref="fl-c8"/>
      </object_component>
      <object_component id="oc-21d">
         <name>.debug_line</name>
         <load_address>0x13e0</load_address>
         <run_address>0x13e0</run_address>
         <size>0x89</size>
         <input_file_ref idref="fl-c9"/>
      </object_component>
      <object_component id="oc-1c9">
         <name>.debug_line</name>
         <load_address>0x1469</load_address>
         <run_address>0x1469</run_address>
         <size>0x132</size>
         <input_file_ref idref="fl-c9"/>
      </object_component>
      <object_component id="oc-204">
         <name>.debug_line</name>
         <load_address>0x159b</load_address>
         <run_address>0x159b</run_address>
         <size>0x2b</size>
         <input_file_ref idref="fl-ca"/>
      </object_component>
      <object_component id="oc-132">
         <name>.debug_line</name>
         <load_address>0x15c6</load_address>
         <run_address>0x15c6</run_address>
         <size>0xf2</size>
         <input_file_ref idref="fl-cb"/>
      </object_component>
      <object_component id="oc-126">
         <name>.debug_line</name>
         <load_address>0x16b8</load_address>
         <run_address>0x16b8</run_address>
         <size>0x2a</size>
         <input_file_ref idref="fl-cb"/>
      </object_component>
      <object_component id="oc-71">
         <name>.debug_line</name>
         <load_address>0x16e2</load_address>
         <run_address>0x16e2</run_address>
         <size>0x86</size>
         <input_file_ref idref="fl-cb"/>
      </object_component>
      <object_component id="oc-15e">
         <name>.debug_line</name>
         <load_address>0x1768</load_address>
         <run_address>0x1768</run_address>
         <size>0xd2</size>
         <input_file_ref idref="fl-cc"/>
      </object_component>
      <object_component id="oc-1ae">
         <name>.debug_line</name>
         <load_address>0x183a</load_address>
         <run_address>0x183a</run_address>
         <size>0x77</size>
         <input_file_ref idref="fl-cd"/>
      </object_component>
      <object_component id="oc-1d5">
         <name>.debug_line</name>
         <load_address>0x18b1</load_address>
         <run_address>0x18b1</run_address>
         <size>0x77</size>
         <input_file_ref idref="fl-cd"/>
      </object_component>
      <object_component id="oc-169">
         <name>.debug_line</name>
         <load_address>0x1928</load_address>
         <run_address>0x1928</run_address>
         <size>0xa8</size>
         <input_file_ref idref="fl-ce"/>
      </object_component>
      <object_component id="oc-151">
         <name>.debug_line</name>
         <load_address>0x19d0</load_address>
         <run_address>0x19d0</run_address>
         <size>0x8e</size>
         <input_file_ref idref="fl-cf"/>
      </object_component>
      <object_component id="oc-163">
         <name>.debug_line</name>
         <load_address>0x1a5e</load_address>
         <run_address>0x1a5e</run_address>
         <size>0x67</size>
         <input_file_ref idref="fl-d0"/>
      </object_component>
      <object_component id="oc-159">
         <name>.debug_line</name>
         <load_address>0x1ac5</load_address>
         <run_address>0x1ac5</run_address>
         <size>0x59</size>
         <input_file_ref idref="fl-d1"/>
      </object_component>
      <object_component id="oc-147">
         <name>.debug_line</name>
         <load_address>0x1b1e</load_address>
         <run_address>0x1b1e</run_address>
         <size>0x57</size>
         <input_file_ref idref="fl-d2"/>
      </object_component>
      <object_component id="oc-1a9">
         <name>.debug_line</name>
         <load_address>0x1b75</load_address>
         <run_address>0x1b75</run_address>
         <size>0x50</size>
         <input_file_ref idref="fl-d3"/>
      </object_component>
      <object_component id="oc-37">
         <name>.debug_line</name>
         <load_address>0x1bc5</load_address>
         <run_address>0x1bc5</run_address>
         <size>0x88</size>
         <input_file_ref idref="fl-d4"/>
      </object_component>
      <object_component id="oc-104">
         <name>.debug_line</name>
         <load_address>0x1c4d</load_address>
         <run_address>0x1c4d</run_address>
         <size>0xff</size>
         <input_file_ref idref="fl-d5"/>
      </object_component>
      <object_component id="oc-8a">
         <name>.debug_line</name>
         <load_address>0x1d4c</load_address>
         <run_address>0x1d4c</run_address>
         <size>0x2c</size>
         <input_file_ref idref="fl-d5"/>
      </object_component>
      <object_component id="oc-1e4">
         <name>.debug_line</name>
         <load_address>0x1d78</load_address>
         <run_address>0x1d78</run_address>
         <size>0x2c</size>
         <input_file_ref idref="fl-d5"/>
      </object_component>
      <object_component id="oc-e5">
         <name>.debug_line</name>
         <load_address>0x1da4</load_address>
         <run_address>0x1da4</run_address>
         <size>0x314</size>
         <input_file_ref idref="fl-d5"/>
      </object_component>
      <object_component id="oc-108">
         <name>.debug_line</name>
         <load_address>0x20b8</load_address>
         <run_address>0x20b8</run_address>
         <size>0x8a</size>
         <input_file_ref idref="fl-d5"/>
      </object_component>
      <object_component id="oc-10d">
         <name>.debug_line</name>
         <load_address>0x2142</load_address>
         <run_address>0x2142</run_address>
         <size>0x2c</size>
         <input_file_ref idref="fl-d5"/>
      </object_component>
      <object_component id="oc-50">
         <name>.debug_line</name>
         <load_address>0x216e</load_address>
         <run_address>0x216e</run_address>
         <size>0x79</size>
         <input_file_ref idref="fl-d6"/>
      </object_component>
      <object_component id="oc-59">
         <name>.debug_line</name>
         <load_address>0x21e7</load_address>
         <run_address>0x21e7</run_address>
         <size>0x3d</size>
         <input_file_ref idref="fl-d7"/>
      </object_component>
      <object_component id="oc-63">
         <name>.debug_line</name>
         <load_address>0x2224</load_address>
         <run_address>0x2224</run_address>
         <size>0x40</size>
         <input_file_ref idref="fl-d8"/>
      </object_component>
      <object_component id="oc-220">
         <name>.debug_line</name>
         <load_address>0x2264</load_address>
         <run_address>0x2264</run_address>
         <size>0x93</size>
         <input_file_ref idref="fl-d9"/>
      </object_component>
      <object_component id="oc-1d9">
         <name>.debug_line</name>
         <load_address>0x22f7</load_address>
         <run_address>0x22f7</run_address>
         <size>0xa1</size>
         <input_file_ref idref="fl-d9"/>
      </object_component>
      <object_component id="oc-1fb">
         <name>.debug_line</name>
         <load_address>0x2398</load_address>
         <run_address>0x2398</run_address>
         <size>0x8a</size>
         <input_file_ref idref="fl-d9"/>
      </object_component>
      <object_component id="oc-200">
         <name>.debug_line</name>
         <load_address>0x2422</load_address>
         <run_address>0x2422</run_address>
         <size>0x32</size>
         <input_file_ref idref="fl-da"/>
      </object_component>
      <object_component id="oc-14e">
         <name>.debug_line</name>
         <load_address>0x2454</load_address>
         <run_address>0x2454</run_address>
         <size>0x209</size>
         <input_file_ref idref="fl-da"/>
      </object_component>
      <object_component id="oc-c1">
         <name>.debug_line</name>
         <load_address>0x265d</load_address>
         <run_address>0x265d</run_address>
         <size>0x33</size>
         <input_file_ref idref="fl-db"/>
      </object_component>
      <object_component id="oc-18d">
         <name>.debug_line</name>
         <load_address>0x2690</load_address>
         <run_address>0x2690</run_address>
         <size>0x20</size>
         <input_file_ref idref="fl-dc"/>
      </object_component>
      <object_component id="oc-12e">
         <name>.debug_line</name>
         <load_address>0x26b0</load_address>
         <run_address>0x26b0</run_address>
         <size>0x2b</size>
         <input_file_ref idref="fl-dc"/>
      </object_component>
      <object_component id="oc-129">
         <name>.debug_line</name>
         <load_address>0x26db</load_address>
         <run_address>0x26db</run_address>
         <size>0x68</size>
         <input_file_ref idref="fl-dc"/>
      </object_component>
      <object_component id="oc-11f">
         <name>.debug_line</name>
         <load_address>0x2743</load_address>
         <run_address>0x2743</run_address>
         <size>0x2b</size>
         <input_file_ref idref="fl-dd"/>
      </object_component>
      <object_component id="oc-6c">
         <name>.debug_line</name>
         <load_address>0x276e</load_address>
         <run_address>0x276e</run_address>
         <size>0x50</size>
         <input_file_ref idref="fl-dd"/>
      </object_component>
      <object_component id="oc-123">
         <name>.debug_line</name>
         <load_address>0x27be</load_address>
         <run_address>0x27be</run_address>
         <size>0x2b</size>
         <input_file_ref idref="fl-dd"/>
      </object_component>
      <object_component id="oc-113">
         <name>.debug_line</name>
         <load_address>0x27e9</load_address>
         <run_address>0x27e9</run_address>
         <size>0xa9</size>
         <input_file_ref idref="fl-de"/>
      </object_component>
      <object_component id="oc-69">
         <name>.debug_line</name>
         <load_address>0x2892</load_address>
         <run_address>0x2892</run_address>
         <size>0x8b</size>
         <input_file_ref idref="fl-de"/>
      </object_component>
      <object_component id="oc-117">
         <name>.debug_line</name>
         <load_address>0x291d</load_address>
         <run_address>0x291d</run_address>
         <size>0x2e</size>
         <input_file_ref idref="fl-de"/>
      </object_component>
      <object_component id="oc-11c">
         <name>.debug_line</name>
         <load_address>0x294b</load_address>
         <run_address>0x294b</run_address>
         <size>0x8b</size>
         <input_file_ref idref="fl-de"/>
      </object_component>
      <object_component id="oc-185">
         <name>.debug_line</name>
         <load_address>0x29d6</load_address>
         <run_address>0x29d6</run_address>
         <size>0x98</size>
         <input_file_ref idref="fl-df"/>
      </object_component>
      <object_component id="oc-ab">
         <name>.debug_line</name>
         <load_address>0x2a6e</load_address>
         <run_address>0x2a6e</run_address>
         <size>0x68</size>
         <input_file_ref idref="fl-df"/>
      </object_component>
      <object_component id="oc-189">
         <name>.debug_line</name>
         <load_address>0x2ad6</load_address>
         <run_address>0x2ad6</run_address>
         <size>0x2e</size>
         <input_file_ref idref="fl-df"/>
      </object_component>
      <object_component id="oc-19e">
         <name>.debug_line</name>
         <load_address>0x2b04</load_address>
         <run_address>0x2b04</run_address>
         <size>0x5a</size>
         <input_file_ref idref="fl-e0"/>
      </object_component>
      <object_component id="oc-21b">
         <name>.debug_line</name>
         <load_address>0x2b5e</load_address>
         <run_address>0x2b5e</run_address>
         <size>0x20</size>
         <input_file_ref idref="fl-e1"/>
      </object_component>
      <object_component id="oc-1b9">
         <name>.debug_line</name>
         <load_address>0x2b7e</load_address>
         <run_address>0x2b7e</run_address>
         <size>0x49</size>
         <input_file_ref idref="fl-e1"/>
      </object_component>
      <object_component id="oc-219">
         <name>.debug_line</name>
         <load_address>0x2bc7</load_address>
         <run_address>0x2bc7</run_address>
         <size>0x2a</size>
         <input_file_ref idref="fl-e2"/>
      </object_component>
      <object_component id="oc-217">
         <name>.debug_line</name>
         <load_address>0x2bf1</load_address>
         <run_address>0x2bf1</run_address>
         <size>0x30</size>
         <input_file_ref idref="fl-e2"/>
      </object_component>
      <object_component id="oc-1b4">
         <name>.debug_line</name>
         <load_address>0x2c21</load_address>
         <run_address>0x2c21</run_address>
         <size>0x3f8</size>
         <input_file_ref idref="fl-e2"/>
      </object_component>
      <object_component id="oc-213">
         <name>.debug_line</name>
         <load_address>0x3019</load_address>
         <run_address>0x3019</run_address>
         <size>0x20</size>
         <input_file_ref idref="fl-e3"/>
      </object_component>
      <object_component id="oc-1a0">
         <name>.debug_line</name>
         <load_address>0x3039</load_address>
         <run_address>0x3039</run_address>
         <size>0x5e</size>
         <input_file_ref idref="fl-e3"/>
      </object_component>
      <object_component id="oc-20d">
         <name>.debug_line</name>
         <load_address>0x3097</load_address>
         <run_address>0x3097</run_address>
         <size>0x45</size>
         <input_file_ref idref="fl-e4"/>
      </object_component>
      <object_component id="oc-222">
         <name>.debug_line</name>
         <load_address>0x30dc</load_address>
         <run_address>0x30dc</run_address>
         <size>0x20</size>
         <input_file_ref idref="fl-e5"/>
      </object_component>
      <object_component id="oc-1f0">
         <name>.debug_line</name>
         <load_address>0x30fc</load_address>
         <run_address>0x30fc</run_address>
         <size>0xa8</size>
         <input_file_ref idref="fl-e5"/>
      </object_component>
      <object_component id="oc-b1">
         <name>.debug_line</name>
         <load_address>0x31a4</load_address>
         <run_address>0x31a4</run_address>
         <size>0x3c</size>
         <input_file_ref idref="fl-e6"/>
      </object_component>
      <object_component id="oc-d4">
         <name>.debug_frame</name>
         <load_address>0x0</load_address>
         <run_address>0x0</run_address>
         <size>0xec</size>
         <input_file_ref idref="fl-2"/>
      </object_component>
      <object_component id="oc-85">
         <name>.debug_frame</name>
         <load_address>0xec</load_address>
         <run_address>0xec</run_address>
         <size>0xc7</size>
         <input_file_ref idref="fl-4"/>
      </object_component>
      <object_component id="oc-ce">
         <name>.debug_frame</name>
         <load_address>0x1b3</load_address>
         <run_address>0x1b3</run_address>
         <size>0xf0</size>
         <input_file_ref idref="fl-5"/>
      </object_component>
      <object_component id="oc-e0">
         <name>.debug_frame</name>
         <load_address>0x2a3</load_address>
         <run_address>0x2a3</run_address>
         <size>0xed</size>
         <input_file_ref idref="fl-6"/>
      </object_component>
      <object_component id="oc-7c">
         <name>.debug_frame</name>
         <load_address>0x390</load_address>
         <run_address>0x390</run_address>
         <size>0x97</size>
         <input_file_ref idref="fl-7"/>
      </object_component>
      <object_component id="oc-c4">
         <name>.debug_frame</name>
         <load_address>0x427</load_address>
         <run_address>0x427</run_address>
         <size>0x98</size>
         <input_file_ref idref="fl-8"/>
      </object_component>
      <object_component id="oc-ec">
         <name>.debug_frame</name>
         <load_address>0x4bf</load_address>
         <run_address>0x4bf</run_address>
         <size>0xa1</size>
         <input_file_ref idref="fl-9"/>
      </object_component>
      <object_component id="oc-d9">
         <name>.debug_frame</name>
         <load_address>0x560</load_address>
         <run_address>0x560</run_address>
         <size>0xd3</size>
         <input_file_ref idref="fl-a"/>
      </object_component>
      <object_component id="oc-19">
         <name>.debug_frame</name>
         <load_address>0x633</load_address>
         <run_address>0x633</run_address>
         <size>0x7f</size>
         <input_file_ref idref="fl-c5"/>
      </object_component>
      <object_component id="oc-41">
         <name>.debug_frame</name>
         <load_address>0x6b2</load_address>
         <run_address>0x6b2</run_address>
         <size>0x8e</size>
         <input_file_ref idref="fl-c6"/>
      </object_component>
      <object_component id="oc-1b">
         <name>.debug_frame</name>
         <load_address>0x740</load_address>
         <run_address>0x740</run_address>
         <size>0x7f</size>
         <input_file_ref idref="fl-c6"/>
      </object_component>
      <object_component id="oc-16c">
         <name>.debug_frame</name>
         <load_address>0x7bf</load_address>
         <run_address>0x7bf</run_address>
         <size>0x9c</size>
         <input_file_ref idref="fl-c8"/>
      </object_component>
      <object_component id="oc-1cc">
         <name>.debug_frame</name>
         <load_address>0x85b</load_address>
         <run_address>0x85b</run_address>
         <size>0x8f</size>
         <input_file_ref idref="fl-c9"/>
      </object_component>
      <object_component id="oc-72">
         <name>.debug_frame</name>
         <load_address>0x8ea</load_address>
         <run_address>0x8ea</run_address>
         <size>0xb3</size>
         <input_file_ref idref="fl-cb"/>
      </object_component>
      <object_component id="oc-e6">
         <name>.debug_frame</name>
         <load_address>0x99d</load_address>
         <run_address>0x99d</run_address>
         <size>0x16e</size>
         <input_file_ref idref="fl-d5"/>
      </object_component>
      <object_component id="oc-5d">
         <name>.debug_frame</name>
         <load_address>0xb0b</load_address>
         <run_address>0xb0b</run_address>
         <size>0x7f</size>
         <input_file_ref idref="fl-d7"/>
      </object_component>
      <object_component id="oc-5f">
         <name>.debug_frame</name>
         <load_address>0xb8a</load_address>
         <run_address>0xb8a</run_address>
         <size>0x7f</size>
         <input_file_ref idref="fl-d8"/>
      </object_component>
      <object_component id="oc-1dd">
         <name>.debug_frame</name>
         <load_address>0xc09</load_address>
         <run_address>0xc09</run_address>
         <size>0x8e</size>
         <input_file_ref idref="fl-d9"/>
      </object_component>
      <object_component id="oc-14f">
         <name>.debug_frame</name>
         <load_address>0xc97</load_address>
         <run_address>0xc97</run_address>
         <size>0x9d</size>
         <input_file_ref idref="fl-da"/>
      </object_component>
      <object_component id="oc-12c">
         <name>.debug_frame</name>
         <load_address>0xd34</load_address>
         <run_address>0xd34</run_address>
         <size>0xa1</size>
         <input_file_ref idref="fl-dc"/>
      </object_component>
      <object_component id="oc-6f">
         <name>.debug_frame</name>
         <load_address>0xdd5</load_address>
         <run_address>0xdd5</run_address>
         <size>0x7f</size>
         <input_file_ref idref="fl-dd"/>
      </object_component>
      <object_component id="oc-65">
         <name>.debug_frame</name>
         <load_address>0xe54</load_address>
         <run_address>0xe54</run_address>
         <size>0x8a</size>
         <input_file_ref idref="fl-de"/>
      </object_component>
      <object_component id="oc-ac">
         <name>.debug_frame</name>
         <load_address>0xede</load_address>
         <run_address>0xede</run_address>
         <size>0x8e</size>
         <input_file_ref idref="fl-df"/>
      </object_component>
      <object_component id="oc-1ba">
         <name>.debug_frame</name>
         <load_address>0xf6c</load_address>
         <run_address>0xf6c</run_address>
         <size>0x9b</size>
         <input_file_ref idref="fl-e1"/>
      </object_component>
      <object_component id="oc-1b3">
         <name>.debug_frame</name>
         <load_address>0x1007</load_address>
         <run_address>0x1007</run_address>
         <size>0xa5</size>
         <input_file_ref idref="fl-e2"/>
      </object_component>
      <object_component id="oc-1a1">
[...]
         <object_component_ref idref="oc-c9"/>
      </symbol>
      <symbol id="sm-cb">
         <name>isEmpty</name>
         <value>0x2bd5</value>
         <object_component_ref idref="oc-c9"/>
      </symbol>
      <symbol id="sm-cc">
         <name>initializeBuffer</name>
         <value>0x2b95</value>
         <object_component_ref idref="oc-c9"/>
      </symbol>
      <symbol id="sm-ea">
         <name>noteOff</name>
         <value>0x2333</value>
         <object_component_ref idref="oc-db"/>
      </symbol>
      <symbol id="sm-eb">
         <name>initializeMidi</name>
         <value>0x2211</value>
         <object_component_ref idref="oc-db"/>
      </symbol>
      <symbol id="sm-ec">
         <name>midiFrequency</name>
         <value>0x224b</value>
         <object_component_ref idref="oc-db"/>
      </symbol>
      <symbol id="sm-ed">
         <name>noteOn</name>
         <value>0x22c9</value>
         <object_component_ref idref="oc-db"/>
      </symbol>
      <symbol id="sm-ee">
         <name>phaseIncrement</name>
         <value>0x229b</value>
         <object_component_ref idref="oc-db"/>
      </symbol>
      <symbol id="sm-103">
         <name>Reset_Handler</name>
         <value>0x356f</value>
         <object_component_ref idref="oc-7a"/>
      </symbol>
      <symbol id="sm-104">
         <name>Default_Handler</name>
         <value>0x357b</value>
         <object_component_ref idref="oc-7a"/>
      </symbol>
      <symbol id="sm-105">
         <name>interruptVectors</name>
         <value>0x0</value>
         <object_component_ref idref="oc-2c"/>
      </symbol>
      <symbol id="sm-14b">
         <name>SystemInit</name>
         <value>0x1df1</value>
         <object_component_ref idref="oc-c2"/>
      </symbol>
      <symbol id="sm-14c">
         <name>SystemCoreClockUpdate</name>
         <value>0x1b7d</value>
         <object_component_ref idref="oc-c2"/>
      </symbol>
      <symbol id="sm-14d">
         <name>SystemCoreClock</name>
         <value>0x20000428</value>
         <object_component_ref idref="oc-133"/>
      </symbol>
      <symbol id="sm-15f">
         <name>uart_putchar_n</name>
         <value>0x342d</value>
         <object_component_ref idref="oc-e7"/>
      </symbol>
      <symbol id="sm-160">
         <name>uart_putchar</name>
         <value>0x345b</value>
         <object_component_ref idref="oc-e7"/>
      </symbol>
      <symbol id="sm-179">
         <name>sineWave</name>
         <value>0x2acf</value>
         <object_component_ref idref="oc-d5"/>
      </symbol>
      <symbol id="sm-17a">
         <name>triangleWave</name>
         <value>0x2b53</value>
         <object_component_ref idref="oc-d5"/>
      </symbol>
      <symbol id="sm-17b">
         <name>sawWave</name>
         <value>0x2b51</value>
         <object_component_ref idref="oc-d5"/>
      </symbol>
      <symbol id="sm-17c">
         <name>squareWave</name>
         <value>0x2a75</value>
         <object_component_ref idref="oc-d5"/>
      </symbol>
      <symbol id="sm-18d">
         <name>_c_int00</name>
         <value>0x32f1</value>
         <object_component_ref idref="oc-26"/>
      </symbol>
      <symbol id="sm-18e">
         <name>__stack</name>
         <value>0x2000fe00</value>
         <object_component_ref idref="oc-2f"/>
      </symbol>
      <symbol id="sm-1a5">
         <name>__TI_decompress_none</name>
         <value>0x3561</value>
         <object_component_ref idref="oc-14"/>
      </symbol>
      <symbol id="sm-1cd">
         <name>__TI_decompress_rle24</name>
         <value>0x357d</value>
         <object_component_ref idref="oc-1a"/>
      </symbol>
      <symbol id="sm-25d">
         <name>pow</name>
         <value>0xe5</value>
         <object_component_ref idref="oc-16a"/>
      </symbol>
      <symbol id="sm-25e">
         <name>powl</name>
         <value>0xe5</value>
         <object_component_ref idref="oc-16a"/>
      </symbol>
      <symbol id="sm-282">
         <name>sqrtl</name>
         <value>0x2511</value>
         <object_component_ref idref="oc-1c7"/>
      </symbol>
      <symbol id="sm-283">
         <name>sqrt</name>
         <value>0x2511</value>
         <object_component_ref idref="oc-1c7"/>
      </symbol>
      <symbol id="sm-28b">
         <name>errno</name>
         <value>0x20000420</value>
         <object_component_ref idref="oc-1cd"/>
      </symbol>
      <symbol id="sm-2ac">
         <name>C$$EXIT</name>
         <value>0x3345</value>
         <object_component_ref idref="oc-70"/>
      </symbol>
      <symbol id="sm-2ad">
         <name>abort</name>
         <value>0x3349</value>
         <object_component_ref idref="oc-70"/>
      </symbol>
      <symbol id="sm-2ae">
         <name>exit</name>
         <value>0x3351</value>
         <object_component_ref idref="oc-70"/>
      </symbol>
      <symbol id="sm-2af">
         <name>__TI_dtors_ptr</name>
         <value>0x20000404</value>
         <object_component_ref idref="oc-b7"/>
      </symbol>
      <symbol id="sm-2b0">
         <name>__TI_cleanup_ptr</name>
         <value>0x20000400</value>
         <object_component_ref idref="oc-b7"/>
      </symbol>
      <symbol id="sm-2b1">
         <name>__TI_enable_exit_profile_output</name>
         <value>0x20000408</value>
         <object_component_ref idref="oc-b7"/>
      </symbol>
      <symbol id="sm-2c8">
         <name>__aeabi_dsub</name>
         <value>0x1ea9</value>
         <object_component_ref idref="oc-15a"/>
      </symbol>
      <symbol id="sm-2c9">
         <name>__aeabi_dadd</name>
         <value>0x1eb3</value>
         <object_component_ref idref="oc-15a"/>
      </symbol>
      <symbol id="sm-2eb">
         <name>__aeabi_cdcmpeq</name>
         <value>0x3021</value>
         <object_component_ref idref="oc-1aa"/>
      </symbol>
      <symbol id="sm-2ec">
         <name>__aeabi_cdcmple</name>
         <value>0x3021</value>
         <object_component_ref idref="oc-1aa"/>
      </symbol>
      <symbol id="sm-2ed">
         <name>__aeabi_cdrcmple</name>
         <value>0x30a7</value>
         <object_component_ref idref="oc-1d3"/>
      </symbol>
      <symbol id="sm-301">
         <name>__aeabi_ddiv</name>
         <value>0x293d</value>
         <object_component_ref idref="oc-165"/>
      </symbol>
      <symbol id="sm-30c">
         <name>__aeabi_dmul</name>
         <value>0x2c95</value>
         <object_component_ref idref="oc-150"/>
      </symbol>
      <symbol id="sm-318">
         <name>__aeabi_d2f</name>
         <value>0x3219</value>
         <object_component_ref idref="oc-15f"/>
      </symbol>
      <symbol id="sm-322">
         <name>__aeabi_d2uiz</name>
         <value>0x3475</value>
         <object_component_ref idref="oc-155"/>
      </symbol>
      <symbol id="sm-32d">
         <name>__aeabi_f2d</name>
         <value>0x34b9</value>
         <object_component_ref idref="oc-145"/>
      </symbol>
      <symbol id="sm-337">
         <name>__aeabi_i2d</name>
         <value>0x34f1</value>
         <object_component_ref idref="oc-1a5"/>
      </symbol>
      <symbol id="sm-352">
         <name>memcpy</name>
         <value>0x2f85</value>
         <object_component_ref idref="oc-33"/>
      </symbol>
      <symbol id="sm-353">
         <name>__aeabi_memcpy</name>
         <value>0x2f85</value>
         <object_component_ref idref="oc-33"/>
      </symbol>
      <symbol id="sm-354">
         <name>__aeabi_memcpy8</name>
         <value>0x2f85</value>
         <object_component_ref idref="oc-33"/>
      </symbol>
      <symbol id="sm-355">
         <name>__aeabi_memcpy4</name>
         <value>0x2f85</value>
         <object_component_ref idref="oc-33"/>
      </symbol>
      <symbol id="sm-3c9">
         <name>_sys_memory</name>
         <value>0x20000000</value>
         <object_component_ref idref="oc-30"/>
      </symbol>
      <symbol id="sm-3ca">
         <name>free</name>
         <value>0x1897</value>
         <object_component_ref idref="oc-e1"/>
      </symbol>
      <symbol id="sm-3cb">
         <name>realloc</name>
         <value>0x1959</value>
         <object_component_ref idref="oc-e1"/>
      </symbol>
      <symbol id="sm-3cc">
         <name>memalign</name>
         <value>0x1a65</value>
         <object_component_ref idref="oc-e1"/>
      </symbol>
      <symbol id="sm-3cd">
         <name>calloc</name>
         <value>0x1b49</value>
         <object_component_ref idref="oc-e1"/>
      </symbol>
      <symbol id="sm-3ce">
         <name>malloc</name>
         <value>0x182f</value>
         <object_component_ref idref="oc-e1"/>
      </symbol>
      <symbol id="sm-3cf">
         <name>minit</name>
         <value>0x17a1</value>
         <object_component_ref idref="oc-e1"/>
      </symbol>
      <symbol id="sm-3de">
         <name>__aeabi_memset</name>
         <value>0x312f</value>
         <object_component_ref idref="oc-4c"/>
      </symbol>
      <symbol id="sm-3df">
         <name>memset</name>
         <value>0x3135</value>
         <object_component_ref idref="oc-4c"/>
      </symbol>
      <symbol id="sm-3e0">
         <name>__aeabi_memset8</name>
         <value>0x312f</value>
         <object_component_ref idref="oc-4c"/>
      </symbol>
      <symbol id="sm-3e1">
         <name>__aeabi_memset4</name>
         <value>0x312f</value>
         <object_component_ref idref="oc-4c"/>
      </symbol>
      <symbol id="sm-3e2">
         <name>__aeabi_memclr8</name>
         <value>0x312d</value>
         <object_component_ref idref="oc-4c"/>
      </symbol>
      <symbol id="sm-3e3">
         <name>__aeabi_memclr4</name>
         <value>0x312d</value>
         <object_component_ref idref="oc-4c"/>
      </symbol>
      <symbol id="sm-3e4">
         <name>__aeabi_memclr</name>
         <value>0x312d</value>
         <object_component_ref idref="oc-4c"/>
      </symbol>
      <symbol id="sm-3ee">
         <name>__mpu_init</name>
         <value>0x205f</value>
         <object_component_ref idref="oc-58"/>
      </symbol>
      <symbol id="sm-3f8">
         <name>_system_pre_init</name>
         <value>0x3583</value>
         <object_component_ref idref="oc-5e"/>
      </symbol>
      <symbol id="sm-41a">
         <name>scalbn</name>
         <value>0x2d91</value>
         <object_component_ref idref="oc-1d8"/>
      </symbol>
      <symbol id="sm-41b">
         <name>scalbnl</name>
         <value>0x2d91</value>
         <object_component_ref idref="oc-1d8"/>
      </symbol>
      <symbol id="sm-41c">
         <name>ldexpl</name>
         <value>0x2d91</value>
         <object_component_ref idref="oc-1d8"/>
      </symbol>
      <symbol id="sm-41d">
         <name>ldexp</name>
         <value>0x2d91</value>
         <object_component_ref idref="oc-1d8"/>
      </symbol>
      <symbol id="sm-46a">
         <name>sin</name>
         <value>0x11d1</value>
         <object_component_ref idref="oc-14a"/>
      </symbol>
      <symbol id="sm-46b">
         <name>sinl</name>
         <value>0x11d1</value>
         <object_component_ref idref="oc-14a"/>
      </symbol>
      <symbol id="sm-473">
         <name>main_func_sp</name>
         <value>0x20000424</value>
         <object_component_ref idref="oc-76"/>
      </symbol>
      <symbol id="sm-48c">
         <name>_nop</name>
         <value>0x3547</value>
         <object_component_ref idref="oc-127"/>
      </symbol>
      <symbol id="sm-48d">
         <name>_lock</name>
         <value>0x20000418</value>
         <object_component_ref idref="oc-ba"/>
      </symbol>
      <symbol id="sm-48e">
         <name>_unlock</name>
         <value>0x2000041c</value>
         <object_component_ref idref="oc-ba"/>
      </symbol>
      <symbol id="sm-48f">
         <name>_register_lock</name>
         <value>0x353f</value>
         <object_component_ref idref="oc-127"/>
      </symbol>
      <symbol id="sm-490">
         <name>_register_unlock</name>
         <value>0x3539</value>
         <object_component_ref idref="oc-127"/>
      </symbol>
      <symbol id="sm-4a4">
         <name>_args_main</name>
         <value>0x3521</value>
         <object_component_ref idref="oc-6a"/>
      </symbol>
      <symbol id="sm-4c9">
         <name>__TI_auto_init</name>
         <value>0x31a9</value>
         <object_component_ref idref="oc-64"/>
      </symbol>
      <symbol id="sm-4e3">
         <name>copy_in</name>
         <value>0x3399</value>
         <object_component_ref idref="oc-a7"/>
      </symbol>
      <symbol id="sm-4ed">
         <name>__aeabi_d2iz</name>
         <value>0x33e5</value>
         <object_component_ref idref="oc-19a"/>
      </symbol>
      <symbol id="sm-503">
         <name>__kernel_cos</name>
         <value>0x2681</value>
         <object_component_ref idref="oc-1b5"/>
      </symbol>
      <symbol id="sm-566">
         <name>__kernel_rem_pio2</name>
         <value>0xa91</value>
         <object_component_ref idref="oc-1af"/>
      </symbol>
      <symbol id="sm-57d">
         <name>__kernel_sin</name>
         <value>0x239d</value>
         <object_component_ref idref="oc-19f"/>
      </symbol>
      <symbol id="sm-587">
         <name>copysign</name>
         <value>0x354d</value>
         <object_component_ref idref="oc-208"/>
      </symbol>
      <symbol id="sm-588">
         <name>copysignl</name>
         <value>0x354d</value>
         <object_component_ref idref="oc-208"/>
      </symbol>
      <symbol id="sm-5a5">
         <name>floorl</name>
         <value>0x2e8d</value>
         <object_component_ref idref="oc-1ec"/>
      </symbol>
      <symbol id="sm-5a6">
         <name>floor</name>
         <value>0x2e8d</value>
         <object_component_ref idref="oc-1ec"/>
      </symbol>
      <symbol id="sm-5b0">
         <name>_system_post_cinit</name>
         <value>0x2a73</value>
         <object_component_ref idref="oc-ad"/>
      </symbol>
      <symbol id="sm-5b1">
         <name>__TI_static_base__</name>
         <value>0x0</value>
      </symbol>
      <symbol id="sm-5b4">
         <name>SHT$$INIT_ARRAY$$Limit</name>
         <value>0x0</value>
      </symbol>
      <symbol id="sm-5b5">
         <name>SHT$$INIT_ARRAY$$Base</name>
         <value>0x0</value>
      </symbol>
      <symbol id="sm-5b6">
         <name>NMI_Handler</name>
         <value>0x357b</value>
      </symbol>
      <symbol id="sm-5b7">
         <name>HardFault_Handler</name>
         <value>0x357b</value>
      </symbol>
      <symbol id="sm-5b8">
         <name>MemManage_Handler</name>
         <value>0x357b</value>
      </symbol>
      <symbol id="sm-5b9">
         <name>BusFault_Handler</name>
         <value>0x357b</value>
      </symbol>
      <symbol id="sm-5ba">
         <name>UsageFault_Handler</name>
         <value>0x357b</value>
      </symbol>
      <symbol id="sm-5bb">
         <name>SVC_Handler</name>
         <value>0x357b</value>
      </symbol>
      <symbol id="sm-5bc">
         <name>DebugMon_Handler</name>
         <value>0x357b</value>
      </symbol>
      <symbol id="sm-5bd">
         <name>PendSV_Handler</name>
         <value>0x357b</value>
      </symbol>
      <symbol id="sm-5be">
         <name>SysTick_Handler</name>
         <value>0x357b</value>
      </symbol>
      <symbol id="sm-5bf">
         <name>PSS_IRQHandler</name>
         <value>0x357b</value>
      </symbol>
      <symbol id="sm-5c0">
         <name>CS_IRQHandler</name>
         <value>0x357b</value>
      </symbol>
      <symbol id="sm-5c1">
         <name>PCM_IRQHandler</name>
         <value>0x357b</value>
      </symbol>
      <symbol id="sm-5c2">
         <name>WDT_A_IRQHandler</name>
         <value>0x357b</value>
      </symbol>
      <symbol id="sm-5c3">
         <name>FPU_IRQHandler</name>
         <value>0x357b</value>
      </symbol>
      <symbol id="sm-5c4">
         <name>FLCTL_IRQHandler</name>
         <value>0x357b</value>
      </symbol>
      <symbol id="sm-5c5">
         <name>COMP_E0_IRQHandler</name>
         <value>0x357b</value>
      </symbol>
      <symbol id="sm-5c6">
         <name>COMP_E1_IRQHandler</name>
         <value>0x357b</value>
      </symbol>
      <symbol id="sm-5c7">
         <name>TA0_0_IRQHandler</name>
         <value>0x357b</value>
      </symbol>
      <symbol id="sm-5c8">
         <name>TA0_N_IRQHandler</name>
         <value>0x357b</value>
      </symbol>
      <symbol id="sm-5c9">
         <name>TA1_0_IRQHandler</name>
         <value>0x357b</value>
      </symbol>
      <symbol id="sm-5ca">
         <name>TA1_N_IRQHandler</name>
         <value>0x357b</value>
      </symbol>
      <symbol id="sm-5cb">
         <name>TA2_0_IRQHandler</name>
         <value>0x357b</value>
      </symbol>
      <symbol id="sm-5cc">
         <name>TA2_N_IRQHandler</name>
         <value>0x357b</value>
      </symbol>
      <symbol id="sm-5cd">
         <name>TA3_0_IRQHandler</name>
         <value>0x357b</value>
      </symbol>
      <symbol id="sm-5ce">
         <name>TA3_N_IRQHandler</name>
         <value>0x357b</value>
      </symbol>
      <symbol id="sm-5cf">
         <name>EUSCIA0_IRQHandler</name>
         <value>0x28c3</value>
      </symbol>
      <symbol id="sm-5d0">
         <name>EUSCIA1_IRQHandler</name>
         <value>0x357b</value>
      </symbol>
      <symbol id="sm-5d1">
         <name>EUSCIA2_IRQHandler</name>
         <value>0x357b</value>
      </symbol>
      <symbol id="sm-5d2">
         <name>EUSCIA3_IRQHandler</name>
         <value>0x357b</value>
      </symbol>
      <symbol id="sm-5d3">
         <name>EUSCIB0_IRQHandler</name>
         <value>0x357b</value>
      </symbol>
      <symbol id="sm-5d4">
         <name>EUSCIB1_IRQHandler</name>
         <value>0x357b</value>
      </symbol>
      <symbol id="sm-5d5">
         <name>EUSCIB2_IRQHandler</name>
         <value>0x357b</value>
      </symbol>
      <symbol id="sm-5d6">
         <name>EUSCIB3_IRQHandler</name>
         <value>0x357b</value>
      </symbol>
      <symbol id="sm-5d7">
         <name>ADC14_IRQHandler</name>
         <value>0x357b</value>
      </symbol>
      <symbol id="sm-5d8">
         <name>T32_INT1_IRQHandler</name>
         <value>0x357b</value>
      </symbol>
      <symbol id="sm-5d9">
         <name>T32_INT2_IRQHandler</name>
         <value>0x357b</value>
      </symbol>
      <symbol id="sm-5da">
         <name>T32_INTC_IRQHandler</name>
         <value>0x357b</value>
      </symbol>
      <symbol id="sm-5db">
         <name>AES256_IRQHandler</name>
         <value>0x357b</value>
      </symbol>
      <symbol id="sm-5dc">
         <name>RTC_C_IRQHandler</name>
         <value>0x357b</value>
      </symbol>
      <symbol id="sm-5dd">
         <name>DMA_ERR_IRQHandler</name>
         <value>0x2907</value>
      </symbol>
      <symbol id="sm-5de">
         <name>DMA_INT3_IRQHandler</name>
         <value>0x357b</value>
      </symbol>
      <symbol id="sm-5df">
         <name>DMA_INT2_IRQHandler</name>
         <value>0x357b</value>
      </symbol>
      <symbol id="sm-5e0">
         <name>DMA_INT1_IRQHandler</name>
         <value>0x28f3</value>
      </symbol>
      <symbol id="sm-5e1">
         <name>DMA_INT0_IRQHandler</name>
         <value>0x357b</value>
      </symbol>
      <symbol id="sm-5e2">
         <name>PORT1_IRQHandler</name>
         <value>0x357b</value>
      </symbol>
      <symbol id="sm-5e3">
         <name>PORT2_IRQHandler</name>
         <value>0x357b</value>
      </symbol>
      <symbol id="sm-5e4">
         <name>PORT3_IRQHandler</name>
         <value>0x357b</value>
      </symbol>
      <symbol id="sm-5e5">
         <name>PORT4_IRQHandler</name>
         <value>0x357b</value>
      </symbol>
      <symbol id="sm-5e6">
         <name>PORT5_IRQHandler</name>
         <value>0x357b</value>
      </symbol>
      <symbol id="sm-5e7">
         <name>PORT6_IRQHandler</name>
         <value>0x357b</value>
      </symbol>
   </symbol_table>
   <title>Link successful</title>
</link_info>
