<?xml version="1.0"?>
<link_info>
   <banner>TI ARM Linker PC v15.12.3.LTS</banner>
   <copyright>Copyright (c) 1996-2015 Texas Instruments Incorporated</copyright>
   <link_time>0x584b4476</link_time>
   <link_errors>0x0</link_errors>
   <output_file>Synth_4.out</output_file>
   <entry_point>
      <name>_c_int00</name>
      <address>0x24f5</address>
   </entry_point>
   <input_file_list>
      <input_file id="fl-2">
         <path>.\</path>
         <kind>object</kind>
         <file>configuration.obj</file>
         <name>configuration.obj</name>
      </input_file>
      <input_file id="fl-3">
         <path>.\</path>
         <kind>object</kind>
         <file>fake_sqr_wave.obj</file>
         <name>fake_sqr_wave.obj</name>
      </input_file>
      <input_file id="fl-4">
         <path>.\</path>
         <kind>object</kind>
         <file>i2c.obj</file>
         <name>i2c.obj</name>
      </input_file>
      <input_file id="fl-5">
         <path>.\</path>
         <kind>object</kind>
         <file>main.obj</file>
         <name>main.obj</name>
      </input_file>
      <input_file id="fl-6">
         <path>.\</path>
         <kind>object</kind>
         <file>message_buffer.obj</file>
         <name>message_buffer.obj</name>
      </input_file>
      <input_file id="fl-7">
         <path>.\</path>
         <kind>object</kind>
         <file>midi.obj</file>
         <name>midi.obj</name>
      </input_file>
      <input_file id="fl-8">
         <path>.\</path>
         <kind>object</kind>
         <file>startup_msp432p401r_ccs.obj</file>
         <name>startup_msp432p401r_ccs.obj</name>
      </input_file>
      <input_file id="fl-9">
         <path>.\</path>
         <kind>object</kind>
         <file>system_msp432p401r.obj</file>
         <name>system_msp432p401r.obj</name>
      </input_file>
      <input_file id="fl-a">
         <path>.\</path>
         <kind>object</kind>
         <file>uart_put.obj</file>
         <name>uart_put.obj</name>
      </input_file>
      <input_file id="fl-b">
         <path>.\</path>
         <kind>object</kind>
         <file>waveform_generator.obj</file>
         <name>waveform_generator.obj</name>
      </input_file>
      <input_file id="fl-c5">
         <path>C:\ti\ccsv6\tools\compiler\arm_15.12.3.LTS\lib\</path>
         <kind>archive</kind>
         <file>rtsv7M4_T_le_v4SPD16_eabi.lib</file>
         <name>boot.obj</name>
      </input_file>
      <input_file id="fl-c6">
         <path>C:\ti\ccsv6\tools\compiler\arm_15.12.3.LTS\lib\</path>
         <kind>archive</kind>
         <file>rtsv7M4_T_le_v4SPD16_eabi.lib</file>
         <name>copy_decompress_none.obj</name>
      </input_file>
      <input_file id="fl-c7">
         <path>C:\ti\ccsv6\tools\compiler\arm_15.12.3.LTS\lib\</path>
         <kind>archive</kind>
         <file>rtsv7M4_T_le_v4SPD16_eabi.lib</file>
         <name>copy_decompress_rle.obj</name>
      </input_file>
      <input_file id="fl-c8">
         <path>C:\ti\ccsv6\tools\compiler\arm_15.12.3.LTS\lib\</path>
         <kind>archive</kind>
         <file>rtsv7M4_T_le_v4SPD16_eabi.lib</file>
         <name>copy_zero_init.obj</name>
      </input_file>
      <input_file id="fl-c9">
         <path>C:\ti\ccsv6\tools\compiler\arm_15.12.3.LTS\lib\</path>
         <kind>archive</kind>
         <file>rtsv7M4_T_le_v4SPD16_eabi.lib</file>
         <name>e_pow.obj</name>
      </input_file>
      <input_file id="fl-ca">
         <path>C:\ti\ccsv6\tools\compiler\arm_15.12.3.LTS\lib\</path>
         <kind>archive</kind>
         <file>rtsv7M4_T_le_v4SPD16_eabi.lib</file>
         <name>e_sqrt.obj</name>
      </input_file>
      <input_file id="fl-cb">
         <path>C:\ti\ccsv6\tools\compiler\arm_15.12.3.LTS\lib\</path>
         <kind>archive</kind>
         <file>rtsv7M4_T_le_v4SPD16_eabi.lib</file>
         <name>errno.obj</name>
      </input_file>
      <input_file id="fl-cc">
         <path>C:\ti\ccsv6\tools\compiler\arm_15.12.3.LTS\lib\</path>
         <kind>archive</kind>
         <file>rtsv7M4_T_le_v4SPD16_eabi.lib</file>
         <name>exit.obj</name>
      </input_file>
      <input_file id="fl-cd">
         <path>C:\ti\ccsv6\tools\compiler\arm_15.12.3.LTS\lib\</path>
         <kind>archive</kind>
         <file>rtsv7M4_T_le_v4SPD16_eabi.lib</file>
         <name>fd_add_t2.obj</name>
      </input_file>
      <input_file id="fl-ce">
         <path>C:\ti\ccsv6\tools\compiler\arm_15.12.3.LTS\lib\</path>
         <kind>archive</kind>
         <file>rtsv7M4_T_le_v4SPD16_eabi.lib</file>
         <name>fd_cmp_t2.obj</name>
      </input_file>
      <input_file id="fl-cf">
         <path>C:\ti\ccsv6\tools\compiler\arm_15.12.3.LTS\lib\</path>
         <kind>archive</kind>
         <file>rtsv7M4_T_le_v4SPD16_eabi.lib</file>
         <name>fd_div_t2.obj</name>
      </input_file>
      <input_file id="fl-d0">
         <path>C:\ti\ccsv6\tools\compiler\arm_15.12.3.LTS\lib\</path>
         <kind>archive</kind>
         <file>rtsv7M4_T_le_v4SPD16_eabi.lib</file>
         <name>fd_mul_t2.obj</name>
      </input_file>
      <input_file id="fl-d1">
         <path>C:\ti\ccsv6\tools\compiler\arm_15.12.3.LTS\lib\</path>
         <kind>archive</kind>
         <file>rtsv7M4_T_le_v4SPD16_eabi.lib</file>
         <name>fd_tos_t2.obj</name>
      </input_file>
      <input_file id="fl-d2">
         <path>C:\ti\ccsv6\tools\compiler\arm_15.12.3.LTS\lib\</path>
         <kind>archive</kind>
         <file>rtsv7M4_T_le_v4SPD16_eabi.lib</file>
         <name>fd_tou_t2.obj</name>
      </input_file>
      <input_file id="fl-d3">
         <path>C:\ti\ccsv6\tools\compiler\arm_15.12.3.LTS\lib\</path>
         <kind>archive</kind>
         <file>rtsv7M4_T_le_v4SPD16_eabi.lib</file>
         <name>fs_tod_t2.obj</name>
      </input_file>
      <input_file id="fl-d4">
         <path>C:\ti\ccsv6\tools\compiler\arm_15.12.3.LTS\lib\</path>
         <kind>archive</kind>
         <file>rtsv7M4_T_le_v4SPD16_eabi.lib</file>
         <name>i_tofd_t2.obj</name>
      </input_file>
      <input_file id="fl-d5">
         <path>C:\ti\ccsv6\tools\compiler\arm_15.12.3.LTS\lib\</path>
         <kind>archive</kind>
         <file>rtsv7M4_T_le_v4SPD16_eabi.lib</file>
         <name>memcpy_t2.obj</name>
      </input_file>
      <input_file id="fl-d6">
         <path>C:\ti\ccsv6\tools\compiler\arm_15.12.3.LTS\lib\</path>
         <kind>archive</kind>
         <file>rtsv7M4_T_le_v4SPD16_eabi.lib</file>
         <name>memmov.obj</name>
      </input_file>
      <input_file id="fl-d7">
         <path>C:\ti\ccsv6\tools\compiler\arm_15.12.3.LTS\lib\</path>
         <kind>archive</kind>
         <file>rtsv7M4_T_le_v4SPD16_eabi.lib</file>
         <name>memory.obj</name>
      </input_file>
      <input_file id="fl-d8">
         <path>C:\ti\ccsv6\tools\compiler\arm_15.12.3.LTS\lib\</path>
         <kind>archive</kind>
         <file>rtsv7M4_T_le_v4SPD16_eabi.lib</file>
         <name>memset_t2.obj</name>
      </input_file>
      <input_file id="fl-d9">
         <path>C:\ti\ccsv6\tools\compiler\arm_15.12.3.LTS\lib\</path>
         <kind>archive</kind>
         <file>rtsv7M4_T_le_v4SPD16_eabi.lib</file>
         <name>mpu_init.obj</name>
      </input_file>
      <input_file id="fl-da">
         <path>C:\ti\ccsv6\tools\compiler\arm_15.12.3.LTS\lib\</path>
         <kind>archive</kind>
         <file>rtsv7M4_T_le_v4SPD16_eabi.lib</file>
         <name>pre_init.obj</name>
      </input_file>
      <input_file id="fl-db">
         <path>C:\ti\ccsv6\tools\compiler\arm_15.12.3.LTS\lib\</path>
         <kind>archive</kind>
         <file>rtsv7M4_T_le_v4SPD16_eabi.lib</file>
         <name>s_scalbn.obj</name>
      </input_file>
      <input_file id="fl-dc">
         <path>C:\ti\ccsv6\tools\compiler\arm_15.12.3.LTS\lib\</path>
         <kind>archive</kind>
         <file>rtsv7M4_T_le_v4SPD16_eabi.lib</file>
         <name>s_sin.obj</name>
      </input_file>
      <input_file id="fl-dd">
         <path>C:\ti\ccsv6\tools\compiler\arm_15.12.3.LTS\lib\</path>
         <kind>archive</kind>
         <file>rtsv7M4_T_le_v4SPD16_eabi.lib</file>
         <name>stkdepth_vars.obj</name>
      </input_file>
      <input_file id="fl-de">
         <path>C:\ti\ccsv6\tools\compiler\arm_15.12.3.LTS\lib\</path>
         <kind>archive</kind>
         <file>rtsv7M4_T_le_v4SPD16_eabi.lib</file>
         <name>_lock.obj</name>
      </input_file>
      <input_file id="fl-df">
         <path>C:\ti\ccsv6\tools\compiler\arm_15.12.3.LTS\lib\</path>
         <kind>archive</kind>
         <file>rtsv7M4_T_le_v4SPD16_eabi.lib</file>
         <name>args_main.obj</name>
      </input_file>
      <input_file id="fl-e0">
         <path>C:\ti\ccsv6\tools\compiler\arm_15.12.3.LTS\lib\</path>
         <kind>archive</kind>
         <file>rtsv7M4_T_le_v4SPD16_eabi.lib</file>
         <name>autoinit.obj</name>
      </input_file>
      <input_file id="fl-e1">
         <path>C:\ti\ccsv6\tools\compiler\arm_15.12.3.LTS\lib\</path>
         <kind>archive</kind>
         <file>rtsv7M4_T_le_v4SPD16_eabi.lib</file>
         <name>cpy_tbl.obj</name>
      </input_file>
      <input_file id="fl-e2">
         <path>C:\ti\ccsv6\tools\compiler\arm_15.12.3.LTS\lib\</path>
         <kind>archive</kind>
         <file>rtsv7M4_T_le_v4SPD16_eabi.lib</file>
         <name>fd_toi_t2.obj</name>
      </input_file>
      <input_file id="fl-e3">
         <path>C:\ti\ccsv6\tools\compiler\arm_15.12.3.LTS\lib\</path>
         <kind>archive</kind>
         <file>rtsv7M4_T_le_v4SPD16_eabi.lib</file>
         <name>k_cos.obj</name>
      </input_file>
      <input_file id="fl-e4">
         <path>C:\ti\ccsv6\tools\compiler\arm_15.12.3.LTS\lib\</path>
         <kind>archive</kind>
         <file>rtsv7M4_T_le_v4SPD16_eabi.lib</file>
         <name>k_rem_pio2.obj</name>
      </input_file>
      <input_file id="fl-e5">
         <path>C:\ti\ccsv6\tools\compiler\arm_15.12.3.LTS\lib\</path>
         <kind>archive</kind>
         <file>rtsv7M4_T_le_v4SPD16_eabi.lib</file>
         <name>k_sin.obj</name>
      </input_file>
      <input_file id="fl-e6">
         <path>C:\ti\ccsv6\tools\compiler\arm_15.12.3.LTS\lib\</path>
         <kind>archive</kind>
         <file>rtsv7M4_T_le_v4SPD16_eabi.lib</file>
         <name>s_copysign.obj</name>
      </input_file>
      <input_file id="fl-e7">
         <path>C:\ti\ccsv6\tools\compiler\arm_15.12.3.LTS\lib\</path>
         <kind>archive</kind>
         <file>rtsv7M4_T_le_v4SPD16_eabi.lib</file>
         <name>s_floor.obj</name>
      </input_file>
      <input_file id="fl-e8">
         <path>C:\ti\ccsv6\tools\compiler\arm_15.12.3.LTS\lib\</path>
         <kind>archive</kind>
         <file>rtsv7M4_T_le_v4SPD16_eabi.lib</file>
         <name>startup.obj</name>
      </input_file>
   </input_file_list>
   <object_component_list>
      <object_component id="oc-2c">
         <name>.intvecs:retain</name>
         <load_address>0x0</load_address>
         <run_address>0x0</run_address>
         <size>0xe4</size>
         <input_file_ref idref="fl-8"/>
      </object_component>
      <object_component id="oc-14e">
         <name>.text</name>
         <load_address>0xe4</load_address>
         <run_address>0xe4</run_address>
         <size>0x9ac</size>
         <input_file_ref idref="fl-c9"/>
      </object_component>
      <object_component id="oc-12c">
         <name>.text</name>
         <load_address>0xa90</load_address>
         <run_address>0xa90</run_address>
         <size>0x3dc</size>
         <input_file_ref idref="fl-d7"/>
      </object_component>
      <object_component id="oc-c9">
         <name>.text</name>
         <load_address>0xe6c</load_address>
         <run_address>0xe6c</run_address>
         <size>0x35c</size>
         <input_file_ref idref="fl-2"/>
      </object_component>
      <object_component id="oc-c2">
         <name>.text</name>
         <load_address>0x11c8</load_address>
         <run_address>0x11c8</run_address>
         <size>0x32c</size>
         <input_file_ref idref="fl-9"/>
      </object_component>
      <object_component id="oc-80">
         <name>.text</name>
         <load_address>0x14f4</load_address>
         <run_address>0x14f4</run_address>
         <size>0x280</size>
         <input_file_ref idref="fl-5"/>
      </object_component>
      <object_component id="oc-144">
         <name>.text</name>
         <load_address>0x1774</load_address>
         <run_address>0x1774</run_address>
         <size>0x1b6</size>
         <input_file_ref idref="fl-cd"/>
      </object_component>
      <object_component id="oc-58">
         <name>.text</name>
         <load_address>0x192a</load_address>
         <run_address>0x192a</run_address>
         <size>0x2</size>
         <input_file_ref idref="fl-d9"/>
      </object_component>
      <object_component id="oc-194">
         <name>.text</name>
         <load_address>0x192c</load_address>
         <run_address>0x192c</run_address>
         <size>0x170</size>
         <input_file_ref idref="fl-ca"/>
      </object_component>
      <object_component id="oc-d5">
         <name>.text</name>
         <load_address>0x1a9c</load_address>
         <run_address>0x1a9c</run_address>
         <size>0x138</size>
         <input_file_ref idref="fl-7"/>
      </object_component>
      <object_component id="oc-149">
         <name>.text</name>
         <load_address>0x1bd4</load_address>
         <run_address>0x1bd4</run_address>
         <size>0x136</size>
         <input_file_ref idref="fl-cf"/>
      </object_component>
      <object_component id="oc-cf">
         <name>.text</name>
         <load_address>0x1d0a</load_address>
         <run_address>0x1d0a</run_address>
         <size>0x11a</size>
         <input_file_ref idref="fl-6"/>
      </object_component>
      <object_component id="oc-15e">
         <name>.text</name>
         <load_address>0x1e24</load_address>
         <run_address>0x1e24</run_address>
         <size>0x10c</size>
         <input_file_ref idref="fl-3"/>
      </object_component>
      <object_component id="oc-154">
         <name>.text</name>
         <load_address>0x1f30</load_address>
         <run_address>0x1f30</run_address>
         <size>0xfc</size>
         <input_file_ref idref="fl-d0"/>
      </object_component>
      <object_component id="oc-1af">
         <name>.text</name>
         <load_address>0x202c</load_address>
         <run_address>0x202c</run_address>
         <size>0xfc</size>
         <input_file_ref idref="fl-db"/>
      </object_component>
      <object_component id="oc-33">
         <name>.text</name>
         <load_address>0x2128</load_address>
         <run_address>0x2128</run_address>
         <size>0x9c</size>
         <input_file_ref idref="fl-d5"/>
      </object_component>
      <object_component id="oc-1a5">
         <name>.text:__aeabi_cdcmple</name>
         <load_address>0x21c4</load_address>
         <run_address>0x21c4</run_address>
         <size>0x86</size>
         <input_file_ref idref="fl-ce"/>
      </object_component>
      <object_component id="oc-1aa">
         <name>.text:__aeabi_cdrcmple</name>
         <load_address>0x224a</load_address>
         <run_address>0x224a</run_address>
         <size>0x86</size>
         <input_file_ref idref="fl-ce"/>
      </object_component>
      <object_component id="oc-4c">
         <name>.text</name>
         <load_address>0x22d0</load_address>
         <run_address>0x22d0</run_address>
         <size>0x7a</size>
         <input_file_ref idref="fl-d8"/>
      </object_component>
      <object_component id="oc-ad">
         <name>.text</name>
         <load_address>0x234a</load_address>
         <run_address>0x234a</run_address>
         <size>0x2</size>
         <input_file_ref idref="fl-e8"/>
      </object_component>
      <object_component id="oc-64">
         <name>.text</name>
         <load_address>0x234c</load_address>
         <run_address>0x234c</run_address>
         <size>0x70</size>
         <input_file_ref idref="fl-e0"/>
      </object_component>
      <object_component id="oc-159">
         <name>.text</name>
         <load_address>0x23bc</load_address>
         <run_address>0x23bc</run_address>
         <size>0x6e</size>
         <input_file_ref idref="fl-d1"/>
      </object_component>
      <object_component id="oc-3f">
         <name>.text</name>
         <load_address>0x242a</load_address>
         <run_address>0x242a</run_address>
         <size>0x6a</size>
         <input_file_ref idref="fl-c7"/>
      </object_component>
      <object_component id="oc-db">
         <name>.text</name>
         <load_address>0x2494</load_address>
         <run_address>0x2494</run_address>
         <size>0x60</size>
         <input_file_ref idref="fl-a"/>
      </object_component>
      <object_component id="oc-26">
         <name>.text</name>
         <load_address>0x24f4</load_address>
         <run_address>0x24f4</run_address>
         <size>0x54</size>
         <input_file_ref idref="fl-c5"/>
      </object_component>
      <object_component id="oc-70">
         <name>.text</name>
         <load_address>0x2548</load_address>
         <run_address>0x2548</run_address>
         <size>0x54</size>
         <input_file_ref idref="fl-cc"/>
      </object_component>
      <object_component id="oc-a7">
         <name>.text</name>
         <load_address>0x259c</load_address>
         <run_address>0x259c</run_address>
         <size>0x4c</size>
         <input_file_ref idref="fl-e1"/>
      </object_component>
      <object_component id="oc-13f">
         <name>.text</name>
         <load_address>0x25e8</load_address>
         <run_address>0x25e8</run_address>
         <size>0x38</size>
         <input_file_ref idref="fl-d3"/>
      </object_component>
      <object_component id="oc-19d">
         <name>.text</name>
         <load_address>0x2620</load_address>
         <run_address>0x2620</run_address>
         <size>0x2e</size>
         <input_file_ref idref="fl-d4"/>
      </object_component>
      <object_component id="oc-139">
         <name>.text</name>
         <load_address>0x264e</load_address>
         <run_address>0x264e</run_address>
         <size>0x24</size>
         <input_file_ref idref="fl-d6"/>
      </object_component>
      <object_component id="oc-6a">
         <name>.text</name>
         <load_address>0x2674</load_address>
         <run_address>0x2674</run_address>
         <size>0x18</size>
         <input_file_ref idref="fl-df"/>
      </object_component>
      <object_component id="oc-115">
         <name>.text</name>
         <load_address>0x268c</load_address>
         <run_address>0x268c</run_address>
         <size>0x14</size>
         <input_file_ref idref="fl-de"/>
      </object_component>
      <object_component id="oc-1d2">
         <name>.text</name>
         <load_address>0x26a0</load_address>
         <run_address>0x26a0</run_address>
         <size>0x14</size>
         <input_file_ref idref="fl-e6"/>
      </object_component>
      <object_component id="oc-14">
         <name>.text:decompress:none</name>
         <load_address>0x26b4</load_address>
         <run_address>0x26b4</run_address>
         <size>0xe</size>
         <input_file_ref idref="fl-c6"/>
      </object_component>
      <object_component id="oc-7a">
         <name>.text</name>
         <load_address>0x26c2</load_address>
         <run_address>0x26c2</run_address>
         <size>0xe</size>
         <input_file_ref idref="fl-8"/>
      </object_component>
      <object_component id="oc-1a">
         <name>.text:decompress:rle24</name>
         <load_address>0x26d0</load_address>
         <run_address>0x26d0</run_address>
         <size>0x6</size>
         <input_file_ref idref="fl-c7"/>
      </object_component>
      <object_component id="oc-5e">
         <name>.text</name>
         <load_address>0x26d6</load_address>
         <run_address>0x26d6</run_address>
         <size>0x4</size>
         <input_file_ref idref="fl-da"/>
      </object_component>
      <object_component id="oc-1a2">
         <name>.const:$O1$$</name>
         <load_address>0x26e0</load_address>
         <run_address>0x26e0</run_address>
         <size>0x30</size>
         <input_file_ref idref="fl-c9"/>
      </object_component>
      <object_component id="oc-20f">
         <name>.cinit..data.load</name>
         <load_address>0x2710</load_address>
         <run_address>0x2710</run_address>
         <size>0x24</size>
      </object_component>
      <object_component id="oc-210">
         <name>.cinit..bss.load</name>
         <load_address>0x2738</load_address>
         <run_address>0x2738</run_address>
         <size>0x9</size>
      </object_component>
      <object_component id="oc-20d">
         <name>__TI_handler_table</name>
         <load_address>0x2744</load_address>
         <run_address>0x2744</run_address>
         <size>0x8</size>
      </object_component>
      <object_component id="oc-20e">
         <name>__TI_cinit_table</name>
         <load_address>0x274c</load_address>
         <run_address>0x274c</run_address>
         <size>0x10</size>
      </object_component>
      <object_component id="oc-1ea">
         <name>.binit</name>
         <load_address>0x0</load_address>
         <run_address>0x0</run_address>
         <size>0x0</size>
      </object_component>
      <object_component id="oc-e6">
         <name>.data</name>
         <load_address>0x2000042c</load_address>
         <run_address>0x2000042c</run_address>
         <size>0x1</size>
         <input_file_ref idref="fl-5"/>
      </object_component>
      <object_component id="oc-121">
         <name>.data</name>
         <load_address>0x20000428</load_address>
         <run_address>0x20000428</run_address>
         <size>0x4</size>
         <input_file_ref idref="fl-9"/>
      </object_component>
      <object_component id="oc-19a">
         <name>.data</name>
         <load_address>0x20000420</load_address>
         <run_address>0x20000420</run_address>
         <size>0x4</size>
         <input_file_ref idref="fl-cb"/>
      </object_component>
      <object_component id="oc-b7">
         <name>.data:$O1$$</name>
         <load_address>0x20000400</load_address>
         <run_address>0x20000400</run_address>
         <size>0xc</size>
         <input_file_ref idref="fl-cc"/>
      </object_component>
      <object_component id="oc-184">
         <name>.data:$O1$$</name>
         <load_address>0x2000040c</load_address>
         <run_address>0x2000040c</run_address>
         <size>0xc</size>
         <input_file_ref idref="fl-d7"/>
      </object_component>
      <object_component id="oc-76">
         <name>.data</name>
         <load_address>0x20000424</load_address>
         <run_address>0x20000424</run_address>
         <size>0x4</size>
         <input_file_ref idref="fl-dd"/>
      </object_component>
      <object_component id="oc-ba">
         <name>.data:$O1$$</name>
         <load_address>0x20000418</load_address>
         <run_address>0x20000418</run_address>
         <size>0x8</size>
         <input_file_ref idref="fl-de"/>
      </object_component>
      <object_component id="oc-e4">
         <name>.common:current_message</name>
         <uninitialized>true</uninitialized>
         <run_address>0x20000448</run_address>
         <size>0x5</size>
      </object_component>
      <object_component id="oc-e1">
         <name>.common:message_buf</name>
         <uninitialized>true</uninitialized>
         <run_address>0x20000430</run_address>
         <size>0x10</size>
      </object_component>
      <object_component id="oc-e5">
         <name>.common:channel1</name>
         <uninitialized>true</uninitialized>
         <run_address>0x20000440</run_address>
         <size>0x8</size>
      </object_component>
      <object_component id="oc-30">
         <name>.sysmem</name>
         <uninitialized>true</uninitialized>
         <run_address>0x20000000</run_address>
         <size>0x8</size>
         <input_file_ref idref="fl-d7"/>
      </object_component>
      <object_component id="oc-212">
         <name>.sysmem</name>
         <uninitialized>true</uninitialized>
         <run_address>0x20000000</run_address>
         <size>0x0</size>
      </object_component>
      <object_component id="oc-2f">
         <name>.stack</name>
         <uninitialized>true</uninitialized>
         <run_address>0x2000fe00</run_address>
         <size>0x0</size>
         <input_file_ref idref="fl-c5"/>
      </object_component>
      <object_component id="oc-211">
         <name>.stack</name>
         <uninitialized>true</uninitialized>
         <run_address>0x2000fe00</run_address>
         <size>0x0</size>
      </object_component>
      <object_component id="oc-126">
         <name>.debug_info</name>
         <load_address>0x0</load_address>
         <run_address>0x0</run_address>
         <size>0x3d5</size>
         <input_file_ref idref="fl-2"/>
      </object_component>
      <object_component id="oc-ca">
         <name>.debug_info</name>
         <load_address>0x3d5</load_address>
         <run_address>0x3d5</run_address>
         <size>0x5a6</size>
         <input_file_ref idref="fl-2"/>
      </object_component>
      <object_component id="oc-16a">
         <name>.debug_info</name>
         <load_address>0x97b</load_address>
         <run_address>0x97b</run_address>
         <size>0x103e</size>
         <input_file_ref idref="fl-2"/>
      </object_component>
      <object_component id="oc-127">
         <name>.debug_info</name>
         <load_address>0x19b9</load_address>
         <run_address>0x19b9</run_address>
         <size>0x37a3</size>
         <input_file_ref idref="fl-2"/>
      </object_component>
      <object_component id="oc-18a">
         <name>.debug_info</name>
         <load_address>0x515c</load_address>
         <run_address>0x515c</run_address>
         <size>0x110</size>
         <input_file_ref idref="fl-2"/>
      </object_component>
      <object_component id="oc-95">
         <name>.debug_info</name>
         <load_address>0x526c</load_address>
         <run_address>0x526c</run_address>
         <size>0x84</size>
         <input_file_ref idref="fl-2"/>
      </object_component>
      <object_component id="oc-ea">
         <name>.debug_info</name>
         <load_address>0x52f0</load_address>
         <run_address>0x52f0</run_address>
         <size>0x18b</size>
         <input_file_ref idref="fl-2"/>
      </object_component>
      <object_component id="oc-1c4">
         <name>.debug_info</name>
         <load_address>0x547b</load_address>
         <run_address>0x547b</run_address>
         <size>0x3e3</size>
         <input_file_ref idref="fl-3"/>
      </object_component>
      <object_component id="oc-160">
         <name>.debug_info</name>
         <load_address>0x585e</load_address>
         <run_address>0x585e</run_address>
         <size>0x1a7</size>
         <input_file_ref idref="fl-3"/>
      </object_component>
      <object_component id="oc-16f">
         <name>.debug_info</name>
         <load_address>0x5a05</load_address>
         <run_address>0x5a05</run_address>
         <size>0x144</size>
         <input_file_ref idref="fl-3"/>
      </object_component>
      <object_component id="oc-e2">
         <name>.debug_info</name>
         <load_address>0x5b49</load_address>
         <run_address>0x5b49</run_address>
         <size>0x68a</size>
         <input_file_ref idref="fl-5"/>
      </object_component>
      <object_component id="oc-e7">
         <name>.debug_info</name>
         <load_address>0x61d3</load_address>
         <run_address>0x61d3</run_address>
         <size>0xf7</size>
         <input_file_ref idref="fl-5"/>
      </object_component>
      <object_component id="oc-81">
         <name>.debug_info</name>
         <load_address>0x62ca</load_address>
         <run_address>0x62ca</run_address>
         <size>0x5c3</size>
         <input_file_ref idref="fl-5"/>
      </object_component>
      <object_component id="oc-133">
         <name>.debug_info</name>
         <load_address>0x688d</load_address>
         <run_address>0x688d</run_address>
         <size>0xdd</size>
         <input_file_ref idref="fl-5"/>
      </object_component>
      <object_component id="oc-138">
         <name>.debug_info</name>
         <load_address>0x696a</load_address>
         <run_address>0x696a</run_address>
         <size>0x404</size>
         <input_file_ref idref="fl-6"/>
      </object_component>
      <object_component id="oc-d1">
         <name>.debug_info</name>
         <load_address>0x6d6e</load_address>
         <run_address>0x6d6e</run_address>
         <size>0x49b</size>
         <input_file_ref idref="fl-6"/>
      </object_component>
      <object_component id="oc-165">
         <name>.debug_info</name>
         <load_address>0x7209</load_address>
         <run_address>0x7209</run_address>
         <size>0x4d0</size>
         <input_file_ref idref="fl-7"/>
      </object_component>
      <object_component id="oc-d6">
         <name>.debug_info</name>
         <load_address>0x76d9</load_address>
         <run_address>0x76d9</run_address>
         <size>0x4a0</size>
         <input_file_ref idref="fl-7"/>
      </object_component>
      <object_component id="oc-88">
         <name>.debug_info</name>
         <load_address>0x7b79</load_address>
         <run_address>0x7b79</run_address>
         <size>0x138</size>
         <input_file_ref idref="fl-8"/>
      </object_component>
      <object_component id="oc-2d">
         <name>.debug_info</name>
         <load_address>0x7cb1</load_address>
         <run_address>0x7cb1</run_address>
         <size>0x110</size>
         <input_file_ref idref="fl-8"/>
      </object_component>
      <object_component id="oc-7b">
         <name>.debug_info</name>
         <load_address>0x7dc1</load_address>
         <run_address>0x7dc1</run_address>
         <size>0x1d7</size>
         <input_file_ref idref="fl-8"/>
      </object_component>
      <object_component id="oc-122">
         <name>.debug_info</name>
         <load_address>0x7f98</load_address>
         <run_address>0x7f98</run_address>
         <size>0x109</size>
         <input_file_ref idref="fl-9"/>
      </object_component>
      <object_component id="oc-c3">
         <name>.debug_info</name>
         <load_address>0x80a1</load_address>
         <run_address>0x80a1</run_address>
         <size>0x27b</size>
         <input_file_ref idref="fl-9"/>
      </object_component>
      <object_component id="oc-167">
         <name>.debug_info</name>
         <load_address>0x831c</load_address>
         <run_address>0x831c</run_address>
         <size>0x3a2</size>
         <input_file_ref idref="fl-a"/>
      </object_component>
      <object_component id="oc-dd">
         <name>.debug_info</name>
         <load_address>0x86be</load_address>
         <run_address>0x86be</run_address>
         <size>0x2a2</size>
         <input_file_ref idref="fl-a"/>
      </object_component>
      <object_component id="oc-9d">
         <name>.debug_info</name>
         <load_address>0x8960</load_address>
         <run_address>0x8960</run_address>
         <size>0x2c</size>
         <input_file_ref idref="fl-b"/>
      </object_component>
      <object_component id="oc-28">
         <name>.debug_info</name>
         <load_address>0x898c</load_address>
         <run_address>0x898c</run_address>
         <size>0x161</size>
         <input_file_ref idref="fl-c5"/>
      </object_component>
      <object_component id="oc-3e">
         <name>.debug_info</name>
         <load_address>0x8aed</load_address>
         <run_address>0x8aed</run_address>
         <size>0x141</size>
         <input_file_ref idref="fl-c6"/>
      </object_component>
      <object_component id="oc-17">
         <name>.debug_info</name>
         <load_address>0x8c2e</load_address>
         <run_address>0x8c2e</run_address>
         <size>0x1e0</size>
         <input_file_ref idref="fl-c6"/>
      </object_component>
      <object_component id="oc-39">
         <name>.debug_info</name>
         <load_address>0x8e0e</load_address>
         <run_address>0x8e0e</run_address>
         <size>0x46</size>
         <input_file_ref idref="fl-c6"/>
      </object_component>
      <object_component id="oc-8e">
         <name>.debug_info</name>
         <load_address>0x8e54</load_address>
         <run_address>0x8e54</run_address>
         <size>0x2c</size>
         <input_file_ref idref="fl-c6"/>
      </object_component>
      <object_component id="oc-46">
         <name>.debug_info</name>
         <load_address>0x8e80</load_address>
         <run_address>0x8e80</run_address>
         <size>0x135</size>
         <input_file_ref idref="fl-c7"/>
      </object_component>
      <object_component id="oc-40">
         <name>.debug_info</name>
         <load_address>0x8fb5</load_address>
         <run_address>0x8fb5</run_address>
         <size>0x248</size>
         <input_file_ref idref="fl-c7"/>
      </object_component>
      <object_component id="oc-1b">
         <name>.debug_info</name>
         <load_address>0x91fd</load_address>
         <run_address>0x91fd</run_address>
         <size>0x1b2</size>
         <input_file_ref idref="fl-c7"/>
      </object_component>
      <object_component id="oc-47">
         <name>.debug_info</name>
         <load_address>0x93af</load_address>
         <run_address>0x93af</run_address>
         <size>0x39</size>
         <input_file_ref idref="fl-c7"/>
      </object_component>
      <object_component id="oc-1b6">
         <name>.debug_info</name>
         <load_address>0x93e8</load_address>
         <run_address>0x93e8</run_address>
         <size>0x202</size>
         <input_file_ref idref="fl-c9"/>
      </object_component>
      <object_component id="oc-1a3">
         <name>.debug_info</name>
         <load_address>0x95ea</load_address>
         <run_address>0x95ea</run_address>
         <size>0x11e</size>
         <input_file_ref idref="fl-c9"/>
      </object_component>
      <object_component id="oc-150">
         <name>.debug_info</name>
         <load_address>0x9708</load_address>
         <run_address>0x9708</run_address>
         <size>0xb76</size>
         <input_file_ref idref="fl-c9"/>
      </object_component>
      <object_component id="oc-1b8">
         <name>.debug_info</name>
         <load_address>0xa27e</load_address>
         <run_address>0xa27e</run_address>
         <size>0x39</size>
         <input_file_ref idref="fl-c9"/>
      </object_component>
      <object_component id="oc-1ca">
         <name>.debug_info</name>
         <load_address>0xa2b7</load_address>
         <run_address>0xa2b7</run_address>
         <size>0x14a</size>
         <input_file_ref idref="fl-ca"/>
      </object_component>
      <object_component id="oc-195">
         <name>.debug_info</name>
         <load_address>0xa401</load_address>
         <run_address>0xa401</run_address>
         <size>0x241</size>
         <input_file_ref idref="fl-ca"/>
      </object_component>
      <object_component id="oc-19b">
         <name>.debug_info</name>
         <load_address>0xa642</load_address>
         <run_address>0xa642</run_address>
         <size>0xf4</size>
         <input_file_ref idref="fl-cb"/>
      </object_component>
      <object_component id="oc-be">
         <name>.debug_info</name>
         <load_address>0xa736</load_address>
         <run_address>0xa736</run_address>
         <size>0x235</size>
         <input_file_ref idref="fl-cc"/>
      </object_component>
      <object_component id="oc-b8">
         <name>.debug_info</name>
         <load_address>0xa96b</load_address>
         <run_address>0xa96b</run_address>
         <size>0x186</size>
         <input_file_ref idref="fl-cc"/>
      </object_component>
      <object_component id="oc-71">
         <name>.debug_info</name>
         <load_address>0xaaf1</load_address>
         <run_address>0xaaf1</run_address>
         <size>0x215</size>
         <input_file_ref idref="fl-cc"/>
      </object_component>
      <object_component id="oc-147">
         <name>.debug_info</name>
         <load_address>0xad06</load_address>
         <run_address>0xad06</run_address>
         <size>0x145</size>
         <input_file_ref idref="fl-cd"/>
      </object_component>
      <object_component id="oc-1a8">
         <name>.debug_info</name>
         <load_address>0xae4b</load_address>
         <run_address>0xae4b</run_address>
         <size>0x121</size>
         <input_file_ref idref="fl-ce"/>
      </object_component>
      <object_component id="oc-1ac">
         <name>.debug_info</name>
         <load_address>0xaf6c</load_address>
         <run_address>0xaf6c</run_address>
         <size>0x123</size>
         <input_file_ref idref="fl-ce"/>
      </object_component>
      <object_component id="oc-14b">
         <name>.debug_info</name>
         <load_address>0xb08f</load_address>
         <run_address>0xb08f</run_address>
         <size>0x133</size>
         <input_file_ref idref="fl-cf"/>
      </object_component>
      <object_component id="oc-156">
         <name>.debug_info</name>
         <load_address>0xb1c2</load_address>
         <run_address>0xb1c2</run_address>
         <size>0x133</size>
         <input_file_ref idref="fl-d0"/>
      </object_component>
      <object_component id="oc-15a">
         <name>.debug_info</name>
         <load_address>0xb2f5</load_address>
         <run_address>0xb2f5</run_address>
         <size>0x137</size>
         <input_file_ref idref="fl-d1"/>
      </object_component>
      <object_component id="oc-140">
         <name>.debug_info</name>
         <load_address>0xb42c</load_address>
         <run_address>0xb42c</run_address>
         <size>0x125</size>
         <input_file_ref idref="fl-d3"/>
      </object_component>
      <object_component id="oc-19e">
         <name>.debug_info</name>
         <load_address>0xb551</load_address>
         <run_address>0xb551</run_address>
         <size>0x125</size>
         <input_file_ref idref="fl-d4"/>
      </object_component>
      <object_component id="oc-34">
         <name>.debug_info</name>
         <load_address>0xb676</load_address>
         <run_address>0xb676</run_address>
         <size>0x112</size>
         <input_file_ref idref="fl-d5"/>
      </object_component>
      <object_component id="oc-190">
         <name>.debug_info</name>
         <load_address>0xb788</load_address>
         <run_address>0xb788</run_address>
         <size>0x12d</size>
         <input_file_ref idref="fl-d6"/>
      </object_component>
      <object_component id="oc-13a">
         <name>.debug_info</name>
         <load_address>0xb8b5</load_address>
         <run_address>0xb8b5</run_address>
         <size>0x1ac</size>
         <input_file_ref idref="fl-d6"/>
      </object_component>
      <object_component id="oc-8b">
         <name>.debug_info</name>
         <load_address>0xba61</load_address>
         <run_address>0xba61</run_address>
         <size>0x223</size>
         <input_file_ref idref="fl-d7"/>
      </object_component>
      <object_component id="oc-31">
         <name>.debug_info</name>
         <load_address>0xbc84</load_address>
         <run_address>0xbc84</run_address>
         <size>0x102</size>
         <input_file_ref idref="fl-d7"/>
      </object_component>
      <object_component id="oc-185">
         <name>.debug_info</name>
         <load_address>0xbd86</load_address>
         <run_address>0xbd86</run_address>
         <size>0x14d</size>
         <input_file_ref idref="fl-d7"/>
      </object_component>
      <object_component id="oc-12d">
         <name>.debug_info</name>
         <load_address>0xbed3</load_address>
         <run_address>0xbed3</run_address>
         <size>0x88c</size>
         <input_file_ref idref="fl-d7"/>
      </object_component>
      <object_component id="oc-f3">
         <name>.debug_info</name>
         <load_address>0xc75f</load_address>
         <run_address>0xc75f</run_address>
         <size>0x2c</size>
         <input_file_ref idref="fl-d7"/>
      </object_component>
      <object_component id="oc-f8">
         <name>.debug_info</name>
         <load_address>0xc78b</load_address>
         <run_address>0xc78b</run_address>
         <size>0x62</size>
         <input_file_ref idref="fl-d7"/>
      </object_component>
      <object_component id="oc-4d">
         <name>.debug_info</name>
         <load_address>0xc7ed</load_address>
         <run_address>0xc7ed</run_address>
         <size>0x140</size>
         <input_file_ref idref="fl-d8"/>
      </object_component>
      <object_component id="oc-5c">
         <name>.debug_info</name>
         <load_address>0xc92d</load_address>
         <run_address>0xc92d</run_address>
         <size>0x139</size>
         <input_file_ref idref="fl-d9"/>
      </object_component>
      <object_component id="oc-5f">
         <name>.debug_info</name>
         <load_address>0xca66</load_address>
         <run_address>0xca66</run_address>
         <size>0x149</size>
         <input_file_ref idref="fl-da"/>
      </object_component>
      <object_component id="oc-1de">
         <name>.debug_info</name>
         <load_address>0xcbaf</load_address>
         <run_address>0xcbaf</run_address>
         <size>0x17d</size>
         <input_file_ref idref="fl-db"/>
      </object_component>
      <object_component id="oc-1b3">
         <name>.debug_info</name>
         <load_address>0xcd2c</load_address>
         <run_address>0xcd2c</run_address>
         <size>0x1d6</size>
         <input_file_ref idref="fl-db"/>
      </object_component>
      <object_component id="oc-1d9">
         <name>.debug_info</name>
         <load_address>0xcf02</load_address>
         <run_address>0xcf02</run_address>
         <size>0x2c</size>
         <input_file_ref idref="fl-db"/>
      </object_component>
      <object_component id="oc-77">
         <name>.debug_info</name>
         <load_address>0xcf2e</load_address>
         <run_address>0xcf2e</run_address>
         <size>0x10a</size>
         <input_file_ref idref="fl-dd"/>
      </object_component>
      <object_component id="oc-11d">
         <name>.debug_info</name>
         <load_address>0xd038</load_address>
         <run_address>0xd038</run_address>
         <size>0x125</size>
         <input_file_ref idref="fl-de"/>
      </object_component>
      <object_component id="oc-bb">
         <name>.debug_info</name>
         <load_address>0xd15d</load_address>
         <run_address>0xd15d</run_address>
         <size>0x114</size>
         <input_file_ref idref="fl-de"/>
      </object_component>
      <object_component id="oc-117">
         <name>.debug_info</name>
         <load_address>0xd271</load_address>
         <run_address>0xd271</run_address>
         <size>0x220</size>
         <input_file_ref idref="fl-de"/>
      </object_component>
      <object_component id="oc-b6">
         <name>.debug_info</name>
         <load_address>0xd491</load_address>
         <run_address>0xd491</run_address>
         <size>0x167</size>
         <input_file_ref idref="fl-df"/>
      </object_component>
      <object_component id="oc-6c">
         <name>.debug_info</name>
         <load_address>0xd5f8</load_address>
         <run_address>0xd5f8</run_address>
         <size>0x168</size>
         <input_file_ref idref="fl-df"/>
      </object_component>
      <object_component id="oc-10e">
         <name>.debug_info</name>
         <load_address>0xd760</load_address>
         <run_address>0xd760</run_address>
         <size>0x5e</size>
         <input_file_ref idref="fl-df"/>
      </object_component>
      <object_component id="oc-b4">
         <name>.debug_info</name>
         <load_address>0xd7be</load_address>
         <run_address>0xd7be</run_address>
         <size>0x2ea</size>
         <input_file_ref idref="fl-e0"/>
      </object_component>
      <object_component id="oc-67">
         <name>.debug_info</name>
         <load_address>0xdaa8</load_address>
         <run_address>0xdaa8</run_address>
         <size>0x191</size>
         <input_file_ref idref="fl-e0"/>
      </object_component>
      <object_component id="oc-102">
         <name>.debug_info</name>
         <load_address>0xdc39</load_address>
         <run_address>0xdc39</run_address>
         <size>0x39</size>
         <input_file_ref idref="fl-e0"/>
      </object_component>
      <object_component id="oc-107">
         <name>.debug_info</name>
         <load_address>0xdc72</load_address>
         <run_address>0xdc72</run_address>
         <size>0xcd</size>
         <input_file_ref idref="fl-e0"/>
      </object_component>
      <object_component id="oc-fe">
         <name>.debug_info</name>
         <load_address>0xdd3f</load_address>
         <run_address>0xdd3f</run_address>
         <size>0x1e1</size>
         <input_file_ref idref="fl-e1"/>
      </object_component>
      <object_component id="oc-a9">
         <name>.debug_info</name>
         <load_address>0xdf20</load_address>
         <run_address>0xdf20</run_address>
         <size>0x184</size>
         <input_file_ref idref="fl-e1"/>
      </object_component>
      <object_component id="oc-178">
         <name>.debug_info</name>
         <load_address>0xe0a4</load_address>
         <run_address>0xe0a4</run_address>
         <size>0x2c</size>
         <input_file_ref idref="fl-e1"/>
      </object_component>
      <object_component id="oc-1d4">
         <name>.debug_info</name>
         <load_address>0xe0d0</load_address>
         <run_address>0xe0d0</run_address>
         <size>0x157</size>
         <input_file_ref idref="fl-e6"/>
      </object_component>
      <object_component id="oc-af">
         <name>.debug_info</name>
         <load_address>0xe227</load_address>
         <run_address>0xe227</run_address>
         <size>0x146</size>
         <input_file_ref idref="fl-e8"/>
      </object_component>
      <object_component id="oc-213">
         <name>.debug_info</name>
         <load_address>0xe36d</load_address>
         <run_address>0xe36d</run_address>
         <size>0xbf</size>
      </object_component>
      <object_component id="oc-183">
         <name>.debug_line</name>
         <load_address>0x0</load_address>
         <run_address>0x0</run_address>
         <size>0x20</size>
         <input_file_ref idref="fl-2"/>
      </object_component>
      <object_component id="oc-cd">
         <name>.debug_line</name>
         <load_address>0x20</load_address>
         <run_address>0x20</run_address>
         <size>0x192</size>
         <input_file_ref idref="fl-2"/>
      </object_component>
      <object_component id="oc-16d">
         <name>.debug_line</name>
         <load_address>0x1b2</load_address>
         <run_address>0x1b2</run_address>
         <size>0x55</size>
         <input_file_ref idref="fl-2"/>
      </object_component>
      <object_component id="oc-12a">
         <name>.debug_line</name>
         <load_address>0x207</load_address>
         <run_address>0x207</run_address>
         <size>0x52</size>
         <input_file_ref idref="fl-2"/>
      </object_component>
      <object_component id="oc-18d">
         <name>.debug_line</name>
         <load_address>0x259</load_address>
         <run_address>0x259</run_address>
         <size>0x5f</size>
         <input_file_ref idref="fl-2"/>
      </object_component>
      <object_component id="oc-98">
         <name>.debug_line</name>
         <load_address>0x2b8</load_address>
         <run_address>0x2b8</run_address>
         <size>0x20</size>
         <input_file_ref idref="fl-2"/>
      </object_component>
      <object_component id="oc-ed">
         <name>.debug_line</name>
         <load_address>0x2d8</load_address>
         <run_address>0x2d8</run_address>
         <size>0x5f</size>
         <input_file_ref idref="fl-2"/>
      </object_component>
      <object_component id="oc-1e2">
         <name>.debug_line</name>
         <load_address>0x337</load_address>
         <run_address>0x337</run_address>
         <size>0x2d</size>
         <input_file_ref idref="fl-3"/>
      </object_component>
      <object_component id="oc-15f">
         <name>.debug_line</name>
         <load_address>0x364</load_address>
         <run_address>0x364</run_address>
         <size>0x74</size>
         <input_file_ref idref="fl-3"/>
      </object_component>
      <object_component id="oc-172">
         <name>.debug_line</name>
         <load_address>0x3d8</load_address>
         <run_address>0x3d8</run_address>
         <size>0x2d</size>
         <input_file_ref idref="fl-3"/>
      </object_component>
      <object_component id="oc-169">
         <name>.debug_line</name>
         <load_address>0x405</load_address>
         <run_address>0x405</run_address>
         <size>0x78</size>
         <input_file_ref idref="fl-5"/>
      </object_component>
      <object_component id="oc-175">
         <name>.debug_line</name>
         <load_address>0x47d</load_address>
         <run_address>0x47d</run_address>
         <size>0x2d</size>
         <input_file_ref idref="fl-5"/>
      </object_component>
      <object_component id="oc-84">
         <name>.debug_line</name>
         <load_address>0x4aa</load_address>
         <run_address>0x4aa</run_address>
         <size>0x198</size>
         <input_file_ref idref="fl-5"/>
      </object_component>
      <object_component id="oc-136">
         <name>.debug_line</name>
         <load_address>0x642</load_address>
         <run_address>0x642</run_address>
         <size>0x37</size>
         <input_file_ref idref="fl-5"/>
      </object_component>
      <object_component id="oc-189">
         <name>.debug_line</name>
         <load_address>0x679</load_address>
         <run_address>0x679</run_address>
         <size>0x5f</size>
         <input_file_ref idref="fl-6"/>
      </object_component>
      <object_component id="oc-d4">
         <name>.debug_line</name>
         <load_address>0x6d8</load_address>
         <run_address>0x6d8</run_address>
         <size>0xfe</size>
         <input_file_ref idref="fl-6"/>
      </object_component>
      <object_component id="oc-1c1">
         <name>.debug_line</name>
         <load_address>0x7d6</load_address>
         <run_address>0x7d6</run_address>
         <size>0xf1</size>
         <input_file_ref idref="fl-7"/>
      </object_component>
      <object_component id="oc-d9">
         <name>.debug_line</name>
         <load_address>0x8c7</load_address>
         <run_address>0x8c7</run_address>
         <size>0xc4</size>
         <input_file_ref idref="fl-7"/>
      </object_component>
      <object_component id="oc-f0">
         <name>.debug_line</name>
         <load_address>0x98b</load_address>
         <run_address>0x98b</run_address>
         <size>0x40</size>
         <input_file_ref idref="fl-8"/>
      </object_component>
      <object_component id="oc-87">
         <name>.debug_line</name>
         <load_address>0x9cb</load_address>
         <run_address>0x9cb</run_address>
         <size>0x40</size>
         <input_file_ref idref="fl-8"/>
      </object_component>
      <object_component id="oc-7e">
         <name>.debug_line</name>
         <load_address>0xa0b</load_address>
         <run_address>0xa0b</run_address>
         <size>0x71</size>
         <input_file_ref idref="fl-8"/>
      </object_component>
      <object_component id="oc-181">
         <name>.debug_line</name>
         <load_address>0xa7c</load_address>
         <run_address>0xa7c</run_address>
         <size>0x3b</size>
         <input_file_ref idref="fl-9"/>
      </object_component>
      <object_component id="oc-c7">
         <name>.debug_line</name>
         <load_address>0xab7</load_address>
         <run_address>0xab7</run_address>
         <size>0x146</size>
         <input_file_ref idref="fl-9"/>
      </object_component>
      <object_component id="oc-1c3">
         <name>.debug_line</name>
         <load_address>0xbfd</load_address>
         <run_address>0xbfd</run_address>
         <size>0x20</size>
         <input_file_ref idref="fl-a"/>
      </object_component>
      <object_component id="oc-dc">
         <name>.debug_line</name>
         <load_address>0xc1d</load_address>
         <run_address>0xc1d</run_address>
         <size>0x82</size>
         <input_file_ref idref="fl-a"/>
      </object_component>
      <object_component id="oc-a0">
         <name>.debug_line</name>
         <load_address>0xc9f</load_address>
         <run_address>0xc9f</run_address>
         <size>0x5f</size>
         <input_file_ref idref="fl-b"/>
      </object_component>
      <object_component id="oc-27">
         <name>.debug_line</name>
         <load_address>0xcfe</load_address>
         <run_address>0xcfe</run_address>
         <size>0x53</size>
         <input_file_ref idref="fl-c5"/>
      </object_component>
      <object_component id="oc-94">
         <name>.debug_line</name>
         <load_address>0xd51</load_address>
         <run_address>0xd51</run_address>
         <size>0x8a</size>
         <input_file_ref idref="fl-c6"/>
      </object_component>
      <object_component id="oc-16">
         <name>.debug_line</name>
         <load_address>0xddb</load_address>
         <run_address>0xddb</run_address>
         <size>0x55</size>
         <input_file_ref idref="fl-c6"/>
      </object_component>
      <object_component id="oc-3c">
         <name>.debug_line</name>
         <load_address>0xe30</load_address>
         <run_address>0xe30</run_address>
         <size>0x3a</size>
         <input_file_ref idref="fl-c6"/>
      </object_component>
      <object_component id="oc-91">
         <name>.debug_line</name>
         <load_address>0xe6a</load_address>
         <run_address>0xe6a</run_address>
         <size>0x8a</size>
         <input_file_ref idref="fl-c6"/>
      </object_component>
      <object_component id="oc-9c">
         <name>.debug_line</name>
         <load_address>0xef4</load_address>
         <run_address>0xef4</run_address>
         <size>0x8a</size>
         <input_file_ref idref="fl-c7"/>
      </object_component>
      <object_component id="oc-43">
         <name>.debug_line</name>
         <load_address>0xf7e</load_address>
         <run_address>0xf7e</run_address>
         <size>0x98</size>
         <input_file_ref idref="fl-c7"/>
      </object_component>
      <object_component id="oc-1f">
         <name>.debug_line</name>
         <load_address>0x1016</load_address>
         <run_address>0x1016</run_address>
         <size>0x4b</size>
         <input_file_ref idref="fl-c7"/>
      </object_component>
      <object_component id="oc-4a">
         <name>.debug_line</name>
         <load_address>0x1061</load_address>
         <run_address>0x1061</run_address>
         <size>0x39</size>
         <input_file_ref idref="fl-c7"/>
      </object_component>
      <object_component id="oc-1e0">
         <name>.debug_line</name>
         <load_address>0x109a</load_address>
         <run_address>0x109a</run_address>
         <size>0x93</size>
         <input_file_ref idref="fl-c9"/>
      </object_component>
      <object_component id="oc-1cf">
         <name>.debug_line</name>
         <load_address>0x112d</load_address>
         <run_address>0x112d</run_address>
         <size>0x2b</size>
         <input_file_ref idref="fl-c9"/>
      </object_component>
      <object_component id="oc-152">
         <name>.debug_line</name>
         <load_address>0x1158</load_address>
         <run_address>0x1158</run_address>
         <size>0x2b5</size>
         <input_file_ref idref="fl-c9"/>
      </object_component>
      <object_component id="oc-1bb">
         <name>.debug_line</name>
         <load_address>0x140d</load_address>
         <run_address>0x140d</run_address>
         <size>0x8a</size>
         <input_file_ref idref="fl-c9"/>
      </object_component>
      <object_component id="oc-1e4">
         <name>.debug_line</name>
         <load_address>0x1497</load_address>
         <run_address>0x1497</run_address>
         <size>0x89</size>
         <input_file_ref idref="fl-ca"/>
      </object_component>
      <object_component id="oc-199">
         <name>.debug_line</name>
         <load_address>0x1520</load_address>
         <run_address>0x1520</run_address>
         <size>0x132</size>
         <input_file_ref idref="fl-ca"/>
      </object_component>
      <object_component id="oc-1cc">
         <name>.debug_line</name>
         <load_address>0x1652</load_address>
         <run_address>0x1652</run_address>
         <size>0x2b</size>
         <input_file_ref idref="fl-cb"/>
      </object_component>
      <object_component id="oc-120">
         <name>.debug_line</name>
         <load_address>0x167d</load_address>
         <run_address>0x167d</run_address>
         <size>0xf2</size>
         <input_file_ref idref="fl-cc"/>
      </object_component>
      <object_component id="oc-114">
         <name>.debug_line</name>
         <load_address>0x176f</load_address>
         <run_address>0x176f</run_address>
         <size>0x2a</size>
         <input_file_ref idref="fl-cc"/>
      </object_component>
      <object_component id="oc-74">
         <name>.debug_line</name>
         <load_address>0x1799</load_address>
         <run_address>0x1799</run_address>
         <size>0x86</size>
         <input_file_ref idref="fl-cc"/>
      </object_component>
      <object_component id="oc-145">
         <name>.debug_line</name>
         <load_address>0x181f</load_address>
         <run_address>0x181f</run_address>
         <size>0xd2</size>
         <input_file_ref idref="fl-cd"/>
      </object_component>
      <object_component id="oc-1a6">
         <name>.debug_line</name>
         <load_address>0x18f1</load_address>
         <run_address>0x18f1</run_address>
         <size>0x77</size>
         <input_file_ref idref="fl-ce"/>
      </object_component>
      <object_component id="oc-1ab">
         <name>.debug_line</name>
         <load_address>0x1968</load_address>
         <run_address>0x1968</run_address>
         <size>0x77</size>
         <input_file_ref idref="fl-ce"/>
      </object_component>
      <object_component id="oc-14a">
         <name>.debug_line</name>
         <load_address>0x19df</load_address>
         <run_address>0x19df</run_address>
         <size>0xa8</size>
         <input_file_ref idref="fl-cf"/>
      </object_component>
      <object_component id="oc-158">
         <name>.debug_line</name>
         <load_address>0x1a87</load_address>
         <run_address>0x1a87</run_address>
         <size>0x8e</size>
         <input_file_ref idref="fl-d0"/>
      </object_component>
      <object_component id="oc-15d">
         <name>.debug_line</name>
         <load_address>0x1b15</load_address>
         <run_address>0x1b15</run_address>
         <size>0x67</size>
         <input_file_ref idref="fl-d1"/>
      </object_component>
      <object_component id="oc-143">
         <name>.debug_line</name>
         <load_address>0x1b7c</load_address>
         <run_address>0x1b7c</run_address>
         <size>0x57</size>
         <input_file_ref idref="fl-d3"/>
      </object_component>
      <object_component id="oc-1a1">
         <name>.debug_line</name>
         <load_address>0x1bd3</load_address>
         <run_address>0x1bd3</run_address>
         <size>0x50</size>
         <input_file_ref idref="fl-d4"/>
      </object_component>
      <object_component id="oc-37">
         <name>.debug_line</name>
         <load_address>0x1c23</load_address>
         <run_address>0x1c23</run_address>
         <size>0x88</size>
         <input_file_ref idref="fl-d5"/>
      </object_component>
      <object_component id="oc-1c8">
         <name>.debug_line</name>
         <load_address>0x1cab</load_address>
         <run_address>0x1cab</run_address>
         <size>0x8a</size>
         <input_file_ref idref="fl-d6"/>
      </object_component>
      <object_component id="oc-13e">
         <name>.debug_line</name>
         <load_address>0x1d35</load_address>
         <run_address>0x1d35</run_address>
         <size>0x54</size>
         <input_file_ref idref="fl-d6"/>
      </object_component>
      <object_component id="oc-f2">
         <name>.debug_line</name>
         <load_address>0x1d89</load_address>
         <run_address>0x1d89</run_address>
         <size>0xff</size>
         <input_file_ref idref="fl-d7"/>
      </object_component>
      <object_component id="oc-8a">
         <name>.debug_line</name>
         <load_address>0x1e88</load_address>
         <run_address>0x1e88</run_address>
         <size>0x2c</size>
         <input_file_ref idref="fl-d7"/>
      </object_component>
      <object_component id="oc-1c6">
         <name>.debug_line</name>
         <load_address>0x1eb4</load_address>
         <run_address>0x1eb4</run_address>
         <size>0x2c</size>
         <input_file_ref idref="fl-d7"/>
      </object_component>
      <object_component id="oc-131">
         <name>.debug_line</name>
         <load_address>0x1ee0</load_address>
         <run_address>0x1ee0</run_address>
         <size>0x314</size>
         <input_file_ref idref="fl-d7"/>
      </object_component>
      <object_component id="oc-f6">
         <name>.debug_line</name>
         <load_address>0x21f4</load_address>
         <run_address>0x21f4</run_address>
         <size>0x8a</size>
         <input_file_ref idref="fl-d7"/>
      </object_component>
      <object_component id="oc-fb">
         <name>.debug_line</name>
         <load_address>0x227e</load_address>
         <run_address>0x227e</run_address>
         <size>0x2c</size>
         <input_file_ref idref="fl-d7"/>
      </object_component>
      <object_component id="oc-50">
         <name>.debug_line</name>
         <load_address>0x22aa</load_address>
         <run_address>0x22aa</run_address>
         <size>0x79</size>
         <input_file_ref idref="fl-d8"/>
      </object_component>
      <object_component id="oc-5a">
         <name>.debug_line</name>
         <load_address>0x2323</load_address>
         <run_address>0x2323</run_address>
         <size>0x3d</size>
         <input_file_ref idref="fl-d9"/>
      </object_component>
      <object_component id="oc-62">
         <name>.debug_line</name>
         <load_address>0x2360</load_address>
         <run_address>0x2360</run_address>
         <size>0x40</size>
         <input_file_ref idref="fl-da"/>
      </object_component>
      <object_component id="oc-1e7">
         <name>.debug_line</name>
         <load_address>0x23a0</load_address>
         <run_address>0x23a0</run_address>
         <size>0x93</size>
         <input_file_ref idref="fl-db"/>
      </object_component>
      <object_component id="oc-1b1">
         <name>.debug_line</name>
         <load_address>0x2433</load_address>
         <run_address>0x2433</run_address>
         <size>0xa1</size>
         <input_file_ref idref="fl-db"/>
      </object_component>
      <object_component id="oc-1dc">
         <name>.debug_line</name>
         <load_address>0x24d4</load_address>
         <run_address>0x24d4</run_address>
         <size>0x8a</size>
         <input_file_ref idref="fl-db"/>
      </object_component>
      <object_component id="oc-c1">
         <name>.debug_line</name>
         <load_address>0x255e</load_address>
         <run_address>0x255e</run_address>
         <size>0x33</size>
         <input_file_ref idref="fl-dd"/>
      </object_component>
      <object_component id="oc-17f">
         <name>.debug_line</name>
         <load_address>0x2591</load_address>
         <run_address>0x2591</run_address>
         <size>0x20</size>
         <input_file_ref idref="fl-de"/>
      </object_component>
      <object_component id="oc-11c">
         <name>.debug_line</name>
         <load_address>0x25b1</load_address>
         <run_address>0x25b1</run_address>
         <size>0x2b</size>
         <input_file_ref idref="fl-de"/>
      </object_component>
      <object_component id="oc-116">
         <name>.debug_line</name>
         <load_address>0x25dc</load_address>
         <run_address>0x25dc</run_address>
         <size>0x68</size>
         <input_file_ref idref="fl-de"/>
      </object_component>
      <object_component id="oc-10d">
         <name>.debug_line</name>
         <load_address>0x2644</load_address>
         <run_address>0x2644</run_address>
         <size>0x2b</size>
         <input_file_ref idref="fl-df"/>
      </object_component>
      <object_component id="oc-6f">
         <name>.debug_line</name>
         <load_address>0x266f</load_address>
         <run_address>0x266f</run_address>
         <size>0x50</size>
         <input_file_ref idref="fl-df"/>
      </object_component>
      <object_component id="oc-111">
         <name>.debug_line</name>
         <load_address>0x26bf</load_address>
         <run_address>0x26bf</run_address>
         <size>0x2b</size>
         <input_file_ref idref="fl-df"/>
      </object_component>
      <object_component id="oc-101">
         <name>.debug_line</name>
         <load_address>0x26ea</load_address>
         <run_address>0x26ea</run_address>
         <size>0xa9</size>
         <input_file_ref idref="fl-e0"/>
      </object_component>
      <object_component id="oc-69">
         <name>.debug_line</name>
         <load_address>0x2793</load_address>
         <run_address>0x2793</run_address>
         <size>0x8b</size>
         <input_file_ref idref="fl-e0"/>
      </object_component>
      <object_component id="oc-105">
         <name>.debug_line</name>
         <load_address>0x281e</load_address>
         <run_address>0x281e</run_address>
         <size>0x2e</size>
         <input_file_ref idref="fl-e0"/>
      </object_component>
      <object_component id="oc-10a">
         <name>.debug_line</name>
         <load_address>0x284c</load_address>
         <run_address>0x284c</run_address>
         <size>0x8b</size>
         <input_file_ref idref="fl-e0"/>
      </object_component>
      <object_component id="oc-177">
         <name>.debug_line</name>
         <load_address>0x28d7</load_address>
         <run_address>0x28d7</run_address>
         <size>0x98</size>
         <input_file_ref idref="fl-e1"/>
      </object_component>
      <object_component id="oc-a8">
         <name>.debug_line</name>
         <load_address>0x296f</load_address>
         <run_address>0x296f</run_address>
         <size>0x68</size>
         <input_file_ref idref="fl-e1"/>
      </object_component>
      <object_component id="oc-17b">
         <name>.debug_line</name>
         <load_address>0x29d7</load_address>
         <run_address>0x29d7</run_address>
         <size>0x2e</size>
         <input_file_ref idref="fl-e1"/>
      </object_component>
      <object_component id="oc-1d7">
         <name>.debug_line</name>
         <load_address>0x2a05</load_address>
         <run_address>0x2a05</run_address>
         <size>0x45</size>
         <input_file_ref idref="fl-e6"/>
      </object_component>
      <object_component id="oc-ae">
         <name>.debug_line</name>
         <load_address>0x2a4a</load_address>
         <run_address>0x2a4a</run_address>
         <size>0x3c</size>
         <input_file_ref idref="fl-e8"/>
      </object_component>
      <object_component id="oc-ce">
         <name>.debug_frame</name>
         <load_address>0x0</load_address>
         <run_address>0x0</run_address>
         <size>0x11e</size>
         <input_file_ref idref="fl-2"/>
      </object_component>
      <object_component id="oc-163">
         <name>.debug_frame</name>
         <load_address>0x11e</load_address>
         <run_address>0x11e</run_address>
         <size>0x8b</size>
         <input_file_ref idref="fl-3"/>
      </object_component>
      <object_component id="oc-85">
         <name>.debug_frame</name>
         <load_address>0x1a9</load_address>
         <run_address>0x1a9</run_address>
         <size>0x12b</size>
         <input_file_ref idref="fl-5"/>
      </object_component>
      <object_component id="oc-d0">
         <name>.debug_frame</name>
         <load_address>0x2d4</load_address>
         <run_address>0x2d4</run_address>
         <size>0x107</size>
         <input_file_ref idref="fl-6"/>
      </object_component>
      <object_component id="oc-da">
         <name>.debug_frame</name>
         <load_address>0x3db</load_address>
         <run_address>0x3db</run_address>
         <size>0xed</size>
         <input_file_ref idref="fl-7"/>
      </object_component>
      <object_component id="oc-7f">
         <name>.debug_frame</name>
         <load_address>0x4c8</load_address>
         <run_address>0x4c8</run_address>
         <size>0x97</size>
         <input_file_ref idref="fl-8"/>
      </object_component>
      <object_component id="oc-c6">
         <name>.debug_frame</name>
         <load_address>0x55f</load_address>
         <run_address>0x55f</run_address>
         <size>0x98</size>
         <input_file_ref idref="fl-9"/>
      </object_component>
      <object_component id="oc-e0">
         <name>.debug_frame</name>
         <load_address>0x5f7</load_address>
         <run_address>0x5f7</run_address>
         <size>0xb8</size>
         <input_file_ref idref="fl-a"/>
      </object_component>
      <object_component id="oc-19">
         <name>.debug_frame</name>
         <load_address>0x6af</load_address>
         <run_address>0x6af</run_address>
         <size>0x7f</size>
         <input_file_ref idref="fl-c6"/>
      </object_component>
      <object_component id="oc-44">
         <name>.debug_frame</name>
         <load_address>0x72e</load_address>
         <run_address>0x72e</run_address>
         <size>0x8e</size>
         <input_file_ref idref="fl-c7"/>
      </object_component>
      <object_component id="oc-1e">
         <name>.debug_frame</name>
         <load_address>0x7bc</load_address>
         <run_address>0x7bc</run_address>
         <size>0x7f</size>
         <input_file_ref idref="fl-c7"/>
      </object_component>
      <object_component id="oc-153">
         <name>.debug_frame</name>
         <load_address>0x83b</load_address>
         <run_address>0x83b</run_address>
         <size>0x9c</size>
         <input_file_ref idref="fl-c9"/>
      </object_component>
      <object_component id="oc-198">
         <name>.debug_frame</name>
         <load_address>0x8d7</load_address>
         <run_address>0x8d7</run_address>
         <size>0x8f</size>
         <input_file_ref idref="fl-ca"/>
      </object_component>
      <object_component id="oc-75">
         <name>.debug_frame</name>
         <load_address>0x966</load_address>
         <run_address>0x966</run_address>
         <size>0xb3</size>
         <input_file_ref idref="fl-cc"/>
      </object_component>
      <object_component id="oc-13d">
         <name>.debug_frame</name>
         <load_address>0xa19</load_address>
         <run_address>0xa19</run_address>
         <size>0x8a</size>
         <input_file_ref idref="fl-d6"/>
      </object_component>
      <object_component id="oc-130">
         <name>.debug_frame</name>
         <load_address>0xaa3</load_address>
         <run_address>0xaa3</run_address>
         <size>0x16e</size>
         <input_file_ref idref="fl-d7"/>
      </object_component>
      <object_component id="oc-5b">
         <name>.debug_frame</name>
         <load_address>0xc11</load_address>
         <run_address>0xc11</run_address>
         <size>0x7f</size>
         <input_file_ref idref="fl-d9"/>
      </object_component>
      <object_component id="oc-63">
         <name>.debug_frame</name>
         <load_address>0xc90</load_address>
         <run_address>0xc90</run_address>
         <size>0x7f</size>
         <input_file_ref idref="fl-da"/>
      </object_component>
      <object_component id="oc-1b0">
         <name>.debug_frame</name>
         <load_address>0xd0f</load_address>
         <run_address>0xd0f</run_address>
         <size>0x8e</size>
         <input_file_ref idref="fl-db"/>
      </object_component>
      <object_component id="oc-11a">
         <name>.debug_frame</name>
         <load_address>0xd9d</load_address>
         <run_address>0xd9d</run_address>
         <size>0xa1</size>
         <input_file_ref idref="fl-de"/>
      </object_component>
      <object_component id="oc-6b">
         <name>.debug_frame</name>
         <load_address>0xe3e</load_address>
         <run_address>0xe3e</run_address>
         <size>0x7f</size>
         <input_file_ref idref="fl-df"/>
      </object_component>
      <object_component id="oc-65">
         <name>.debug_frame</name>
         <load_address>0xebd</load_address>
         <run_address>0xebd</run_address>
         <size>0x8a</size>
         <input_file_ref idref="fl-e0"/>
      </object_component>
      <object_component id="oc-ac">
         <name>.debug_frame</name>
         <load_address>0xf47</load_address>
         <run_address>0xf47</run_address>
         <size>0x8e</size>
         <input_file_ref idref="fl-e1"/>
      </object_component>
      <object_component id="oc-1d3">
         <name>.debug_frame</name>
         <load_address>0xfd5</load_address>
         <run_address>0xfd5</run_address>
         <size>0x7f</size>
         <input_file_ref idref="fl-e6"/>
      </object_component>
      <object_component id="oc-b2">
         <name>.debug_frame</name>
         <load_address>0x1054</load_address>
         <run_address>0x1054</run_address>
         <size>0x7f</size>
         <input_file_ref idref="fl-e8"/>
      </object_component>
      <object_component id="oc-182">
         <name>.debug_abbrev</name>
         <load_address>0x0</load_address>
         <run_address>0x0</run_address>
         <size>0x88</size>
         <input_file_ref idref="fl-2"/>
      </object_component>
      <object_component id="oc-125">
         <name>.debug_abbrev</name>
         <load_address>0x88</load_address>
         <run_address>0x88</run_address>
         <size>0xa5</size>
         <input_file_ref idref="fl-2"/>
      </object_component>
      <object_component id="oc-16c">
         <name>.debug_abbrev</name>
         <load_address>0x12d</load_address>
         <run_address>0x12d</run_address>
         <size>0x97</size>
         <input_file_ref idref="fl-2"/>
      </object_component>
      <object_component id="oc-129">
         <name>.debug_abbrev</name>
         <load_address>0x1c4</load_address>
         <run_address>0x1c4</run_address>
         <size>0xbd</size>
         <input_file_ref idref="fl-2"/>
      </object_component>
      <object_component id="oc-18c">
         <name>.debug_abbrev</name>
         <load_address>0x281</load_address>
         <run_address>0x281</run_address>
         <size>0x5a</size>
         <input_file_ref idref="fl-2"/>
      </object_component>
      <object_component id="oc-97">
         <name>.debug_abbrev</name>
         <load_address>0x2db</load_address>
         <run_address>0x2db</run_address>
         <size>0x1f</size>
         <input_file_ref idref="fl-2"/>
      </object_component>
      <object_component id="oc-ec">
         <name>.debug_abbrev</name>
         <load_address>0x2fa</load_address>
         <run_address>0x2fa</run_address>
         <size>0x35</size>
         <input_file_ref idref="fl-2"/>
      </object_component>
      <object_component id="oc-1e1">
         <name>.debug_abbrev</name>
         <load_address>0x32f</load_address>
         <run_address>0x32f</run_address>
         <size>0x85</size>
         <input_file_ref idref="fl-3"/>
      </object_component>
      <object_component id="oc-1bf">
         <name>.debug_abbrev</name>
         <load_address>0x3b4</load_address>
         <run_address>0x3b4</run_address>
         <size>0x7a</size>
         <input_file_ref idref="fl-3"/>
      </object_component>
      <object_component id="oc-171">
         <name>.debug_abbrev</name>
         <load_address>0x42e</load_address>
         <run_address>0x42e</run_address>
         <size>0x81</size>
         <input_file_ref idref="fl-3"/>
      </object_component>
      <object_component id="oc-168">
         <name>.debug_abbrev</name>
         <load_address>0x4af</load_address>
         <run_address>0x4af</run_address>
         <size>0xf7</size>
         <input_file_ref idref="fl-5"/>
      </object_component>
      <object_component id="oc-174">
         <name>.debug_abbrev</name>
         <load_address>0x5a6</load_address>
         <run_address>0x5a6</run_address>
         <size>0x29</size>
         <input_file_ref idref="fl-5"/>
      </object_component>
      <object_component id="oc-e9">
         <name>.debug_abbrev</name>
         <load_address>0x5cf</load_address>
         <run_address>0x5cf</run_address>
         <size>0x6c</size>
         <input_file_ref idref="fl-5"/>
      </object_component>
      <object_component id="oc-135">
         <name>.debug_abbrev</name>
         <load_address>0x63b</load_address>
         <run_address>0x63b</run_address>
         <size>0x6b</size>
         <input_file_ref idref="fl-5"/>
      </object_component>
      <object_component id="oc-188">
         <name>.debug_abbrev</name>
         <load_address>0x6a6</load_address>
         <run_address>0x6a6</run_address>
         <size>0xa7</size>
         <input_file_ref idref="fl-6"/>
      </object_component>
      <object_component id="oc-132">
         <name>.debug_abbrev</name>
         <load_address>0x74d</load_address>
         <run_address>0x74d</run_address>
         <size>0xa9</size>
         <input_file_ref idref="fl-6"/>
      </object_component>
      <object_component id="oc-1c0">
         <name>.debug_abbrev</name>
         <load_address>0x7f6</load_address>
         <run_address>0x7f6</run_address>
         <size>0xe7</size>
         <input_file_ref idref="fl-7"/>
      </object_component>
      <object_component id="oc-164">
         <name>.debug_abbrev</name>
         <load_address>0x8dd</load_address>
         <run_address>0x8dd</run_address>
         <size>0xa9</size>
         <input_file_ref idref="fl-7"/>
      </object_component>
      <object_component id="oc-ef">
         <name>.debug_abbrev</name>
         <load_address>0x986</load_address>
         <run_address>0x986</run_address>
         <size>0x68</size>
         <input_file_ref idref="fl-8"/>
      </object_component>
      <object_component id="oc-86">
         <name>.debug_abbrev</name>
         <load_address>0x9ee</load_address>
         <run_address>0x9ee</run_address>
         <size>0x29</size>
         <input_file_ref idref="fl-8"/>
      </object_component>
      <object_component id="oc-c8">
         <name>.debug_abbrev</name>
         <load_address>0xa17</load_address>
         <run_address>0xa17</run_address>
         <size>0x89</size>
         <input_file_ref idref="fl-8"/>
      </object_component>
      <object_component id="oc-180">
         <name>.debug_abbrev</name>
         <load_address>0xaa0</load_address>
         <run_address>0xaa0</run_address>
         <size>0x29</size>
         <input_file_ref idref="fl-9"/>
      </object_component>
      <object_component id="oc-124">
         <name>.debug_abbrev</name>
         <load_address>0xac9</load_address>
         <run_address>0xac9</run_address>
         <size>0x8b</size>
         <input_file_ref idref="fl-9"/>
      </object_component>
      <object_component id="oc-1c2">
         <name>.debug_abbrev</name>
         <load_address>0xb54</load_address>
         <run_address>0xb54</run_address>
         <size>0x66</size>
         <input_file_ref idref="fl-a"/>
      </object_component>
      <object_component id="oc-166">
         <name>.debug_abbrev</name>
         <load_address>0xbba</load_address>
         <run_address>0xbba</run_address>
         <size>0x7a</size>
         <input_file_ref idref="fl-a"/>
      </object_component>
      <object_component id="oc-9f">
         <name>.debug_abbrev</name>
         <load_address>0xc34</load_address>
         <run_address>0xc34</run_address>
[...]
      </symbol>
      <symbol id="sm-f1">
         <name>TA0_0_IRQHandler</name>
         <value>0x166d</value>
         <object_component_ref idref="oc-80"/>
      </symbol>
      <symbol id="sm-f2">
         <name>EUSCIA2_IRQHandler</name>
         <value>0x15eb</value>
         <object_component_ref idref="oc-80"/>
      </symbol>
      <symbol id="sm-f3">
         <name>EUSCIB0_IRQHandler</name>
         <value>0x1643</value>
         <object_component_ref idref="oc-80"/>
      </symbol>
      <symbol id="sm-f4">
         <name>main</name>
         <value>0x14f5</value>
         <object_component_ref idref="oc-80"/>
      </symbol>
      <symbol id="sm-f5">
         <name>DMA_INT1_IRQHandler</name>
         <value>0x1659</value>
         <object_component_ref idref="oc-80"/>
      </symbol>
      <symbol id="sm-f6">
         <name>EUSCIA0_IRQHandler</name>
         <value>0x1593</value>
         <object_component_ref idref="oc-80"/>
      </symbol>
      <symbol id="sm-f7">
         <name>DMA_ERR_IRQHandler</name>
         <value>0x1683</value>
         <object_component_ref idref="oc-80"/>
      </symbol>
      <symbol id="sm-114">
         <name>getItemFromBuffer</name>
         <value>0x1dcf</value>
         <object_component_ref idref="oc-cf"/>
      </symbol>
      <symbol id="sm-115">
         <name>addItemToBuffer</name>
         <value>0x1d9d</value>
         <object_component_ref idref="oc-cf"/>
      </symbol>
      <symbol id="sm-116">
         <name>isFull</name>
         <value>0x1d81</value>
         <object_component_ref idref="oc-cf"/>
      </symbol>
      <symbol id="sm-117">
         <name>clearBuffer</name>
         <value>0x1d4b</value>
         <object_component_ref idref="oc-cf"/>
      </symbol>
      <symbol id="sm-118">
         <name>isEmpty</name>
         <value>0x1d6b</value>
         <object_component_ref idref="oc-cf"/>
      </symbol>
      <symbol id="sm-119">
         <name>initializeBuffer</name>
         <value>0x1d0b</value>
         <object_component_ref idref="oc-cf"/>
      </symbol>
      <symbol id="sm-136">
         <name>noteOff</name>
         <value>0x1b83</value>
         <object_component_ref idref="oc-d5"/>
      </symbol>
      <symbol id="sm-137">
         <name>initializeMidi</name>
         <value>0x1a9d</value>
         <object_component_ref idref="oc-d5"/>
      </symbol>
      <symbol id="sm-138">
         <name>midiFrequency</name>
         <value>0x1aef</value>
         <object_component_ref idref="oc-d5"/>
      </symbol>
      <symbol id="sm-139">
         <name>noteOn</name>
         <value>0x1b6d</value>
         <object_component_ref idref="oc-d5"/>
      </symbol>
      <symbol id="sm-13a">
         <name>phaseIncrement</name>
         <value>0x1b3f</value>
         <object_component_ref idref="oc-d5"/>
      </symbol>
      <symbol id="sm-14f">
         <name>Reset_Handler</name>
         <value>0x26c3</value>
         <object_component_ref idref="oc-7a"/>
      </symbol>
      <symbol id="sm-150">
         <name>Default_Handler</name>
         <value>0x26cf</value>
         <object_component_ref idref="oc-7a"/>
      </symbol>
      <symbol id="sm-151">
         <name>interruptVectors</name>
         <value>0x0</value>
         <object_component_ref idref="oc-2c"/>
      </symbol>
      <symbol id="sm-197">
         <name>SystemInit</name>
         <value>0x143d</value>
         <object_component_ref idref="oc-c2"/>
      </symbol>
      <symbol id="sm-198">
         <name>SystemCoreClockUpdate</name>
         <value>0x11c9</value>
         <object_component_ref idref="oc-c2"/>
      </symbol>
      <symbol id="sm-199">
         <name>SystemCoreClock</name>
         <value>0x20000428</value>
         <object_component_ref idref="oc-121"/>
      </symbol>
      <symbol id="sm-1ad">
         <name>uart_putchar_n</name>
         <value>0x2495</value>
         <object_component_ref idref="oc-db"/>
      </symbol>
      <symbol id="sm-1ae">
         <name>uart_putchar</name>
         <value>0x24c3</value>
         <object_component_ref idref="oc-db"/>
      </symbol>
      <symbol id="sm-1af">
         <name>uart2_putchar</name>
         <value>0x24d7</value>
         <object_component_ref idref="oc-db"/>
      </symbol>
      <symbol id="sm-1c6">
         <name>_c_int00</name>
         <value>0x24f5</value>
         <object_component_ref idref="oc-26"/>
      </symbol>
      <symbol id="sm-1c7">
         <name>__stack</name>
         <value>0x2000fe00</value>
         <object_component_ref idref="oc-2f"/>
      </symbol>
      <symbol id="sm-1de">
         <name>__TI_decompress_none</name>
         <value>0x26b5</value>
         <object_component_ref idref="oc-14"/>
      </symbol>
      <symbol id="sm-201">
         <name>__TI_decompress_rle24</name>
         <value>0x26d1</value>
         <object_component_ref idref="oc-1a"/>
      </symbol>
      <symbol id="sm-291">
         <name>pow</name>
         <value>0xe5</value>
         <object_component_ref idref="oc-14e"/>
      </symbol>
      <symbol id="sm-292">
         <name>powl</name>
         <value>0xe5</value>
         <object_component_ref idref="oc-14e"/>
      </symbol>
      <symbol id="sm-2b6">
         <name>sqrtl</name>
         <value>0x192d</value>
         <object_component_ref idref="oc-194"/>
      </symbol>
      <symbol id="sm-2b7">
         <name>sqrt</name>
         <value>0x192d</value>
         <object_component_ref idref="oc-194"/>
      </symbol>
      <symbol id="sm-2bf">
         <name>errno</name>
         <value>0x20000420</value>
         <object_component_ref idref="oc-19a"/>
      </symbol>
      <symbol id="sm-2e0">
         <name>C$$EXIT</name>
         <value>0x2549</value>
         <object_component_ref idref="oc-70"/>
      </symbol>
      <symbol id="sm-2e1">
         <name>abort</name>
         <value>0x254d</value>
         <object_component_ref idref="oc-70"/>
      </symbol>
      <symbol id="sm-2e2">
         <name>exit</name>
         <value>0x2555</value>
         <object_component_ref idref="oc-70"/>
      </symbol>
      <symbol id="sm-2e3">
         <name>__TI_dtors_ptr</name>
         <value>0x20000404</value>
         <object_component_ref idref="oc-b7"/>
      </symbol>
      <symbol id="sm-2e4">
         <name>__TI_cleanup_ptr</name>
         <value>0x20000400</value>
         <object_component_ref idref="oc-b7"/>
      </symbol>
      <symbol id="sm-2e5">
         <name>__TI_enable_exit_profile_output</name>
         <value>0x20000408</value>
         <object_component_ref idref="oc-b7"/>
      </symbol>
      <symbol id="sm-2fc">
         <name>__aeabi_dsub</name>
         <value>0x1775</value>
         <object_component_ref idref="oc-144"/>
      </symbol>
      <symbol id="sm-2fd">
         <name>__aeabi_dadd</name>
         <value>0x177f</value>
         <object_component_ref idref="oc-144"/>
      </symbol>
      <symbol id="sm-31f">
         <name>__aeabi_cdcmpeq</name>
         <value>0x21c5</value>
         <object_component_ref idref="oc-1a5"/>
      </symbol>
      <symbol id="sm-320">
         <name>__aeabi_cdcmple</name>
         <value>0x21c5</value>
         <object_component_ref idref="oc-1a5"/>
      </symbol>
      <symbol id="sm-321">
         <name>__aeabi_cdrcmple</name>
         <value>0x224b</value>
         <object_component_ref idref="oc-1aa"/>
      </symbol>
      <symbol id="sm-335">
         <name>__aeabi_ddiv</name>
         <value>0x1bd5</value>
         <object_component_ref idref="oc-149"/>
      </symbol>
      <symbol id="sm-340">
         <name>__aeabi_dmul</name>
         <value>0x1f31</value>
         <object_component_ref idref="oc-154"/>
      </symbol>
      <symbol id="sm-34c">
         <name>__aeabi_d2f</name>
         <value>0x23bd</value>
         <object_component_ref idref="oc-159"/>
      </symbol>
      <symbol id="sm-358">
         <name>__aeabi_f2d</name>
         <value>0x25e9</value>
         <object_component_ref idref="oc-13f"/>
      </symbol>
      <symbol id="sm-362">
         <name>__aeabi_i2d</name>
         <value>0x2621</value>
         <object_component_ref idref="oc-19d"/>
      </symbol>
      <symbol id="sm-37d">
         <name>memcpy</name>
         <value>0x2129</value>
         <object_component_ref idref="oc-33"/>
      </symbol>
      <symbol id="sm-37e">
         <name>__aeabi_memcpy</name>
         <value>0x2129</value>
         <object_component_ref idref="oc-33"/>
      </symbol>
      <symbol id="sm-37f">
         <name>__aeabi_memcpy8</name>
         <value>0x2129</value>
         <object_component_ref idref="oc-33"/>
      </symbol>
      <symbol id="sm-380">
         <name>__aeabi_memcpy4</name>
         <value>0x2129</value>
         <object_component_ref idref="oc-33"/>
      </symbol>
      <symbol id="sm-390">
         <name>memmove</name>
         <value>0x264f</value>
         <object_component_ref idref="oc-139"/>
      </symbol>
      <symbol id="sm-404">
         <name>_sys_memory</name>
         <value>0x20000000</value>
         <object_component_ref idref="oc-30"/>
      </symbol>
      <symbol id="sm-405">
         <name>free</name>
         <value>0xb87</value>
         <object_component_ref idref="oc-12c"/>
      </symbol>
      <symbol id="sm-406">
         <name>realloc</name>
         <value>0xc49</value>
         <object_component_ref idref="oc-12c"/>
      </symbol>
      <symbol id="sm-407">
         <name>memalign</name>
         <value>0xd55</value>
         <object_component_ref idref="oc-12c"/>
      </symbol>
      <symbol id="sm-408">
         <name>calloc</name>
         <value>0xe39</value>
         <object_component_ref idref="oc-12c"/>
      </symbol>
      <symbol id="sm-409">
         <name>malloc</name>
         <value>0xb1f</value>
         <object_component_ref idref="oc-12c"/>
      </symbol>
      <symbol id="sm-40a">
         <name>minit</name>
         <value>0xa91</value>
         <object_component_ref idref="oc-12c"/>
      </symbol>
      <symbol id="sm-419">
         <name>__aeabi_memset</name>
         <value>0x22d3</value>
         <object_component_ref idref="oc-4c"/>
      </symbol>
      <symbol id="sm-41a">
         <name>memset</name>
         <value>0x22d9</value>
         <object_component_ref idref="oc-4c"/>
      </symbol>
      <symbol id="sm-41b">
         <name>__aeabi_memset8</name>
         <value>0x22d3</value>
         <object_component_ref idref="oc-4c"/>
      </symbol>
      <symbol id="sm-41c">
         <name>__aeabi_memset4</name>
         <value>0x22d3</value>
         <object_component_ref idref="oc-4c"/>
      </symbol>
      <symbol id="sm-41d">
         <name>__aeabi_memclr8</name>
         <value>0x22d1</value>
         <object_component_ref idref="oc-4c"/>
      </symbol>
      <symbol id="sm-41e">
         <name>__aeabi_memclr4</name>
         <value>0x22d1</value>
         <object_component_ref idref="oc-4c"/>
      </symbol>
      <symbol id="sm-41f">
         <name>__aeabi_memclr</name>
         <value>0x22d1</value>
         <object_component_ref idref="oc-4c"/>
      </symbol>
      <symbol id="sm-429">
         <name>__mpu_init</name>
         <value>0x192b</value>
         <object_component_ref idref="oc-58"/>
      </symbol>
      <symbol id="sm-433">
         <name>_system_pre_init</name>
         <value>0x26d7</value>
         <object_component_ref idref="oc-5e"/>
      </symbol>
      <symbol id="sm-455">
         <name>scalbn</name>
         <value>0x202d</value>
         <object_component_ref idref="oc-1af"/>
      </symbol>
      <symbol id="sm-456">
         <name>scalbnl</name>
         <value>0x202d</value>
         <object_component_ref idref="oc-1af"/>
      </symbol>
      <symbol id="sm-457">
         <name>ldexpl</name>
         <value>0x202d</value>
         <object_component_ref idref="oc-1af"/>
      </symbol>
      <symbol id="sm-458">
         <name>ldexp</name>
         <value>0x202d</value>
         <object_component_ref idref="oc-1af"/>
      </symbol>
      <symbol id="sm-461">
         <name>main_func_sp</name>
         <value>0x20000424</value>
         <object_component_ref idref="oc-76"/>
      </symbol>
      <symbol id="sm-47a">
         <name>_nop</name>
         <value>0x269b</value>
         <object_component_ref idref="oc-115"/>
      </symbol>
      <symbol id="sm-47b">
         <name>_lock</name>
         <value>0x20000418</value>
         <object_component_ref idref="oc-ba"/>
      </symbol>
      <symbol id="sm-47c">
         <name>_unlock</name>
         <value>0x2000041c</value>
         <object_component_ref idref="oc-ba"/>
      </symbol>
      <symbol id="sm-47d">
         <name>_register_lock</name>
         <value>0x2693</value>
         <object_component_ref idref="oc-115"/>
      </symbol>
      <symbol id="sm-47e">
         <name>_register_unlock</name>
         <value>0x268d</value>
         <object_component_ref idref="oc-115"/>
      </symbol>
      <symbol id="sm-492">
         <name>_args_main</name>
         <value>0x2675</value>
         <object_component_ref idref="oc-6a"/>
      </symbol>
      <symbol id="sm-4b7">
         <name>__TI_auto_init</name>
         <value>0x234d</value>
         <object_component_ref idref="oc-64"/>
      </symbol>
      <symbol id="sm-4d1">
         <name>copy_in</name>
         <value>0x259d</value>
         <object_component_ref idref="oc-a7"/>
      </symbol>
      <symbol id="sm-4df">
         <name>copysign</name>
         <value>0x26a1</value>
         <object_component_ref idref="oc-1d2"/>
      </symbol>
      <symbol id="sm-4e0">
         <name>copysignl</name>
         <value>0x26a1</value>
         <object_component_ref idref="oc-1d2"/>
      </symbol>
      <symbol id="sm-4eb">
         <name>_system_post_cinit</name>
         <value>0x234b</value>
         <object_component_ref idref="oc-ad"/>
      </symbol>
      <symbol id="sm-4ec">
         <name>__TI_static_base__</name>
         <value>0x0</value>
      </symbol>
      <symbol id="sm-4ef">
         <name>SHT$$INIT_ARRAY$$Limit</name>
         <value>0x0</value>
      </symbol>
      <symbol id="sm-4f0">
         <name>SHT$$INIT_ARRAY$$Base</name>
         <value>0x0</value>
      </symbol>
      <symbol id="sm-4f1">
         <name>NMI_Handler</name>
         <value>0x26cf</value>
      </symbol>
      <symbol id="sm-4f2">
         <name>HardFault_Handler</name>
         <value>0x26cf</value>
      </symbol>
      <symbol id="sm-4f3">
         <name>MemManage_Handler</name>
         <value>0x26cf</value>
      </symbol>
      <symbol id="sm-4f4">
         <name>BusFault_Handler</name>
         <value>0x26cf</value>
      </symbol>
      <symbol id="sm-4f5">
         <name>UsageFault_Handler</name>
         <value>0x26cf</value>
      </symbol>
      <symbol id="sm-4f6">
         <name>SVC_Handler</name>
         <value>0x26cf</value>
      </symbol>
      <symbol id="sm-4f7">
         <name>DebugMon_Handler</name>
         <value>0x26cf</value>
      </symbol>
      <symbol id="sm-4f8">
         <name>PendSV_Handler</name>
         <value>0x26cf</value>
      </symbol>
      <symbol id="sm-4f9">
         <name>SysTick_Handler</name>
         <value>0x26cf</value>
      </symbol>
      <symbol id="sm-4fa">
         <name>PSS_IRQHandler</name>
         <value>0x26cf</value>
      </symbol>
      <symbol id="sm-4fb">
         <name>CS_IRQHandler</name>
         <value>0x26cf</value>
      </symbol>
      <symbol id="sm-4fc">
         <name>PCM_IRQHandler</name>
         <value>0x26cf</value>
      </symbol>
      <symbol id="sm-4fd">
         <name>WDT_A_IRQHandler</name>
         <value>0x26cf</value>
      </symbol>
      <symbol id="sm-4fe">
         <name>FPU_IRQHandler</name>
         <value>0x26cf</value>
      </symbol>
      <symbol id="sm-4ff">
         <name>FLCTL_IRQHandler</name>
         <value>0x26cf</value>
      </symbol>
      <symbol id="sm-500">
         <name>COMP_E0_IRQHandler</name>
         <value>0x26cf</value>
      </symbol>
      <symbol id="sm-501">
         <name>COMP_E1_IRQHandler</name>
         <value>0x26cf</value>
      </symbol>
      <symbol id="sm-502">
         <name>TA0_0_IRQHandler</name>
         <value>0x166d</value>
      </symbol>
      <symbol id="sm-503">
         <name>TA0_N_IRQHandler</name>
         <value>0x26cf</value>
      </symbol>
      <symbol id="sm-504">
         <name>TA1_0_IRQHandler</name>
         <value>0x26cf</value>
      </symbol>
      <symbol id="sm-505">
         <name>TA1_N_IRQHandler</name>
         <value>0x26cf</value>
      </symbol>
      <symbol id="sm-506">
         <name>TA2_0_IRQHandler</name>
         <value>0x26cf</value>
      </symbol>
      <symbol id="sm-507">
         <name>TA2_N_IRQHandler</name>
         <value>0x26cf</value>
      </symbol>
      <symbol id="sm-508">
         <name>TA3_0_IRQHandler</name>
         <value>0x26cf</value>
      </symbol>
      <symbol id="sm-509">
         <name>TA3_N_IRQHandler</name>
         <value>0x26cf</value>
      </symbol>
      <symbol id="sm-50a">
         <name>EUSCIA0_IRQHandler</name>
         <value>0x1593</value>
      </symbol>
      <symbol id="sm-50b">
         <name>EUSCIA1_IRQHandler</name>
         <value>0x26cf</value>
      </symbol>
      <symbol id="sm-50c">
         <name>EUSCIA2_IRQHandler</name>
         <value>0x15eb</value>
      </symbol>
      <symbol id="sm-50d">
         <name>EUSCIA3_IRQHandler</name>
         <value>0x26cf</value>
      </symbol>
      <symbol id="sm-50e">
         <name>EUSCIB0_IRQHandler</name>
         <value>0x1643</value>
      </symbol>
      <symbol id="sm-50f">
         <name>EUSCIB1_IRQHandler</name>
         <value>0x26cf</value>
      </symbol>
      <symbol id="sm-510">
         <name>EUSCIB2_IRQHandler</name>
         <value>0x26cf</value>
      </symbol>
      <symbol id="sm-511">
         <name>EUSCIB3_IRQHandler</name>
         <value>0x26cf</value>
      </symbol>
      <symbol id="sm-512">
         <name>ADC14_IRQHandler</name>
         <value>0x26cf</value>
      </symbol>
      <symbol id="sm-513">
         <name>T32_INT1_IRQHandler</name>
         <value>0x26cf</value>
      </symbol>
      <symbol id="sm-514">
         <name>T32_INT2_IRQHandler</name>
         <value>0x26cf</value>
      </symbol>
      <symbol id="sm-515">
         <name>T32_INTC_IRQHandler</name>
         <value>0x26cf</value>
      </symbol>
      <symbol id="sm-516">
         <name>AES256_IRQHandler</name>
         <value>0x26cf</value>
      </symbol>
      <symbol id="sm-517">
         <name>RTC_C_IRQHandler</name>
         <value>0x26cf</value>
      </symbol>
      <symbol id="sm-518">
         <name>DMA_ERR_IRQHandler</name>
         <value>0x1683</value>
      </symbol>
      <symbol id="sm-519">
         <name>DMA_INT3_IRQHandler</name>
         <value>0x26cf</value>
      </symbol>
      <symbol id="sm-51a">
         <name>DMA_INT2_IRQHandler</name>
         <value>0x26cf</value>
      </symbol>
      <symbol id="sm-51b">
         <name>DMA_INT1_IRQHandler</name>
         <value>0x1659</value>
      </symbol>
      <symbol id="sm-51c">
         <name>DMA_INT0_IRQHandler</name>
         <value>0x26cf</value>
      </symbol>
      <symbol id="sm-51d">
         <name>PORT1_IRQHandler</name>
         <value>0x1687</value>
      </symbol>
      <symbol id="sm-51e">
         <name>PORT2_IRQHandler</name>
         <value>0x16c3</value>
      </symbol>
      <symbol id="sm-51f">
         <name>PORT3_IRQHandler</name>
         <value>0x26cf</value>
      </symbol>
      <symbol id="sm-520">
         <name>PORT4_IRQHandler</name>
         <value>0x26cf</value>
      </symbol>
      <symbol id="sm-521">
         <name>PORT5_IRQHandler</name>
         <value>0x26cf</value>
      </symbol>
      <symbol id="sm-522">
         <name>PORT6_IRQHandler</name>
         <value>0x26cf</value>
      </symbol>
   </symbol_table>
   <title>Link successful</title>
</link_info>
