******************************************************************************
                  TI ARM Linker PC v15.12.3                    
******************************************************************************
>> Linked Tue Nov 22 22:08:53 2016

OUTPUT FILE NAME:   <Synth_2.out>
ENTRY POINT SYMBOL: "_c_int00"  address: 000032f1


MEMORY CONFIGURATION

         name            origin    length      used     unused   attr    fill
----------------------  --------  ---------  --------  --------  ----  --------
  MAIN                  00000000   00040000  0000375a  0003c8a6  R  X
  INFO                  00200000   00004000  00000000  00004000  R  X
  SRAM_CODE             01000000   00010000  00000641  0000f9bf  RW X
  SRAM_DATA             20000000   00010000  00000641  0000f9bf  RW  


SEGMENT ALLOCATION MAP

run origin  load origin   length   init length attrs members
----------  ----------- ---------- ----------- ----- -------
00000000    00000000    0000375c   0000375c    r-x
  00000000    00000000    000000e4   000000e4    r-- .intvecs
  000000e4    000000e4    000034a2   000034a2    r-x .text
  00003588    00003588    00000188   00000188    r-- .const
  00003710    00003710    0000004c   0000004c    r-- .cinit
20000000    20000000    00000441   00000000    rw-
  20000000    20000000    00000400   00000000    rw- .sysmem
  20000400    20000400    0000002c   00000000    rw- .data
  2000042c    2000042c    00000015   00000000    rw- .bss
2000fe00    2000fe00    00000200   00000000    rw-
  2000fe00    2000fe00    00000200   00000000    rw- .stack


SECTION ALLOCATION MAP

 output                                  attributes/
section   page    origin      length       input sections
--------  ----  ----------  ----------   ----------------
.intvecs   0    00000000    000000e4     
                  00000000    000000e4     startup_msp432p401r_ccs.obj (.intvecs:retain)

.binit     0    00000000    00000000     

.text      0    000000e4    000034a2     
                  000000e4    000009ac     rtsv7M4_T_le_v4SPD16_eabi.lib : e_pow.obj (.text)
                  00000a90    00000740                                   : k_rem_pio2.obj (.text)
                  000011d0    000005d0                                   : s_sin.obj (.text)
                  000017a0    000003dc                                   : memory.obj (.text)
                  00001b7c    0000032c     system_msp432p401r.obj (.text)
                  00001ea8    000001b6     rtsv7M4_T_le_v4SPD16_eabi.lib : fd_add_t2.obj (.text)
                  0000205e    00000002                                   : mpu_init.obj (.text)
                  00002060    000001b0     configuration.obj (.text)
                  00002210    0000018c     midi.obj (.text)
                  0000239c    00000174     rtsv7M4_T_le_v4SPD16_eabi.lib : k_sin.obj (.text)
                  00002510    00000170                                   : e_sqrt.obj (.text)
                  00002680    0000016c                                   : k_cos.obj (.text)
                  000027ec    00000150     main.obj (.text)
                  0000293c    00000136     rtsv7M4_T_le_v4SPD16_eabi.lib : fd_div_t2.obj (.text)
                  00002a72    00000002                                   : startup.obj (.text)
                  00002a74    00000120     waveform_generator.obj (.text)
                  00002b94    00000100     message_buffer.obj (.text)
                  00002c94    000000fc     rtsv7M4_T_le_v4SPD16_eabi.lib : fd_mul_t2.obj (.text)
                  00002d90    000000fc                                   : s_scalbn.obj (.text)
                  00002e8c    000000f8                                   : s_floor.obj (.text)
                  00002f84    0000009c                                   : memcpy_t2.obj (.text)
                  00003020    00000086                                   : fd_cmp_t2.obj (.text:__aeabi_cdcmple)
                  000030a6    00000086                                   : fd_cmp_t2.obj (.text:__aeabi_cdrcmple)
                  0000312c    0000007a                                   : memset_t2.obj (.text)
                  000031a6    00000002     --HOLE-- [fill = 0]
                  000031a8    00000070                                   : autoinit.obj (.text)
                  00003218    0000006e                                   : fd_tos_t2.obj (.text)
                  00003286    0000006a                                   : copy_decompress_rle.obj (.text)
                  000032f0    00000054                                   : boot.obj (.text)
                  00003344    00000054                                   : exit.obj (.text)
                  00003398    0000004c                                   : cpy_tbl.obj (.text)
                  000033e4    00000048                                   : fd_toi_t2.obj (.text)
                  0000342c    00000048     uart_put.obj (.text)
                  00003474    00000044     rtsv7M4_T_le_v4SPD16_eabi.lib : fd_tou_t2.obj (.text)
                  000034b8    00000038                                   : fs_tod_t2.obj (.text)
                  000034f0    0000002e                                   : i_tofd_t2.obj (.text)
                  0000351e    00000002     --HOLE-- [fill = 0]
                  00003520    00000018                                   : args_main.obj (.text)
                  00003538    00000014                                   : _lock.obj (.text)
                  0000354c    00000014                                   : s_copysign.obj (.text)
                  00003560    0000000e                                   : copy_decompress_none.obj (.text:decompress:none)
                  0000356e    0000000e     startup_msp432p401r_ccs.obj (.text)
                  0000357c    00000006     rtsv7M4_T_le_v4SPD16_eabi.lib : copy_decompress_rle.obj (.text:decompress:rle24)
                  00003582    00000004                                   : pre_init.obj (.text)

.const     0    00003588    00000188     
                  00003588    00000158     rtsv7M4_T_le_v4SPD16_eabi.lib : k_rem_pio2.obj (.const:$O1$$)
                  000036e0    00000030                                   : e_pow.obj (.const:$O1$$)

.cinit     0    00003710    0000004c     
                  00003710    00000023     (.cinit..data.load) [load image, compression = rle]
                  00003733    00000005     --HOLE-- [fill = 0]
                  00003738    00000009     (.cinit..bss.load) [load image, compression = rle]
                  00003741    00000003     --HOLE-- [fill = 0]
                  00003744    00000008     (__TI_handler_table)
                  0000374c    00000010     (__TI_cinit_table)

.init_array 
*          0    00000000    00000000     UNINITIALIZED

.sysmem    0    20000000    00000400     UNINITIALIZED
                  20000000    00000008     rtsv7M4_T_le_v4SPD16_eabi.lib : memory.obj (.sysmem)
                  20000008    000003f8     --HOLE--

.data      0    20000400    0000002c     UNINITIALIZED
                  20000400    0000000c     rtsv7M4_T_le_v4SPD16_eabi.lib : exit.obj (.data:$O1$$)
                  2000040c    0000000c                                   : memory.obj (.data:$O1$$)
                  20000418    00000008                                   : _lock.obj (.data:$O1$$)
                  20000420    00000004                                   : errno.obj (.data)
                  20000424    00000004                                   : stkdepth_vars.obj (.data)
                  20000428    00000004     system_msp432p401r.obj (.data)

.bss       0    2000042c    00000015     UNINITIALIZED
                  2000042c    00000010     (.common:message_buf)
                  2000043c    00000005     (.common:current_message)

.stack     0    2000fe00    00000200     UNINITIALIZED
                  2000fe00    00000200     --HOLE--

MODULE SUMMARY

       Module                        code    ro data   rw data
       ------                        ----    -------   -------
    .\
       system_msp432p401r.obj        812     0         8      
       configuration.obj             432     0         0      
       midi.obj                      396     0         0      
       main.obj                      336     0         42     
       waveform_generator.obj        288     0         0      
       message_buffer.obj            256     0         0      
       startup_msp432p401r_ccs.obj   14      228       0      
       uart_put.obj                  72      0         0      
    +--+-----------------------------+-------+---------+---------+
       Total:                        2606    228       50     
                                                              
    C:\ti\ccsv6\tools\compiler\arm_15.12.3.LTS\lib\rtsv7M4_T_le_v4SPD16_eabi.lib
       e_pow.obj                     2476    48        0      
       k_rem_pio2.obj                1856    344       0      
       s_sin.obj                     1488    0         0      
       memory.obj                    988     0         24     
       fd_add_t2.obj                 438     0         0      
       k_sin.obj                     372     0         0      
       e_sqrt.obj                    368     0         0      
       k_cos.obj                     364     0         0      
       fd_div_t2.obj                 310     0         0      
       fd_cmp_t2.obj                 268     0         0      
       fd_mul_t2.obj                 252     0         0      
       s_scalbn.obj                  252     0         0      
       s_floor.obj                   248     0         0      
       memcpy_t2.obj                 156     0         0      
       memset_t2.obj                 122     0         0      
       autoinit.obj                  112     0         0      
       copy_decompress_rle.obj       112     0         0      
       fd_tos_t2.obj                 110     0         0      
       exit.obj                      84      0         24     
       boot.obj                      84      0         0      
       cpy_tbl.obj                   76      0         0      
       fd_toi_t2.obj                 72      0         0      
       fd_tou_t2.obj                 68      0         0      
       fs_tod_t2.obj                 56      0         0      
       i_tofd_t2.obj                 46      0         0      
       _lock.obj                     20      0         16     
       args_main.obj                 24      0         0      
       s_copysign.obj                20      0         0      
       copy_decompress_none.obj      14      0         0      
       errno.obj                     0       0         8      
       stkdepth_vars.obj             0       0         8      
       pre_init.obj                  4       0         0      
       mpu_init.obj                  2       0         0      
       startup.obj                   2       0         0      
    +--+-----------------------------+-------+---------+---------+
       Total:                        10864   392       80     
                                                              
       Heap:                         0       0         2048   
       Stack:                        0       0         1024   
       Linker Generated:             0       68        0      
    +--+-----------------------------+-------+---------+---------+
       Grand Total:                  13470   688       3202   


LINKER GENERATED COPY TABLES

__TI_cinit_table @ 0000374c records: 2, size/record: 8, table size: 16
	.data: load addr=00003710, load size=00000023 bytes, run addr=20000400, run size=0000002c bytes, compression=rle
	.bss: load addr=00003738, load size=00000009 bytes, run addr=2000042c, run size=00000015 bytes, compression=rle


LINKER GENERATED HANDLER TABLE

__TI_handler_table @ 00003744 records: 2, size/record: 4, table size: 8
	index: 0, handler: __TI_decompress_rle24
	index: 1, handler: __TI_decompress_none


GLOBAL SYMBOLS: SORTED ALPHABETICALLY BY Name 

address   name                           
-------   ----                           
0000357b  ADC14_IRQHandler               
0000357b  AES256_IRQHandler              
0000357b  BusFault_Handler               
00003345  C$$EXIT                        
0000357b  COMP_E0_IRQHandler             
0000357b  COMP_E1_IRQHandler             
0000357b  CS_IRQHandler                  
00002907  DMA_ERR_IRQHandler             
00002907  DMA_ERR_IRQHandler             
0000357b  DMA_INT0_IRQHandler            
000028f3  DMA_INT1_IRQHandler            
000028f3  DMA_INT1_IRQHandler            
0000357b  DMA_INT2_IRQHandler            
0000357b  DMA_INT3_IRQHandler            
0000357b  DebugMon_Handler               
0000357b  Default_Handler                
000028c3  EUSCIA0_IRQHandler             
000028c3  EUSCIA0_IRQHandler             
0000357b  EUSCIA1_IRQHandler             
0000357b  EUSCIA2_IRQHandler             
0000357b  EUSCIA3_IRQHandler             
0000357b  EUSCIB0_IRQHandler             
0000357b  EUSCIB1_IRQHandler             
0000357b  EUSCIB2_IRQHandler             
0000357b  EUSCIB3_IRQHandler             
0000357b  FLCTL_IRQHandler               
0000357b  FPU_IRQHandler                 
0000357b  HardFault_Handler              
0000357b  MemManage_Handler              
0000357b  NMI_Handler                    
0000357b  PCM_IRQHandler                 
0000357b  PORT1_IRQHandler               
0000357b  PORT2_IRQHandler               
0000357b  PORT3_IRQHandler               
0000357b  PORT4_IRQHandler               
0000357b  PORT5_IRQHandler               
0000357b  PORT6_IRQHandler               
0000357b  PSS_IRQHandler                 
0000357b  PendSV_Handler                 
0000357b  RTC_C_IRQHandler               
0000356f  Reset_Handler                  
UNDEFED   SHT$$INIT_ARRAY$$Base          
UNDEFED   SHT$$INIT_ARRAY$$Limit         
0000357b  SVC_Handler                    
0000357b  SysTick_Handler                
20000428  SystemCoreClock                
00001b7d  SystemCoreClockUpdate          
00001df1  SystemInit                     
0000357b  T32_INT1_IRQHandler            
0000357b  T32_INT2_IRQHandler            
0000357b  T32_INTC_IRQHandler            
0000357b  TA0_0_IRQHandler               
0000357b  TA0_N_IRQHandler               
0000357b  TA1_0_IRQHandler               
0000357b  TA1_N_IRQHandler               
0000357b  TA2_0_IRQHandler               
0000357b  TA2_N_IRQHandler               
0000357b  TA3_0_IRQHandler               
0000357b  TA3_N_IRQHandler               
0000357b  UsageFault_Handler             
4000480c  WDTCTL_SYM                     
0000357b  WDT_A_IRQHandler               
20010000  __STACK_END                    
00000200  __STACK_SIZE                   
00000400  __SYSMEM_SIZE                  
0000374c  __TI_CINIT_Base                
0000375c  __TI_CINIT_Limit               
00003744  __TI_Handler_Table_Base        
0000374c  __TI_Handler_Table_Limit       
000031a9  __TI_auto_init                 
20000400  __TI_cleanup_ptr               
00003561  __TI_decompress_none           
0000357d  __TI_decompress_rle24          
20000404  __TI_dtors_ptr                 
20000408  __TI_enable_exit_profile_output
ffffffff  __TI_pprof_out_hndl            
ffffffff  __TI_prof_data_size            
ffffffff  __TI_prof_data_start           
00000000  __TI_static_base__             
00003021  __aeabi_cdcmpeq                
00003021  __aeabi_cdcmple                
000030a7  __aeabi_cdrcmple               
00003219  __aeabi_d2f                    
000033e5  __aeabi_d2iz                   
00003475  __aeabi_d2uiz                  
00001eb3  __aeabi_dadd                   
0000293d  __aeabi_ddiv                   
00002c95  __aeabi_dmul                   
00001ea9  __aeabi_dsub                   
000034b9  __aeabi_f2d                    
000034f1  __aeabi_i2d                    
0000312d  __aeabi_memclr                 
0000312d  __aeabi_memclr4                
0000312d  __aeabi_memclr8                
00002f85  __aeabi_memcpy                 
00002f85  __aeabi_memcpy4                
00002f85  __aeabi_memcpy8                
0000312f  __aeabi_memset                 
0000312f  __aeabi_memset4                
0000312f  __aeabi_memset8                
ffffffff  __binit__                      
ffffffff  __c_args__                     
00002681  __kernel_cos                   
00000a91  __kernel_rem_pio2              
0000239d  __kernel_sin                   
0000205f  __mpu_init                     
2000fe00  __stack                        
00003521  _args_main                     
000032f1  _c_int00                       
20000418  _lock                          
00003547  _nop                           
0000353f  _register_lock                 
00003539  _register_unlock               
20000000  _sys_memory                    
00002a73  _system_post_cinit             
00003583  _system_pre_init               
2000041c  _unlock                        
00003349  abort                          
00002c07  addItemToBuffer                
ffffffff  binit                          
00001b49  calloc                         
00002135  configure_DMA                  
000020f7  configure_I2C                  
0000209b  configure_UART                 
00002189  configure_clocks               
00002085  configure_pins                 
00003399  copy_in                        
0000354d  copysign                       
0000354d  copysignl                      
2000043c  current_message                
20000420  errno                          
00003351  exit                           
00002e8d  floor                          
00002e8d  floorl                         
00001897  free                           
00002c39  getItemFromBuffer              
00002b95  initializeBuffer               
00002211  initializeMidi                 
00000000  interruptVectors               
00002bd5  isEmpty                        
00002beb  isFull                         
00002d91  ldexp                          
00002d91  ldexpl                         
000027ed  main                           
20000424  main_func_sp                   
0000182f  malloc                         
00001a65  memalign                       
00002f85  memcpy                         
00003135  memset                         
2000042c  message_buf                    
0000224b  midiFrequency                  
000017a1  minit                          
00002333  noteOff                        
000022c9  noteOn                         
0000229b  phaseIncrement                 
000000e5  pow                            
000000e5  powl                           
00001959  realloc                        
00002b51  sawWave                        
00002d91  scalbn                         
00002d91  scalbnl                        
000011d1  sin                            
00002acf  sineWave                       
000011d1  sinl                           
00002511  sqrt                           
00002511  sqrtl                          
00002a75  squareWave                     
00002b53  triangleWave                   
0000345b  uart_putchar                   
0000342d  uart_putchar_n                 


GLOBAL SYMBOLS: SORTED BY Symbol Address 

address   name                           
-------   ----                           
00000000  __TI_static_base__             
00000000  interruptVectors               
000000e5  pow                            
000000e5  powl                           
00000200  __STACK_SIZE                   
00000400  __SYSMEM_SIZE                  
00000a91  __kernel_rem_pio2              
000011d1  sin                            
000011d1  sinl                           
000017a1  minit                          
0000182f  malloc                         
00001897  free                           
00001959  realloc                        
00001a65  memalign                       
00001b49  calloc                         
00001b7d  SystemCoreClockUpdate          
00001df1  SystemInit                     
00001ea9  __aeabi_dsub                   
00001eb3  __aeabi_dadd                   
0000205f  __mpu_init                     
00002085  configure_pins                 
0000209b  configure_UART                 
000020f7  configure_I2C                  
00002135  configure_DMA                  
00002189  configure_clocks               
00002211  initializeMidi                 
0000224b  midiFrequency                  
0000229b  phaseIncrement                 
000022c9  noteOn                         
00002333  noteOff                        
0000239d  __kernel_sin                   
00002511  sqrt                           
00002511  sqrtl                          
00002681  __kernel_cos                   
000027ed  main                           
000028c3  EUSCIA0_IRQHandler             
000028c3  EUSCIA0_IRQHandler             
000028f3  DMA_INT1_IRQHandler            
000028f3  DMA_INT1_IRQHandler            
00002907  DMA_ERR_IRQHandler             
00002907  DMA_ERR_IRQHandler             
0000293d  __aeabi_ddiv                   
00002a73  _system_post_cinit             
00002a75  squareWave                     
00002acf  sineWave                       
00002b51  sawWave                        
00002b53  triangleWave                   
00002b95  initializeBuffer               
00002bd5  isEmpty                        
00002beb  isFull                         
00002c07  addItemToBuffer                
00002c39  getItemFromBuffer              
00002c95  __aeabi_dmul                   
00002d91  ldexp                          
00002d91  ldexpl                         
00002d91  scalbn                         
00002d91  scalbnl                        
00002e8d  floor                          
00002e8d  floorl                         
00002f85  __aeabi_memcpy                 
00002f85  __aeabi_memcpy4                
00002f85  __aeabi_memcpy8                
00002f85  memcpy                         
00003021  __aeabi_cdcmpeq                
00003021  __aeabi_cdcmple                
000030a7  __aeabi_cdrcmple               
0000312d  __aeabi_memclr                 
0000312d  __aeabi_memclr4                
0000312d  __aeabi_memclr8                
0000312f  __aeabi_memset                 
0000312f  __aeabi_memset4                
0000312f  __aeabi_memset8                
00003135  memset                         
000031a9  __TI_auto_init                 
00003219  __aeabi_d2f                    
000032f1  _c_int00                       
00003345  C$$EXIT                        
00003349  abort                          
00003351  exit                           
00003399  copy_in                        
000033e5  __aeabi_d2iz                   
0000342d  uart_putchar_n                 
0000345b  uart_putchar                   
00003475  __aeabi_d2uiz                  
000034b9  __aeabi_f2d                    
000034f1  __aeabi_i2d                    
00003521  _args_main                     
00003539  _register_unlock               
0000353f  _register_lock                 
00003547  _nop                           
0000354d  copysign                       
0000354d  copysignl                      
00003561  __TI_decompress_none           
0000356f  Reset_Handler                  
0000357b  ADC14_IRQHandler               
0000357b  AES256_IRQHandler              
0000357b  BusFault_Handler               
0000357b  COMP_E0_IRQHandler             
0000357b  COMP_E1_IRQHandler             
0000357b  CS_IRQHandler                  
0000357b  DMA_INT0_IRQHandler            
0000357b  DMA_INT2_IRQHandler            
0000357b  DMA_INT3_IRQHandler            
0000357b  DebugMon_Handler               
0000357b  Default_Handler                
0000357b  EUSCIA1_IRQHandler             
0000357b  EUSCIA2_IRQHandler             
0000357b  EUSCIA3_IRQHandler             
0000357b  EUSCIB0_IRQHandler             
0000357b  EUSCIB1_IRQHandler             
0000357b  EUSCIB2_IRQHandler             
0000357b  EUSCIB3_IRQHandler             
0000357b  FLCTL_IRQHandler               
0000357b  FPU_IRQHandler                 
0000357b  HardFault_Handler              
0000357b  MemManage_Handler              
0000357b  NMI_Handler                    
0000357b  PCM_IRQHandler                 
0000357b  PORT1_IRQHandler               
0000357b  PORT2_IRQHandler               
0000357b  PORT3_IRQHandler               
0000357b  PORT4_IRQHandler               
0000357b  PORT5_IRQHandler               
0000357b  PORT6_IRQHandler               
0000357b  PSS_IRQHandler                 
0000357b  PendSV_Handler                 
0000357b  RTC_C_IRQHandler               
0000357b  SVC_Handler                    
0000357b  SysTick_Handler                
0000357b  T32_INT1_IRQHandler            
0000357b  T32_INT2_IRQHandler            
0000357b  T32_INTC_IRQHandler            
0000357b  TA0_0_IRQHandler               
0000357b  TA0_N_IRQHandler               
0000357b  TA1_0_IRQHandler               
0000357b  TA1_N_IRQHandler               
0000357b  TA2_0_IRQHandler               
0000357b  TA2_N_IRQHandler               
0000357b  TA3_0_IRQHandler               
0000357b  TA3_N_IRQHandler               
0000357b  UsageFault_Handler             
0000357b  WDT_A_IRQHandler               
0000357d  __TI_decompress_rle24          
00003583  _system_pre_init               
00003744  __TI_Handler_Table_Base        
0000374c  __TI_CINIT_Base                
0000374c  __TI_Handler_Table_Limit       
0000375c  __TI_CINIT_Limit               
20000000  _sys_memory                    
20000400  __TI_cleanup_ptr               
20000404  __TI_dtors_ptr                 
20000408  __TI_enable_exit_profile_output
20000418  _lock                          
2000041c  _unlock                        
20000420  errno                          
20000424  main_func_sp                   
20000428  SystemCoreClock                
2000042c  message_buf                    
2000043c  current_message                
2000fe00  __stack                        
20010000  __STACK_END                    
4000480c  WDTCTL_SYM                     
ffffffff  __TI_pprof_out_hndl            
ffffffff  __TI_prof_data_size            
ffffffff  __TI_prof_data_start           
ffffffff  __binit__                      
ffffffff  __c_args__                     
ffffffff  binit                          
UNDEFED   SHT$$INIT_ARRAY$$Base          
UNDEFED   SHT$$INIT_ARRAY$$Limit         

[170 symbols]
