******************************************************************************
                  TI ARM Linker PC v15.12.3                    
******************************************************************************
>> Linked Fri Dec 09 16:55:34 2016

OUTPUT FILE NAME:   <Synth_4.out>
ENTRY POINT SYMBOL: "_c_int00"  address: 000024f5


MEMORY CONFIGURATION

         name            origin    length      used     unused   attr    fill
----------------------  --------  ---------  --------  --------  ----  --------
  MAIN                  00000000   00040000  00002756  0003d8aa  R  X
  INFO                  00200000   00004000  00000000  00004000  R  X
  SRAM_CODE             01000000   00010000  0000064a  0000f9b6  RW X
  SRAM_DATA             20000000   00010000  0000064a  0000f9b6  RW  


SEGMENT ALLOCATION MAP

run origin  load origin   length   init length attrs members
----------  ----------- ---------- ----------- ----- -------
00000000    00000000    0000275c   0000275c    r-x
  00000000    00000000    000000e4   000000e4    r-- .intvecs
  000000e4    000000e4    000025f6   000025f6    r-x .text
  000026e0    000026e0    00000030   00000030    r-- .const
  00002710    00002710    0000004c   0000004c    r-- .cinit
20000000    20000000    0000044d   00000000    rw-
  20000000    20000000    00000400   00000000    rw- .sysmem
  20000400    20000400    0000002d   00000000    rw- .data
  20000430    20000430    0000001d   00000000    rw- .bss
2000fe00    2000fe00    00000200   00000000    rw-
  2000fe00    2000fe00    00000200   00000000    rw- .stack


SECTION ALLOCATION MAP

 output                                  attributes/
section   page    origin      length       input sections
--------  ----  ----------  ----------   ----------------
.intvecs   0    00000000    000000e4     
                  00000000    000000e4     startup_msp432p401r_ccs.obj (.intvecs:retain)

.binit     0    00000000    00000000     

.text      0    000000e4    000025f6     
                  000000e4    000009ac     rtsv7M4_T_le_v4SPD16_eabi.lib : e_pow.obj (.text)
                  00000a90    000003dc                                   : memory.obj (.text)
                  00000e6c    0000035c     configuration.obj (.text)
                  000011c8    0000032c     system_msp432p401r.obj (.text)
                  000014f4    00000280     main.obj (.text)
                  00001774    000001b6     rtsv7M4_T_le_v4SPD16_eabi.lib : fd_add_t2.obj (.text)
                  0000192a    00000002                                   : mpu_init.obj (.text)
                  0000192c    00000170                                   : e_sqrt.obj (.text)
                  00001a9c    00000138     midi.obj (.text)
                  00001bd4    00000136     rtsv7M4_T_le_v4SPD16_eabi.lib : fd_div_t2.obj (.text)
                  00001d0a    0000011a     message_buffer.obj (.text)
                  00001e24    0000010c     fake_sqr_wave.obj (.text)
                  00001f30    000000fc     rtsv7M4_T_le_v4SPD16_eabi.lib : fd_mul_t2.obj (.text)
                  0000202c    000000fc                                   : s_scalbn.obj (.text)
                  00002128    0000009c                                   : memcpy_t2.obj (.text)
                  000021c4    00000086                                   : fd_cmp_t2.obj (.text:__aeabi_cdcmple)
                  0000224a    00000086                                   : fd_cmp_t2.obj (.text:__aeabi_cdrcmple)
                  000022d0    0000007a                                   : memset_t2.obj (.text)
                  0000234a    00000002                                   : startup.obj (.text)
                  0000234c    00000070                                   : autoinit.obj (.text)
                  000023bc    0000006e                                   : fd_tos_t2.obj (.text)
                  0000242a    0000006a                                   : copy_decompress_rle.obj (.text)
                  00002494    00000060     uart_put.obj (.text)
                  000024f4    00000054     rtsv7M4_T_le_v4SPD16_eabi.lib : boot.obj (.text)
                  00002548    00000054                                   : exit.obj (.text)
                  0000259c    0000004c                                   : cpy_tbl.obj (.text)
                  000025e8    00000038                                   : fs_tod_t2.obj (.text)
                  00002620    0000002e                                   : i_tofd_t2.obj (.text)
                  0000264e    00000024                                   : memmov.obj (.text)
                  00002672    00000002     --HOLE-- [fill = 0]
                  00002674    00000018                                   : args_main.obj (.text)
                  0000268c    00000014                                   : _lock.obj (.text)
                  000026a0    00000014                                   : s_copysign.obj (.text)
                  000026b4    0000000e                                   : copy_decompress_none.obj (.text:decompress:none)
                  000026c2    0000000e     startup_msp432p401r_ccs.obj (.text)
                  000026d0    00000006     rtsv7M4_T_le_v4SPD16_eabi.lib : copy_decompress_rle.obj (.text:decompress:rle24)
                  000026d6    00000004                                   : pre_init.obj (.text)

.const     0    000026e0    00000030     
                  000026e0    00000030     rtsv7M4_T_le_v4SPD16_eabi.lib : e_pow.obj (.const:$O1$$)

.cinit     0    00002710    0000004c     
                  00002710    00000024     (.cinit..data.load) [load image, compression = rle]
                  00002734    00000004     --HOLE-- [fill = 0]
                  00002738    00000009     (.cinit..bss.load) [load image, compression = rle]
                  00002741    00000003     --HOLE-- [fill = 0]
                  00002744    00000008     (__TI_handler_table)
                  0000274c    00000010     (__TI_cinit_table)

.init_array 
*          0    00000000    00000000     UNINITIALIZED

.sysmem    0    20000000    00000400     UNINITIALIZED
                  20000000    00000008     rtsv7M4_T_le_v4SPD16_eabi.lib : memory.obj (.sysmem)
                  20000008    000003f8     --HOLE--

.data      0    20000400    0000002d     UNINITIALIZED
                  20000400    0000000c     rtsv7M4_T_le_v4SPD16_eabi.lib : exit.obj (.data:$O1$$)
                  2000040c    0000000c                                   : memory.obj (.data:$O1$$)
                  20000418    00000008                                   : _lock.obj (.data:$O1$$)
                  20000420    00000004                                   : errno.obj (.data)
                  20000424    00000004                                   : stkdepth_vars.obj (.data)
                  20000428    00000004     system_msp432p401r.obj (.data)
                  2000042c    00000001     main.obj (.data)

.bss       0    20000430    0000001d     UNINITIALIZED
                  20000430    00000010     (.common:message_buf)
                  20000440    00000008     (.common:channel1)
                  20000448    00000005     (.common:current_message)

.stack     0    2000fe00    00000200     UNINITIALIZED
                  2000fe00    00000200     --HOLE--

MODULE SUMMARY

       Module                        code   ro data   rw data
       ------                        ----   -------   -------
    .\
       configuration.obj             860    0         0      
       system_msp432p401r.obj        812    0         8      
       main.obj                      640    0         60     
       midi.obj                      312    0         0      
       message_buffer.obj            282    0         0      
       fake_sqr_wave.obj             268    0         0      
       startup_msp432p401r_ccs.obj   14     228       0      
       uart_put.obj                  96     0         0      
    +--+-----------------------------+------+---------+---------+
       Total:                        3284   228       68     
                                                             
    C:\ti\ccsv6\tools\compiler\arm_15.12.3.LTS\lib\rtsv7M4_T_le_v4SPD16_eabi.lib
       e_pow.obj                     2476   48        0      
       memory.obj                    988    0         24     
       fd_add_t2.obj                 438    0         0      
       e_sqrt.obj                    368    0         0      
       fd_div_t2.obj                 310    0         0      
       fd_cmp_t2.obj                 268    0         0      
       fd_mul_t2.obj                 252    0         0      
       s_scalbn.obj                  252    0         0      
       memcpy_t2.obj                 156    0         0      
       memset_t2.obj                 122    0         0      
       autoinit.obj                  112    0         0      
       copy_decompress_rle.obj       112    0         0      
       fd_tos_t2.obj                 110    0         0      
       exit.obj                      84     0         24     
       boot.obj                      84     0         0      
       cpy_tbl.obj                   76     0         0      
       fs_tod_t2.obj                 56     0         0      
       i_tofd_t2.obj                 46     0         0      
       _lock.obj                     20     0         16     
       memmov.obj                    36     0         0      
       args_main.obj                 24     0         0      
       s_copysign.obj                20     0         0      
       copy_decompress_none.obj      14     0         0      
       errno.obj                     0      0         8      
       stkdepth_vars.obj             0      0         8      
       pre_init.obj                  4      0         0      
       mpu_init.obj                  2      0         0      
       startup.obj                   2      0         0      
    +--+-----------------------------+------+---------+---------+
       Total:                        6432   48        80     
                                                             
       Heap:                         0      0         2048   
       Stack:                        0      0         1024   
       Linker Generated:             0      69        0      
    +--+-----------------------------+------+---------+---------+
       Grand Total:                  9716   345       3220   


LINKER GENERATED COPY TABLES

__TI_cinit_table @ 0000274c records: 2, size/record: 8, table size: 16
	.data: load addr=00002710, load size=00000024 bytes, run addr=20000400, run size=0000002d bytes, compression=rle
	.bss: load addr=00002738, load size=00000009 bytes, run addr=20000430, run size=0000001d bytes, compression=rle


LINKER GENERATED HANDLER TABLE

__TI_handler_table @ 00002744 records: 2, size/record: 4, table size: 8
	index: 0, handler: __TI_decompress_rle24
	index: 1, handler: __TI_decompress_none


GLOBAL SYMBOLS: SORTED ALPHABETICALLY BY Name 

address   name                           
-------   ----                           
000026cf  ADC14_IRQHandler               
000026cf  AES256_IRQHandler              
000026cf  BusFault_Handler               
00002549  C$$EXIT                        
000026cf  COMP_E0_IRQHandler             
000026cf  COMP_E1_IRQHandler             
000026cf  CS_IRQHandler                  
00001683  DMA_ERR_IRQHandler             
00001683  DMA_ERR_IRQHandler             
000026cf  DMA_INT0_IRQHandler            
00001659  DMA_INT1_IRQHandler            
00001659  DMA_INT1_IRQHandler            
000026cf  DMA_INT2_IRQHandler            
000026cf  DMA_INT3_IRQHandler            
000026cf  DebugMon_Handler               
000026cf  Default_Handler                
00001593  EUSCIA0_IRQHandler             
00001593  EUSCIA0_IRQHandler             
000026cf  EUSCIA1_IRQHandler             
000015eb  EUSCIA2_IRQHandler             
000015eb  EUSCIA2_IRQHandler             
000026cf  EUSCIA3_IRQHandler             
00001643  EUSCIB0_IRQHandler             
00001643  EUSCIB0_IRQHandler             
000026cf  EUSCIB1_IRQHandler             
000026cf  EUSCIB2_IRQHandler             
000026cf  EUSCIB3_IRQHandler             
000026cf  FLCTL_IRQHandler               
000026cf  FPU_IRQHandler                 
000026cf  HardFault_Handler              
000026cf  MemManage_Handler              
000026cf  NMI_Handler                    
000026cf  PCM_IRQHandler                 
00001687  PORT1_IRQHandler               
00001687  PORT1_IRQHandler               
000016c3  PORT2_IRQHandler               
000016c3  PORT2_IRQHandler               
000026cf  PORT3_IRQHandler               
000026cf  PORT4_IRQHandler               
000026cf  PORT5_IRQHandler               
000026cf  PORT6_IRQHandler               
000026cf  PSS_IRQHandler                 
000026cf  PendSV_Handler                 
000026cf  RTC_C_IRQHandler               
000026c3  Reset_Handler                  
UNDEFED   SHT$$INIT_ARRAY$$Base          
UNDEFED   SHT$$INIT_ARRAY$$Limit         
000026cf  SVC_Handler                    
000026cf  SysTick_Handler                
20000428  SystemCoreClock                
000011c9  SystemCoreClockUpdate          
0000143d  SystemInit                     
000026cf  T32_INT1_IRQHandler            
000026cf  T32_INT2_IRQHandler            
000026cf  T32_INTC_IRQHandler            
0000166d  TA0_0_IRQHandler               
0000166d  TA0_0_IRQHandler               
000026cf  TA0_N_IRQHandler               
000026cf  TA1_0_IRQHandler               
000026cf  TA1_N_IRQHandler               
000026cf  TA2_0_IRQHandler               
000026cf  TA2_N_IRQHandler               
000026cf  TA3_0_IRQHandler               
000026cf  TA3_N_IRQHandler               
000026cf  UsageFault_Handler             
4000480c  WDTCTL_SYM                     
000026cf  WDT_A_IRQHandler               
20010000  __STACK_END                    
00000200  __STACK_SIZE                   
00000400  __SYSMEM_SIZE                  
0000274c  __TI_CINIT_Base                
0000275c  __TI_CINIT_Limit               
00002744  __TI_Handler_Table_Base        
0000274c  __TI_Handler_Table_Limit       
0000234d  __TI_auto_init                 
20000400  __TI_cleanup_ptr               
000026b5  __TI_decompress_none           
000026d1  __TI_decompress_rle24          
20000404  __TI_dtors_ptr                 
20000408  __TI_enable_exit_profile_output
ffffffff  __TI_pprof_out_hndl            
ffffffff  __TI_prof_data_size            
ffffffff  __TI_prof_data_start           
00000000  __TI_static_base__             
000021c5  __aeabi_cdcmpeq                
000021c5  __aeabi_cdcmple                
0000224b  __aeabi_cdrcmple               
000023bd  __aeabi_d2f                    
0000177f  __aeabi_dadd                   
00001bd5  __aeabi_ddiv                   
00001f31  __aeabi_dmul                   
00001775  __aeabi_dsub                   
000025e9  __aeabi_f2d                    
00002621  __aeabi_i2d                    
000022d1  __aeabi_memclr                 
000022d1  __aeabi_memclr4                
000022d1  __aeabi_memclr8                
00002129  __aeabi_memcpy                 
00002129  __aeabi_memcpy4                
00002129  __aeabi_memcpy8                
000022d3  __aeabi_memset                 
000022d3  __aeabi_memset4                
000022d3  __aeabi_memset8                
ffffffff  __binit__                      
ffffffff  __c_args__                     
0000192b  __mpu_init                     
2000fe00  __stack                        
00002675  _args_main                     
000024f5  _c_int00                       
20000418  _lock                          
0000269b  _nop                           
00002693  _register_lock                 
0000268d  _register_unlock               
20000000  _sys_memory                    
0000234b  _system_post_cinit             
000026d7  _system_pre_init               
2000041c  _unlock                        
0000254d  abort                          
00001d9d  addItemToBuffer                
ffffffff  binit                          
00000e39  calloc                         
20000440  channel1                       
00001d4b  clearBuffer                    
00001027  configure_DMA                  
0000107b  configure_I2C                  
00000f73  configure_UART                 
000010f5  configure_clocks               
00000e91  configure_pins                 
000010b7  configure_timer                
0000259d  copy_in                        
000026a1  copysign                       
000026a1  copysignl                      
20000448  current_message                
20000420  errno                          
00002555  exit                           
00000b87  free                           
00001e25  generateFakeWave               
00001dcf  getItemFromBuffer              
000010cd  i2c_transmit                   
00001d0b  initializeBuffer               
00001a9d  initializeMidi                 
00000000  interruptVectors               
00001d6b  isEmpty                        
00001d81  isFull                         
0000202d  ldexp                          
0000202d  ldexpl                         
000014f5  main                           
20000424  main_func_sp                   
00000b1f  malloc                         
00000d55  memalign                       
00002129  memcpy                         
0000264f  memmove                        
000022d9  memset                         
20000430  message_buf                    
00001aef  midiFrequency                  
00000a91  minit                          
00001b83  noteOff                        
00001b6d  noteOn                         
00001b3f  phaseIncrement                 
000000e5  pow                            
000000e5  powl                           
00000c49  realloc                        
0000202d  scalbn                         
0000202d  scalbnl                        
0000192d  sqrt                           
0000192d  sqrtl                          
2000042c  two_byte_flag                  
000024d7  uart2_putchar                  
000024c3  uart_putchar                   
00002495  uart_putchar_n                 


GLOBAL SYMBOLS: SORTED BY Symbol Address 

address   name                           
-------   ----                           
00000000  __TI_static_base__             
00000000  interruptVectors               
000000e5  pow                            
000000e5  powl                           
00000200  __STACK_SIZE                   
00000400  __SYSMEM_SIZE                  
00000a91  minit                          
00000b1f  malloc                         
00000b87  free                           
00000c49  realloc                        
00000d55  memalign                       
00000e39  calloc                         
00000e91  configure_pins                 
00000f73  configure_UART                 
00001027  configure_DMA                  
0000107b  configure_I2C                  
000010b7  configure_timer                
000010cd  i2c_transmit                   
000010f5  configure_clocks               
000011c9  SystemCoreClockUpdate          
0000143d  SystemInit                     
000014f5  main                           
00001593  EUSCIA0_IRQHandler             
00001593  EUSCIA0_IRQHandler             
000015eb  EUSCIA2_IRQHandler             
000015eb  EUSCIA2_IRQHandler             
00001643  EUSCIB0_IRQHandler             
00001643  EUSCIB0_IRQHandler             
00001659  DMA_INT1_IRQHandler            
00001659  DMA_INT1_IRQHandler            
0000166d  TA0_0_IRQHandler               
0000166d  TA0_0_IRQHandler               
00001683  DMA_ERR_IRQHandler             
00001683  DMA_ERR_IRQHandler             
00001687  PORT1_IRQHandler               
00001687  PORT1_IRQHandler               
000016c3  PORT2_IRQHandler               
000016c3  PORT2_IRQHandler               
00001775  __aeabi_dsub                   
0000177f  __aeabi_dadd                   
0000192b  __mpu_init                     
0000192d  sqrt                           
0000192d  sqrtl                          
00001a9d  initializeMidi                 
00001aef  midiFrequency                  
00001b3f  phaseIncrement                 
00001b6d  noteOn                         
00001b83  noteOff                        
00001bd5  __aeabi_ddiv                   
00001d0b  initializeBuffer               
00001d4b  clearBuffer                    
00001d6b  isEmpty                        
00001d81  isFull                         
00001d9d  addItemToBuffer                
00001dcf  getItemFromBuffer              
00001e25  generateFakeWave               
00001f31  __aeabi_dmul                   
0000202d  ldexp                          
0000202d  ldexpl                         
0000202d  scalbn                         
0000202d  scalbnl                        
00002129  __aeabi_memcpy                 
00002129  __aeabi_memcpy4                
00002129  __aeabi_memcpy8                
00002129  memcpy                         
000021c5  __aeabi_cdcmpeq                
000021c5  __aeabi_cdcmple                
0000224b  __aeabi_cdrcmple               
000022d1  __aeabi_memclr                 
000022d1  __aeabi_memclr4                
000022d1  __aeabi_memclr8                
000022d3  __aeabi_memset                 
000022d3  __aeabi_memset4                
000022d3  __aeabi_memset8                
000022d9  memset                         
0000234b  _system_post_cinit             
0000234d  __TI_auto_init                 
000023bd  __aeabi_d2f                    
00002495  uart_putchar_n                 
000024c3  uart_putchar                   
000024d7  uart2_putchar                  
000024f5  _c_int00                       
00002549  C$$EXIT                        
0000254d  abort                          
00002555  exit                           
0000259d  copy_in                        
000025e9  __aeabi_f2d                    
00002621  __aeabi_i2d                    
0000264f  memmove                        
00002675  _args_main                     
0000268d  _register_unlock               
00002693  _register_lock                 
0000269b  _nop                           
000026a1  copysign                       
000026a1  copysignl                      
000026b5  __TI_decompress_none           
000026c3  Reset_Handler                  
000026cf  ADC14_IRQHandler               
000026cf  AES256_IRQHandler              
000026cf  BusFault_Handler               
000026cf  COMP_E0_IRQHandler             
000026cf  COMP_E1_IRQHandler             
000026cf  CS_IRQHandler                  
000026cf  DMA_INT0_IRQHandler            
000026cf  DMA_INT2_IRQHandler            
000026cf  DMA_INT3_IRQHandler            
000026cf  DebugMon_Handler               
000026cf  Default_Handler                
000026cf  EUSCIA1_IRQHandler             
000026cf  EUSCIA3_IRQHandler             
000026cf  EUSCIB1_IRQHandler             
000026cf  EUSCIB2_IRQHandler             
000026cf  EUSCIB3_IRQHandler             
000026cf  FLCTL_IRQHandler               
000026cf  FPU_IRQHandler                 
000026cf  HardFault_Handler              
000026cf  MemManage_Handler              
000026cf  NMI_Handler                    
000026cf  PCM_IRQHandler                 
000026cf  PORT3_IRQHandler               
000026cf  PORT4_IRQHandler               
000026cf  PORT5_IRQHandler               
000026cf  PORT6_IRQHandler               
000026cf  PSS_IRQHandler                 
000026cf  PendSV_Handler                 
000026cf  RTC_C_IRQHandler               
000026cf  SVC_Handler                    
000026cf  SysTick_Handler                
000026cf  T32_INT1_IRQHandler            
000026cf  T32_INT2_IRQHandler            
000026cf  T32_INTC_IRQHandler            
000026cf  TA0_N_IRQHandler               
000026cf  TA1_0_IRQHandler               
000026cf  TA1_N_IRQHandler               
000026cf  TA2_0_IRQHandler               
000026cf  TA2_N_IRQHandler               
000026cf  TA3_0_IRQHandler               
000026cf  TA3_N_IRQHandler               
000026cf  UsageFault_Handler             
000026cf  WDT_A_IRQHandler               
000026d1  __TI_decompress_rle24          
000026d7  _system_pre_init               
00002744  __TI_Handler_Table_Base        
0000274c  __TI_CINIT_Base                
0000274c  __TI_Handler_Table_Limit       
0000275c  __TI_CINIT_Limit               
20000000  _sys_memory                    
20000400  __TI_cleanup_ptr               
20000404  __TI_dtors_ptr                 
20000408  __TI_enable_exit_profile_output
20000418  _lock                          
2000041c  _unlock                        
20000420  errno                          
20000424  main_func_sp                   
20000428  SystemCoreClock                
2000042c  two_byte_flag                  
20000430  message_buf                    
20000440  channel1                       
20000448  current_message                
2000fe00  __stack                        
20010000  __STACK_END                    
4000480c  WDTCTL_SYM                     
ffffffff  __TI_pprof_out_hndl            
ffffffff  __TI_prof_data_size            
ffffffff  __TI_prof_data_start           
ffffffff  __binit__                      
ffffffff  __c_args__                     
ffffffff  binit                          
UNDEFED   SHT$$INIT_ARRAY$$Base          
UNDEFED   SHT$$INIT_ARRAY$$Limit         

[170 symbols]
