******************************************************************************
                  TI ARM Linker PC v15.12.3                    
******************************************************************************
>> Linked Wed Dec 07 13:53:42 2016

OUTPUT FILE NAME:   <Synth_3.out>
ENTRY POINT SYMBOL: "_c_int00"  address: 000034f1


MEMORY CONFIGURATION

         name            origin    length      used     unused   attr    fill
----------------------  --------  ---------  --------  --------  ----  --------
  MAIN                  00000000   00040000  00003936  0003c6ca  R  X
  INFO                  00200000   00004000  00000000  00004000  R  X
  SRAM_CODE             01000000   00010000  00000649  0000f9b7  RW X
  SRAM_DATA             20000000   00010000  00000649  0000f9b7  RW  


SEGMENT ALLOCATION MAP

run origin  load origin   length   init length attrs members
----------  ----------- ---------- ----------- ----- -------
00000000    00000000    0000393c   0000393c    r-x
  00000000    00000000    000000e4   000000e4    r-- .intvecs
  000000e4    000000e4    0000367e   0000367e    r-x .text
  00003768    00003768    00000188   00000188    r-- .const
  000038f0    000038f0    0000004c   0000004c    r-- .cinit
20000000    20000000    00000449   00000000    rw-
  20000000    20000000    00000400   00000000    rw- .sysmem
  20000400    20000400    0000002c   00000000    rw- .data
  2000042c    2000042c    0000001d   00000000    rw- .bss
2000fe00    2000fe00    00000200   00000000    rw-
  2000fe00    2000fe00    00000200   00000000    rw- .stack


SECTION ALLOCATION MAP

 output                                  attributes/
section   page    origin      length       input sections
--------  ----  ----------  ----------   ----------------
.intvecs   0    00000000    000000e4     
                  00000000    000000e4     startup_msp432p401r_ccs.obj (.intvecs:retain)

.binit     0    00000000    00000000     

.text      0    000000e4    0000367e     
                  000000e4    000009ac     rtsv7M4_T_le_v4SPD16_eabi.lib : e_pow.obj (.text)
                  00000a90    00000740                                   : k_rem_pio2.obj (.text)
                  000011d0    000005d0                                   : s_sin.obj (.text)
                  000017a0    000003dc                                   : memory.obj (.text)
                  00001b7c    0000032c     system_msp432p401r.obj (.text)
                  00001ea8    000002d0     configuration.obj (.text)
                  00002178    000001d8     main.obj (.text)
                  00002350    000001b6     rtsv7M4_T_le_v4SPD16_eabi.lib : fd_add_t2.obj (.text)
                  00002506    00000002                                   : mpu_init.obj (.text)
                  00002508    0000019c     midi.obj (.text)
                  000026a4    00000174     rtsv7M4_T_le_v4SPD16_eabi.lib : k_sin.obj (.text)
                  00002818    00000170                                   : e_sqrt.obj (.text)
                  00002988    0000016c                                   : k_cos.obj (.text)
                  00002af4    00000136                                   : fd_div_t2.obj (.text)
                  00002c2a    0000011a     message_buffer.obj (.text)
                  00002d44    000000fc     rtsv7M4_T_le_v4SPD16_eabi.lib : fd_mul_t2.obj (.text)
                  00002e40    000000fc                                   : s_scalbn.obj (.text)
                  00002f3c    000000f8                                   : s_floor.obj (.text)
                  00003034    000000f0     waveform_generator.obj (.text)
                  00003124    0000009c     rtsv7M4_T_le_v4SPD16_eabi.lib : memcpy_t2.obj (.text)
                  000031c0    00000086                                   : fd_cmp_t2.obj (.text:__aeabi_cdcmple)
                  00003246    00000086                                   : fd_cmp_t2.obj (.text:__aeabi_cdrcmple)
                  000032cc    0000007a                                   : memset_t2.obj (.text)
                  00003346    00000002                                   : startup.obj (.text)
                  00003348    00000070                                   : autoinit.obj (.text)
                  000033b8    0000006e                                   : fd_tos_t2.obj (.text)
                  00003426    0000006a                                   : copy_decompress_rle.obj (.text)
                  00003490    00000060     uart_put.obj (.text)
                  000034f0    00000054     rtsv7M4_T_le_v4SPD16_eabi.lib : boot.obj (.text)
                  00003544    00000054                                   : exit.obj (.text)
                  00003598    0000004c                                   : cpy_tbl.obj (.text)
                  000035e4    00000048                                   : fd_toi_t2.obj (.text)
                  0000362c    00000044                                   : fd_tou_t2.obj (.text)
                  00003670    00000038                                   : fs_tod_t2.obj (.text)
                  000036a8    0000002e                                   : i_tofd_t2.obj (.text)
                  000036d6    00000024                                   : memmov.obj (.text)
                  000036fa    00000002     --HOLE-- [fill = 0]
                  000036fc    00000018                                   : args_main.obj (.text)
                  00003714    00000014                                   : _lock.obj (.text)
                  00003728    00000014                                   : s_copysign.obj (.text)
                  0000373c    0000000e                                   : copy_decompress_none.obj (.text:decompress:none)
                  0000374a    0000000e     startup_msp432p401r_ccs.obj (.text)
                  00003758    00000006     rtsv7M4_T_le_v4SPD16_eabi.lib : copy_decompress_rle.obj (.text:decompress:rle24)
                  0000375e    00000004                                   : pre_init.obj (.text)

.const     0    00003768    00000188     
                  00003768    00000158     rtsv7M4_T_le_v4SPD16_eabi.lib : k_rem_pio2.obj (.const:$O1$$)
                  000038c0    00000030                                   : e_pow.obj (.const:$O1$$)

.cinit     0    000038f0    0000004c     
                  000038f0    00000023     (.cinit..data.load) [load image, compression = rle]
                  00003913    00000005     --HOLE-- [fill = 0]
                  00003918    00000009     (.cinit..bss.load) [load image, compression = rle]
                  00003921    00000003     --HOLE-- [fill = 0]
                  00003924    00000008     (__TI_handler_table)
                  0000392c    00000010     (__TI_cinit_table)

.init_array 
*          0    00000000    00000000     UNINITIALIZED

.sysmem    0    20000000    00000400     UNINITIALIZED
                  20000000    00000008     rtsv7M4_T_le_v4SPD16_eabi.lib : memory.obj (.sysmem)
                  20000008    000003f8     --HOLE--

.data      0    20000400    0000002c     UNINITIALIZED
                  20000400    0000000c     rtsv7M4_T_le_v4SPD16_eabi.lib : exit.obj (.data:$O1$$)
                  2000040c    0000000c                                   : memory.obj (.data:$O1$$)
                  20000418    00000008                                   : _lock.obj (.data:$O1$$)
                  20000420    00000004                                   : errno.obj (.data)
                  20000424    00000004                                   : stkdepth_vars.obj (.data)
                  20000428    00000004     system_msp432p401r.obj (.data)

.bss       0    2000042c    0000001d     UNINITIALIZED
                  2000042c    00000010     (.common:message_buf)
                  2000043c    00000008     (.common:channel1)
                  20000444    00000005     (.common:current_message)

.stack     0    2000fe00    00000200     UNINITIALIZED
                  2000fe00    00000200     --HOLE--

MODULE SUMMARY

       Module                        code    ro data   rw data
       ------                        ----    -------   -------
    .\
       system_msp432p401r.obj        812     0         8      
       configuration.obj             720     0         0      
       main.obj                      472     0         58     
       midi.obj                      412     0         0      
       message_buffer.obj            282     0         0      
       startup_msp432p401r_ccs.obj   14      228       0      
       waveform_generator.obj        240     0         0      
       uart_put.obj                  96      0         0      
    +--+-----------------------------+-------+---------+---------+
       Total:                        3048    228       66     
                                                              
    C:\ti\ccsv6\tools\compiler\arm_15.12.3.LTS\lib\rtsv7M4_T_le_v4SPD16_eabi.lib
       e_pow.obj                     2476    48        0      
       k_rem_pio2.obj                1856    344       0      
       s_sin.obj                     1488    0         0      
       memory.obj                    988     0         24     
       fd_add_t2.obj                 438     0         0      
       k_sin.obj                     372     0         0      
       e_sqrt.obj                    368     0         0      
       k_cos.obj                     364     0         0      
       fd_div_t2.obj                 310     0         0      
       fd_cmp_t2.obj                 268     0         0      
       fd_mul_t2.obj                 252     0         0      
       s_scalbn.obj                  252     0         0      
       s_floor.obj                   248     0         0      
       memcpy_t2.obj                 156     0         0      
       memset_t2.obj                 122     0         0      
       autoinit.obj                  112     0         0      
       copy_decompress_rle.obj       112     0         0      
       fd_tos_t2.obj                 110     0         0      
       exit.obj                      84      0         24     
       boot.obj                      84      0         0      
       cpy_tbl.obj                   76      0         0      
       fd_toi_t2.obj                 72      0         0      
       fd_tou_t2.obj                 68      0         0      
       fs_tod_t2.obj                 56      0         0      
       i_tofd_t2.obj                 46      0         0      
       _lock.obj                     20      0         16     
       memmov.obj                    36      0         0      
       args_main.obj                 24      0         0      
       s_copysign.obj                20      0         0      
       copy_decompress_none.obj      14      0         0      
       errno.obj                     0       0         8      
       stkdepth_vars.obj             0       0         8      
       pre_init.obj                  4       0         0      
       mpu_init.obj                  2       0         0      
       startup.obj                   2       0         0      
    +--+-----------------------------+-------+---------+---------+
       Total:                        10900   392       80     
                                                              
       Heap:                         0       0         2048   
       Stack:                        0       0         1024   
       Linker Generated:             0       68        0      
    +--+-----------------------------+-------+---------+---------+
       Grand Total:                  13948   688       3218   


LINKER GENERATED COPY TABLES

__TI_cinit_table @ 0000392c records: 2, size/record: 8, table size: 16
	.data: load addr=000038f0, load size=00000023 bytes, run addr=20000400, run size=0000002c bytes, compression=rle
	.bss: load addr=00003918, load size=00000009 bytes, run addr=2000042c, run size=0000001d bytes, compression=rle


LINKER GENERATED HANDLER TABLE

__TI_handler_table @ 00003924 records: 2, size/record: 4, table size: 8
	index: 0, handler: __TI_decompress_rle24
	index: 1, handler: __TI_decompress_none


GLOBAL SYMBOLS: SORTED ALPHABETICALLY BY Name 

address   name                           
-------   ----                           
00003757  ADC14_IRQHandler               
00003757  AES256_IRQHandler              
00003757  BusFault_Handler               
00003545  C$$EXIT                        
00003757  COMP_E0_IRQHandler             
00003757  COMP_E1_IRQHandler             
00003757  CS_IRQHandler                  
000022dd  DMA_ERR_IRQHandler             
000022dd  DMA_ERR_IRQHandler             
00003757  DMA_INT0_IRQHandler            
000022c9  DMA_INT1_IRQHandler            
000022c9  DMA_INT1_IRQHandler            
00003757  DMA_INT2_IRQHandler            
00003757  DMA_INT3_IRQHandler            
00003757  DebugMon_Handler               
00003757  Default_Handler                
00002253  EUSCIA0_IRQHandler             
00002253  EUSCIA0_IRQHandler             
00003757  EUSCIA1_IRQHandler             
00002283  EUSCIA2_IRQHandler             
00002283  EUSCIA2_IRQHandler             
00003757  EUSCIA3_IRQHandler             
000022b3  EUSCIB0_IRQHandler             
000022b3  EUSCIB0_IRQHandler             
00003757  EUSCIB1_IRQHandler             
00003757  EUSCIB2_IRQHandler             
00003757  EUSCIB3_IRQHandler             
00003757  FLCTL_IRQHandler               
00003757  FPU_IRQHandler                 
00003757  HardFault_Handler              
00003757  MemManage_Handler              
00003757  NMI_Handler                    
00003757  PCM_IRQHandler                 
000022e1  PORT1_IRQHandler               
000022e1  PORT1_IRQHandler               
00003757  PORT2_IRQHandler               
00003757  PORT3_IRQHandler               
00003757  PORT4_IRQHandler               
00003757  PORT5_IRQHandler               
00003757  PORT6_IRQHandler               
00003757  PSS_IRQHandler                 
00003757  PendSV_Handler                 
00003757  RTC_C_IRQHandler               
0000374b  Reset_Handler                  
UNDEFED   SHT$$INIT_ARRAY$$Base          
UNDEFED   SHT$$INIT_ARRAY$$Limit         
00003757  SVC_Handler                    
00003757  SysTick_Handler                
20000428  SystemCoreClock                
00001b7d  SystemCoreClockUpdate          
00001df1  SystemInit                     
00003757  T32_INT1_IRQHandler            
00003757  T32_INT2_IRQHandler            
00003757  T32_INTC_IRQHandler            
00003757  TA0_0_IRQHandler               
00003757  TA0_N_IRQHandler               
00003757  TA1_0_IRQHandler               
00003757  TA1_N_IRQHandler               
00003757  TA2_0_IRQHandler               
00003757  TA2_N_IRQHandler               
00003757  TA3_0_IRQHandler               
00003757  TA3_N_IRQHandler               
00003757  UsageFault_Handler             
4000480c  WDTCTL_SYM                     
00003757  WDT_A_IRQHandler               
20010000  __STACK_END                    
00000200  __STACK_SIZE                   
00000400  __SYSMEM_SIZE                  
0000392c  __TI_CINIT_Base                
0000393c  __TI_CINIT_Limit               
00003924  __TI_Handler_Table_Base        
0000392c  __TI_Handler_Table_Limit       
00003349  __TI_auto_init                 
20000400  __TI_cleanup_ptr               
0000373d  __TI_decompress_none           
00003759  __TI_decompress_rle24          
20000404  __TI_dtors_ptr                 
20000408  __TI_enable_exit_profile_output
ffffffff  __TI_pprof_out_hndl            
ffffffff  __TI_prof_data_size            
ffffffff  __TI_prof_data_start           
00000000  __TI_static_base__             
000031c1  __aeabi_cdcmpeq                
000031c1  __aeabi_cdcmple                
00003247  __aeabi_cdrcmple               
000033b9  __aeabi_d2f                    
000035e5  __aeabi_d2iz                   
0000362d  __aeabi_d2uiz                  
0000235b  __aeabi_dadd                   
00002af5  __aeabi_ddiv                   
00002d45  __aeabi_dmul                   
00002351  __aeabi_dsub                   
00003671  __aeabi_f2d                    
000036a9  __aeabi_i2d                    
000032cd  __aeabi_memclr                 
000032cd  __aeabi_memclr4                
000032cd  __aeabi_memclr8                
00003125  __aeabi_memcpy                 
00003125  __aeabi_memcpy4                
00003125  __aeabi_memcpy8                
000032cf  __aeabi_memset                 
000032cf  __aeabi_memset4                
000032cf  __aeabi_memset8                
ffffffff  __binit__                      
ffffffff  __c_args__                     
00002989  __kernel_cos                   
00000a91  __kernel_rem_pio2              
000026a5  __kernel_sin                   
00002507  __mpu_init                     
2000fe00  __stack                        
000036fd  _args_main                     
000034f1  _c_int00                       
20000418  _lock                          
00003723  _nop                           
0000371b  _register_lock                 
00003715  _register_unlock               
20000000  _sys_memory                    
00003347  _system_post_cinit             
0000375f  _system_pre_init               
2000041c  _unlock                        
00003549  abort                          
00002cbd  addItemToBuffer                
ffffffff  binit                          
00001b49  calloc                         
2000043c  channel1                       
00002c6b  clearBuffer                    
0000200d  configure_DMA                  
00002061  configure_I2C                  
00001f59  configure_UART                 
000020c5  configure_clocks               
00001ecd  configure_pins                 
00003599  copy_in                        
00003729  copysign                       
00003729  copysignl                      
20000444  current_message                
20000420  errno                          
00003551  exit                           
00002f3d  floor                          
00002f3d  floorl                         
00001897  free                           
00002cef  getItemFromBuffer              
0000209d  i2c_transmit                   
00002c2b  initializeBuffer               
00002509  initializeMidi                 
00000000  interruptVectors               
00002c8b  isEmpty                        
00002ca1  isFull                         
00002e41  ldexp                          
00002e41  ldexpl                         
00002179  main                           
20000424  main_func_sp                   
0000182f  malloc                         
00001a65  memalign                       
00003125  memcpy                         
000036d7  memmove                        
000032d5  memset                         
2000042c  message_buf                    
0000255b  midiFrequency                  
000017a1  minit                          
0000263f  noteOff                        
000025d9  noteOn                         
000025ab  phaseIncrement                 
000000e5  pow                            
000000e5  powl                           
00001959  realloc                        
0000310b  sawWave                        
00002e41  scalbn                         
00002e41  scalbnl                        
000011d1  sin                            
00003091  sineWave                       
000011d1  sinl                           
00002819  sqrt                           
00002819  sqrtl                          
00003035  squareWave                     
0000310f  triangleWave                   
000034d3  uart2_putchar                  
000034bf  uart_putchar                   
00003491  uart_putchar_n                 


GLOBAL SYMBOLS: SORTED BY Symbol Address 

address   name                           
-------   ----                           
00000000  __TI_static_base__             
00000000  interruptVectors               
000000e5  pow                            
000000e5  powl                           
00000200  __STACK_SIZE                   
00000400  __SYSMEM_SIZE                  
00000a91  __kernel_rem_pio2              
000011d1  sin                            
000011d1  sinl                           
000017a1  minit                          
0000182f  malloc                         
00001897  free                           
00001959  realloc                        
00001a65  memalign                       
00001b49  calloc                         
00001b7d  SystemCoreClockUpdate          
00001df1  SystemInit                     
00001ecd  configure_pins                 
00001f59  configure_UART                 
0000200d  configure_DMA                  
00002061  configure_I2C                  
0000209d  i2c_transmit                   
000020c5  configure_clocks               
00002179  main                           
00002253  EUSCIA0_IRQHandler             
00002253  EUSCIA0_IRQHandler             
00002283  EUSCIA2_IRQHandler             
00002283  EUSCIA2_IRQHandler             
000022b3  EUSCIB0_IRQHandler             
000022b3  EUSCIB0_IRQHandler             
000022c9  DMA_INT1_IRQHandler            
000022c9  DMA_INT1_IRQHandler            
000022dd  DMA_ERR_IRQHandler             
000022dd  DMA_ERR_IRQHandler             
000022e1  PORT1_IRQHandler               
000022e1  PORT1_IRQHandler               
00002351  __aeabi_dsub                   
0000235b  __aeabi_dadd                   
00002507  __mpu_init                     
00002509  initializeMidi                 
0000255b  midiFrequency                  
000025ab  phaseIncrement                 
000025d9  noteOn                         
0000263f  noteOff                        
000026a5  __kernel_sin                   
00002819  sqrt                           
00002819  sqrtl                          
00002989  __kernel_cos                   
00002af5  __aeabi_ddiv                   
00002c2b  initializeBuffer               
00002c6b  clearBuffer                    
00002c8b  isEmpty                        
00002ca1  isFull                         
00002cbd  addItemToBuffer                
00002cef  getItemFromBuffer              
00002d45  __aeabi_dmul                   
00002e41  ldexp                          
00002e41  ldexpl                         
00002e41  scalbn                         
00002e41  scalbnl                        
00002f3d  floor                          
00002f3d  floorl                         
00003035  squareWave                     
00003091  sineWave                       
0000310b  sawWave                        
0000310f  triangleWave                   
00003125  __aeabi_memcpy                 
00003125  __aeabi_memcpy4                
00003125  __aeabi_memcpy8                
00003125  memcpy                         
000031c1  __aeabi_cdcmpeq                
000031c1  __aeabi_cdcmple                
00003247  __aeabi_cdrcmple               
000032cd  __aeabi_memclr                 
000032cd  __aeabi_memclr4                
000032cd  __aeabi_memclr8                
000032cf  __aeabi_memset                 
000032cf  __aeabi_memset4                
000032cf  __aeabi_memset8                
000032d5  memset                         
00003347  _system_post_cinit             
00003349  __TI_auto_init                 
000033b9  __aeabi_d2f                    
00003491  uart_putchar_n                 
000034bf  uart_putchar                   
000034d3  uart2_putchar                  
000034f1  _c_int00                       
00003545  C$$EXIT                        
00003549  abort                          
00003551  exit                           
00003599  copy_in                        
000035e5  __aeabi_d2iz                   
0000362d  __aeabi_d2uiz                  
00003671  __aeabi_f2d                    
000036a9  __aeabi_i2d                    
000036d7  memmove                        
000036fd  _args_main                     
00003715  _register_unlock               
0000371b  _register_lock                 
00003723  _nop                           
00003729  copysign                       
00003729  copysignl                      
0000373d  __TI_decompress_none           
0000374b  Reset_Handler                  
00003757  ADC14_IRQHandler               
00003757  AES256_IRQHandler              
00003757  BusFault_Handler               
00003757  COMP_E0_IRQHandler             
00003757  COMP_E1_IRQHandler             
00003757  CS_IRQHandler                  
00003757  DMA_INT0_IRQHandler            
00003757  DMA_INT2_IRQHandler            
00003757  DMA_INT3_IRQHandler            
00003757  DebugMon_Handler               
00003757  Default_Handler                
00003757  EUSCIA1_IRQHandler             
00003757  EUSCIA3_IRQHandler             
00003757  EUSCIB1_IRQHandler             
00003757  EUSCIB2_IRQHandler             
00003757  EUSCIB3_IRQHandler             
00003757  FLCTL_IRQHandler               
00003757  FPU_IRQHandler                 
00003757  HardFault_Handler              
00003757  MemManage_Handler              
00003757  NMI_Handler                    
00003757  PCM_IRQHandler                 
00003757  PORT2_IRQHandler               
00003757  PORT3_IRQHandler               
00003757  PORT4_IRQHandler               
00003757  PORT5_IRQHandler               
00003757  PORT6_IRQHandler               
00003757  PSS_IRQHandler                 
00003757  PendSV_Handler                 
00003757  RTC_C_IRQHandler               
00003757  SVC_Handler                    
00003757  SysTick_Handler                
00003757  T32_INT1_IRQHandler            
00003757  T32_INT2_IRQHandler            
00003757  T32_INTC_IRQHandler            
00003757  TA0_0_IRQHandler               
00003757  TA0_N_IRQHandler               
00003757  TA1_0_IRQHandler               
00003757  TA1_N_IRQHandler               
00003757  TA2_0_IRQHandler               
00003757  TA2_N_IRQHandler               
00003757  TA3_0_IRQHandler               
00003757  TA3_N_IRQHandler               
00003757  UsageFault_Handler             
00003757  WDT_A_IRQHandler               
00003759  __TI_decompress_rle24          
0000375f  _system_pre_init               
00003924  __TI_Handler_Table_Base        
0000392c  __TI_CINIT_Base                
0000392c  __TI_Handler_Table_Limit       
0000393c  __TI_CINIT_Limit               
20000000  _sys_memory                    
20000400  __TI_cleanup_ptr               
20000404  __TI_dtors_ptr                 
20000408  __TI_enable_exit_profile_output
20000418  _lock                          
2000041c  _unlock                        
20000420  errno                          
20000424  main_func_sp                   
20000428  SystemCoreClock                
2000042c  message_buf                    
2000043c  channel1                       
20000444  current_message                
2000fe00  __stack                        
20010000  __STACK_END                    
4000480c  WDTCTL_SYM                     
ffffffff  __TI_pprof_out_hndl            
ffffffff  __TI_prof_data_size            
ffffffff  __TI_prof_data_start           
ffffffff  __binit__                      
ffffffff  __c_args__                     
ffffffff  binit                          
UNDEFED   SHT$$INIT_ARRAY$$Base          
UNDEFED   SHT$$INIT_ARRAY$$Limit         

[178 symbols]
